Oct  4 17:32:38 mpivet-p kernel: klogd 1.5.1, log source = /proc/kmsg started.
Oct  4 17:32:38 mpivet-p kernel: Cannot find map file.
Oct  4 17:32:38 mpivet-p kernel: Loaded 48232 symbols from 1 module.
Oct  4 17:32:38 mpivet-p kernel: [    0.000000] Linux version 4.18.5 (root@salty-VirtualBox) (gcc version 8.2.0 (GCC)) #1 SMP Mon Oct 4 15:50:39 CEST 2021
Oct  4 17:32:38 mpivet-p kernel: [    0.000000] Command line: BOOT_IMAGE=/vmlinuz-4.18.5-mpivet-p root=/dev/sdb1 ro
Oct  4 17:32:38 mpivet-p kernel: [    0.000000] x86/fpu: Supporting XSAVE feature 0x001: 'x87 floating point registers'
Oct  4 17:32:38 mpivet-p kernel: [    0.000000] x86/fpu: Supporting XSAVE feature 0x002: 'SSE registers'
Oct  4 17:32:38 mpivet-p kernel: [    0.000000] x86/fpu: Supporting XSAVE feature 0x004: 'AVX registers'
Oct  4 17:32:38 mpivet-p kernel: [    0.000000] x86/fpu: xstate_offset[2]:  576, xstate_sizes[2]:  256
Oct  4 17:32:38 mpivet-p kernel: [    0.000000] x86/fpu: Enabled xstate features 0x7, context size is 832 bytes, using 'standard' format.
Oct  4 17:32:38 mpivet-p kernel: [    0.000000] BIOS-provided physical RAM map:
Oct  4 17:32:38 mpivet-p kernel: [    0.000000] BIOS-e820: [mem 0x0000000000000000-0x000000000009fbff] usable
Oct  4 17:32:38 mpivet-p kernel: [    0.000000] BIOS-e820: [mem 0x000000000009fc00-0x000000000009ffff] reserved
Oct  4 17:32:38 mpivet-p kernel: [    0.000000] BIOS-e820: [mem 0x00000000000f0000-0x00000000000fffff] reserved
Oct  4 17:32:38 mpivet-p kernel: [    0.000000] BIOS-e820: [mem 0x0000000000100000-0x00000000dffeffff] usable
Oct  4 17:32:38 mpivet-p kernel: [    0.000000] BIOS-e820: [mem 0x00000000dfff0000-0x00000000dfffffff] ACPI data
Oct  4 17:32:38 mpivet-p kernel: [    0.000000] BIOS-e820: [mem 0x00000000fec00000-0x00000000fec00fff] reserved
Oct  4 17:32:38 mpivet-p kernel: [    0.000000] BIOS-e820: [mem 0x00000000fee00000-0x00000000fee00fff] reserved
Oct  4 17:32:38 mpivet-p kernel: [    0.000000] BIOS-e820: [mem 0x00000000fffc0000-0x00000000ffffffff] reserved
Oct  4 17:32:38 mpivet-p kernel: [    0.000000] BIOS-e820: [mem 0x0000000100000000-0x000000011fffffff] usable
Oct  4 17:32:38 mpivet-p kernel: [    0.000000] NX (Execute Disable) protection: active
Oct  4 17:32:38 mpivet-p kernel: [    0.000000] SMBIOS 2.5 present.
Oct  4 17:32:38 mpivet-p kernel: [    0.000000] DMI: innotek GmbH VirtualBox/VirtualBox, BIOS VirtualBox 12/01/2006
Oct  4 17:32:38 mpivet-p kernel: [    0.000000] e820: update [mem 0x00000000-0x00000fff] usable ==> reserved
Oct  4 17:32:38 mpivet-p kernel: [    0.000000] e820: remove [mem 0x000a0000-0x000fffff] usable
Oct  4 17:32:38 mpivet-p kernel: [    0.000000] last_pfn = 0x120000 max_arch_pfn = 0x400000000
Oct  4 17:32:38 mpivet-p kernel: [    0.000000] MTRR default type: uncachable
Oct  4 17:32:38 mpivet-p kernel: [    0.000000] MTRR variable ranges disabled:
Oct  4 17:32:38 mpivet-p kernel: [    0.000000] Disabled
Oct  4 17:32:38 mpivet-p kernel: [    0.000000] x86/PAT: MTRRs disabled, skipping PAT initialization too.
Oct  4 17:32:38 mpivet-p kernel: [    0.000000] CPU MTRRs all blank - virtualized system.
Oct  4 17:32:38 mpivet-p kernel: [    0.000000] x86/PAT: Configuration [0-7]: WB  WT  UC- UC  WB  WT  UC- UC  
Oct  4 17:32:38 mpivet-p kernel: [    0.000000] last_pfn = 0xdfff0 max_arch_pfn = 0x400000000
Oct  4 17:32:38 mpivet-p kernel: [    0.000000] found SMP MP-table at [mem 0x0009fff0-0x0009ffff] mapped at [(____ptrval____)]
Oct  4 17:32:38 mpivet-p kernel: [    0.000000] Scanning 1 areas for low memory corruption
Oct  4 17:32:38 mpivet-p kernel: [    0.000000] Base memory trampoline at [(____ptrval____)] 99000 size 24576
Oct  4 17:32:38 mpivet-p kernel: [    0.000000] BRK [0xa7d0c000, 0xa7d0cfff] PGTABLE
Oct  4 17:32:38 mpivet-p kernel: [    0.000000] BRK [0xa7d0d000, 0xa7d0dfff] PGTABLE
Oct  4 17:32:38 mpivet-p kernel: [    0.000000] BRK [0xa7d0e000, 0xa7d0efff] PGTABLE
Oct  4 17:32:38 mpivet-p kernel: [    0.000000] BRK [0xa7d0f000, 0xa7d0ffff] PGTABLE
Oct  4 17:32:38 mpivet-p kernel: [    0.000000] BRK [0xa7d10000, 0xa7d10fff] PGTABLE
Oct  4 17:32:38 mpivet-p kernel: [    0.000000] ACPI: Early table checksum verification disabled
Oct  4 17:32:38 mpivet-p kernel: [    0.000000] ACPI: RSDP 0x00000000000E0000 000024 (v02 VBOX  )
Oct  4 17:32:38 mpivet-p kernel: [    0.000000] ACPI: XSDT 0x00000000DFFF0030 00003C (v01 VBOX   VBOXXSDT 00000001 ASL  00000061)
Oct  4 17:32:38 mpivet-p kernel: [    0.000000] ACPI: FACP 0x00000000DFFF00F0 0000F4 (v04 VBOX   VBOXFACP 00000001 ASL  00000061)
Oct  4 17:32:38 mpivet-p kernel: [    0.000000] ACPI: DSDT 0x00000000DFFF0470 002325 (v02 VBOX   VBOXBIOS 00000002 INTL 20120111)
Oct  4 17:32:38 mpivet-p kernel: [    0.000000] ACPI: FACS 0x00000000DFFF0200 000040
Oct  4 17:32:38 mpivet-p kernel: [    0.000000] ACPI: FACS 0x00000000DFFF0200 000040
Oct  4 17:32:38 mpivet-p kernel: [    0.000000] ACPI: APIC 0x00000000DFFF0240 000054 (v02 VBOX   VBOXAPIC 00000001 ASL  00000061)
Oct  4 17:32:38 mpivet-p kernel: [    0.000000] ACPI: SSDT 0x00000000DFFF02A0 0001CC (v01 VBOX   VBOXCPUT 00000002 INTL 20120111)
Oct  4 17:32:38 mpivet-p kernel: [    0.000000] ACPI: Local APIC address 0xfee00000
Oct  4 17:32:38 mpivet-p kernel: [    0.000000] No NUMA configuration found
Oct  4 17:32:38 mpivet-p kernel: [    0.000000] Faking a node at [mem 0x0000000000000000-0x000000011fffffff]
Oct  4 17:32:38 mpivet-p kernel: [    0.000000] NODE_DATA(0) allocated [mem 0x11fff8000-0x11fffbfff]
Oct  4 17:32:38 mpivet-p kernel: [    0.000000] tsc: Fast TSC calibration failed
Oct  4 17:32:38 mpivet-p kernel: [    0.000000] tsc: Unable to calibrate against PIT
Oct  4 17:32:38 mpivet-p kernel: [    0.000000] tsc: No reference (HPET/PMTIMER) available
Oct  4 17:32:38 mpivet-p kernel: [    0.000000] Zone ranges:
Oct  4 17:32:38 mpivet-p kernel: [    0.000000]   DMA      [mem 0x0000000000001000-0x0000000000ffffff]
Oct  4 17:32:38 mpivet-p kernel: [    0.000000]   DMA32    [mem 0x0000000001000000-0x00000000ffffffff]
Oct  4 17:32:38 mpivet-p kernel: [    0.000000]   Normal   [mem 0x0000000100000000-0x000000011fffffff]
Oct  4 17:32:38 mpivet-p kernel: [    0.000000] Movable zone start for each node
Oct  4 17:32:38 mpivet-p kernel: [    0.000000] Early memory node ranges
Oct  4 17:32:38 mpivet-p kernel: [    0.000000]   node   0: [mem 0x0000000000001000-0x000000000009efff]
Oct  4 17:32:38 mpivet-p kernel: [    0.000000]   node   0: [mem 0x0000000000100000-0x00000000dffeffff]
Oct  4 17:32:38 mpivet-p kernel: [    0.000000]   node   0: [mem 0x0000000100000000-0x000000011fffffff]
Oct  4 17:32:38 mpivet-p kernel: [    0.000000] Reserved but unavailable: 114 pages
Oct  4 17:32:38 mpivet-p kernel: [    0.000000] Initmem setup node 0 [mem 0x0000000000001000-0x000000011fffffff]
Oct  4 17:32:38 mpivet-p kernel: [    0.000000] On node 0 totalpages: 1048462
Oct  4 17:32:38 mpivet-p kernel: [    0.000000]   DMA zone: 64 pages used for memmap
Oct  4 17:32:38 mpivet-p kernel: [    0.000000]   DMA zone: 21 pages reserved
Oct  4 17:32:38 mpivet-p kernel: [    0.000000]   DMA zone: 3998 pages, LIFO batch:0
Oct  4 17:32:38 mpivet-p kernel: [    0.000000]   DMA32 zone: 14272 pages used for memmap
Oct  4 17:32:38 mpivet-p kernel: [    0.000000]   DMA32 zone: 913392 pages, LIFO batch:31
Oct  4 17:32:38 mpivet-p kernel: [    0.000000]   Normal zone: 2048 pages used for memmap
Oct  4 17:32:38 mpivet-p kernel: [    0.000000]   Normal zone: 131072 pages, LIFO batch:31
Oct  4 17:32:38 mpivet-p kernel: [    0.000000] ACPI: PM-Timer IO Port: 0x4008
Oct  4 17:32:38 mpivet-p kernel: [    0.000000] ACPI: Local APIC address 0xfee00000
Oct  4 17:32:38 mpivet-p kernel: [    0.000000] IOAPIC[0]: apic_id 1, version 32, address 0xfec00000, GSI 0-23
Oct  4 17:32:38 mpivet-p kernel: [    0.000000] ACPI: INT_SRC_OVR (bus 0 bus_irq 0 global_irq 2 dfl dfl)
Oct  4 17:32:38 mpivet-p kernel: [    0.000000] ACPI: INT_SRC_OVR (bus 0 bus_irq 9 global_irq 9 low level)
Oct  4 17:32:38 mpivet-p kernel: [    0.000000] ACPI: IRQ0 used by override.
Oct  4 17:32:38 mpivet-p kernel: [    0.000000] ACPI: IRQ9 used by override.
Oct  4 17:32:38 mpivet-p kernel: [    0.000000] Using ACPI (MADT) for SMP configuration information
Oct  4 17:32:38 mpivet-p kernel: [    0.000000] smpboot: Allowing 1 CPUs, 0 hotplug CPUs
Oct  4 17:32:38 mpivet-p kernel: [    0.000000] PM: Registered nosave memory: [mem 0x00000000-0x00000fff]
Oct  4 17:32:38 mpivet-p kernel: [    0.000000] PM: Registered nosave memory: [mem 0x0009f000-0x0009ffff]
Oct  4 17:32:38 mpivet-p kernel: [    0.000000] PM: Registered nosave memory: [mem 0x000a0000-0x000effff]
Oct  4 17:32:38 mpivet-p kernel: [    0.000000] PM: Registered nosave memory: [mem 0x000f0000-0x000fffff]
Oct  4 17:32:38 mpivet-p kernel: [    0.000000] PM: Registered nosave memory: [mem 0xdfff0000-0xdfffffff]
Oct  4 17:32:38 mpivet-p kernel: [    0.000000] PM: Registered nosave memory: [mem 0xe0000000-0xfebfffff]
Oct  4 17:32:38 mpivet-p kernel: [    0.000000] PM: Registered nosave memory: [mem 0xfec00000-0xfec00fff]
Oct  4 17:32:38 mpivet-p kernel: [    0.000000] PM: Registered nosave memory: [mem 0xfec01000-0xfedfffff]
Oct  4 17:32:38 mpivet-p kernel: [    0.000000] PM: Registered nosave memory: [mem 0xfee00000-0xfee00fff]
Oct  4 17:32:38 mpivet-p kernel: [    0.000000] PM: Registered nosave memory: [mem 0xfee01000-0xfffbffff]
Oct  4 17:32:38 mpivet-p kernel: [    0.000000] PM: Registered nosave memory: [mem 0xfffc0000-0xffffffff]
Oct  4 17:32:38 mpivet-p kernel: [    0.000000] [mem 0xe0000000-0xfebfffff] available for PCI devices
Oct  4 17:32:38 mpivet-p kernel: [    0.000000] clocksource: refined-jiffies: mask: 0xffffffff max_cycles: 0xffffffff, max_idle_ns: 1910969940391419 ns
Oct  4 17:32:38 mpivet-p kernel: [    0.000000] random: get_random_bytes called from start_kernel+0x8a/0x49b with crng_init=0
Oct  4 17:32:38 mpivet-p kernel: [    0.000000] setup_percpu: NR_CPUS:64 nr_cpumask_bits:64 nr_cpu_ids:1 nr_node_ids:1
Oct  4 17:32:38 mpivet-p kernel: [    0.000000] percpu: Embedded 43 pages/cpu @(____ptrval____) s137944 r8192 d29992 u2097152
Oct  4 17:32:38 mpivet-p kernel: [    0.000000] pcpu-alloc: s137944 r8192 d29992 u2097152 alloc=1*2097152
Oct  4 17:32:38 mpivet-p kernel: [    0.000000] pcpu-alloc: [0] 0 
Oct  4 17:32:38 mpivet-p kernel: [    0.000000] Built 1 zonelists, mobility grouping on.  Total pages: 1032057
Oct  4 17:32:38 mpivet-p kernel: [    0.000000] Policy zone: Normal
Oct  4 17:32:38 mpivet-p kernel: [    0.000000] Kernel command line: BOOT_IMAGE=/vmlinuz-4.18.5-mpivet-p root=/dev/sdb1 ro
Oct  4 17:32:38 mpivet-p kernel: [    0.000000] Calgary: detecting Calgary via BIOS EBDA area
Oct  4 17:32:38 mpivet-p kernel: [    0.000000] Calgary: Unable to locate Rio Grande table in EBDA - bailing!
Oct  4 17:32:38 mpivet-p kernel: [    0.000000] Memory: 4036320K/4193848K available (12300K kernel code, 1297K rwdata, 3128K rodata, 1240K init, 604K bss, 157528K reserved, 0K cma-reserved)
Oct  4 17:32:38 mpivet-p kernel: [    0.000000] SLUB: HWalign=64, Order=0-3, MinObjects=0, CPUs=1, Nodes=1
Oct  4 17:32:38 mpivet-p kernel: [    0.000000] Kernel/User page tables isolation: enabled
Oct  4 17:32:38 mpivet-p kernel: [    0.000000] Hierarchical RCU implementation.
Oct  4 17:32:38 mpivet-p kernel: [    0.000000] ^IRCU event tracing is enabled.
Oct  4 17:32:38 mpivet-p kernel: [    0.000000] ^IRCU restricting CPUs from NR_CPUS=64 to nr_cpu_ids=1.
Oct  4 17:32:38 mpivet-p kernel: [    0.000000] RCU: Adjusting geometry for rcu_fanout_leaf=16, nr_cpu_ids=1
Oct  4 17:32:38 mpivet-p kernel: [    0.000000] NR_IRQS: 4352, nr_irqs: 256, preallocated irqs: 16
Oct  4 17:32:38 mpivet-p kernel: [    0.000000] Console: colour VGA+ 80x25
Oct  4 17:32:38 mpivet-p kernel: [    0.000000] console [tty0] enabled
Oct  4 17:32:38 mpivet-p kernel: [    0.000000] ACPI: Core revision 20180531
Oct  4 17:32:38 mpivet-p kernel: [    0.000000] APIC: Switch to symmetric I/O mode setup
Oct  4 17:32:38 mpivet-p kernel: [    0.000000] ..TIMER: vector=0x30 apic1=0 pin1=2 apic2=-1 pin2=-1
Oct  4 17:32:38 mpivet-p kernel: [    0.014000] tsc: Unable to calibrate against PIT
Oct  4 17:32:38 mpivet-p kernel: [    0.014000] tsc: using PMTIMER reference calibration
Oct  4 17:32:38 mpivet-p kernel: [    0.014000] tsc: Detected 2893.369 MHz processor
Oct  4 17:32:38 mpivet-p kernel: [    0.014000] clocksource: tsc-early: mask: 0xffffffffffffffff max_cycles: 0x29b4cb4815b, max_idle_ns: 440795286771 ns
Oct  4 17:32:38 mpivet-p kernel: [    0.014000] Calibrating delay loop (skipped), value calculated using timer frequency.. 5786.73 BogoMIPS (lpj=2893369)
Oct  4 17:32:38 mpivet-p kernel: [    0.014000] pid_max: default: 32768 minimum: 301
Oct  4 17:32:38 mpivet-p kernel: [    0.014000] Security Framework initialized
Oct  4 17:32:38 mpivet-p kernel: [    0.014000] SELinux:  Initializing.
Oct  4 17:32:38 mpivet-p kernel: [    0.014000] SELinux:  Starting in permissive mode
Oct  4 17:32:38 mpivet-p kernel: [    0.017753] Dentry cache hash table entries: 524288 (order: 10, 4194304 bytes)
Oct  4 17:32:38 mpivet-p kernel: [    0.018938] Inode-cache hash table entries: 262144 (order: 9, 2097152 bytes)
Oct  4 17:32:38 mpivet-p kernel: [    0.019000] Mount-cache hash table entries: 8192 (order: 4, 65536 bytes)
Oct  4 17:32:38 mpivet-p kernel: [    0.019169] Mountpoint-cache hash table entries: 8192 (order: 4, 65536 bytes)
Oct  4 17:32:38 mpivet-p kernel: [    0.019680] mce: CPU supports 0 MCE banks
Oct  4 17:32:38 mpivet-p kernel: [    0.019938] process: using mwait in idle threads
Oct  4 17:32:38 mpivet-p kernel: [    0.020000] Last level iTLB entries: 4KB 512, 2MB 8, 4MB 8
Oct  4 17:32:38 mpivet-p kernel: [    0.020000] Last level dTLB entries: 4KB 512, 2MB 32, 4MB 32, 1GB 0
Oct  4 17:32:38 mpivet-p kernel: [    0.020000] Spectre V2 : Mitigation: Full generic retpoline
Oct  4 17:32:38 mpivet-p kernel: [    0.020000] Spectre V2 : Spectre v2 / SpectreRSB mitigation: Filling RSB on context switch
Oct  4 17:32:38 mpivet-p kernel: [    0.020000] Speculative Store Bypass: Vulnerable
Oct  4 17:32:38 mpivet-p kernel: [    0.044873] Freeing SMP alternatives memory: 40K
Oct  4 17:32:38 mpivet-p kernel: [    0.046000] APIC calibration not consistent with PM-Timer: 127ms instead of 100ms
Oct  4 17:32:38 mpivet-p kernel: [    0.046000] APIC delta adjusted to PM-Timer: 6250018 (7998660)
Oct  4 17:32:38 mpivet-p kernel: [    0.046000] smpboot: CPU0: Intel(R) Core(TM) i5-3470S CPU @ 2.90GHz (family: 0x6, model: 0x3a, stepping: 0x9)
Oct  4 17:32:38 mpivet-p kernel: [    0.046000] Performance Events: unsupported p6 CPU model 58 no PMU driver, software events only.
Oct  4 17:32:38 mpivet-p kernel: [    0.046000] Hierarchical SRCU implementation.
Oct  4 17:32:38 mpivet-p kernel: [    0.046000] smp: Bringing up secondary CPUs ...
Oct  4 17:32:38 mpivet-p kernel: [    0.046000] smp: Brought up 1 node, 1 CPU
Oct  4 17:32:38 mpivet-p kernel: [    0.046000] smpboot: Max logical packages: 1
Oct  4 17:32:38 mpivet-p kernel: [    0.046000] smpboot: Total of 1 processors activated (5786.73 BogoMIPS)
Oct  4 17:32:38 mpivet-p kernel: [    0.046000] devtmpfs: initialized
Oct  4 17:32:38 mpivet-p kernel: [    0.048759] clocksource: jiffies: mask: 0xffffffff max_cycles: 0xffffffff, max_idle_ns: 1911260446275000 ns
Oct  4 17:32:38 mpivet-p kernel: [    0.049007] futex hash table entries: 256 (order: 2, 16384 bytes)
Oct  4 17:32:38 mpivet-p kernel: [    0.049325] RTC time: 15:32:09, date: 10/04/21
Oct  4 17:32:38 mpivet-p kernel: [    0.049624] NET: Registered protocol family 16
Oct  4 17:32:38 mpivet-p kernel: [    0.049905] audit: initializing netlink subsys (disabled)
Oct  4 17:32:38 mpivet-p kernel: [    0.050000] kworker/u2:0 (18) used greatest stack depth: 14712 bytes left
Oct  4 17:32:38 mpivet-p kernel: [    0.050000] cpuidle: using governor menu
Oct  4 17:32:38 mpivet-p kernel: [    0.050000] ACPI: bus type PCI registered
Oct  4 17:32:38 mpivet-p kernel: [    0.050000] PCI: Using configuration type 1 for base access
Oct  4 17:32:38 mpivet-p kernel: [    0.051039] audit: type=2000 audit(1633361529.049:1): state=initialized audit_enabled=0 res=1
Oct  4 17:32:38 mpivet-p kernel: [    0.052114] kworker/u2:0 (22) used greatest stack depth: 14232 bytes left
Oct  4 17:32:38 mpivet-p kernel: [    0.061175] HugeTLB registered 2.00 MiB page size, pre-allocated 0 pages
Oct  4 17:32:38 mpivet-p kernel: [    0.061639] ACPI: Added _OSI(Module Device)
Oct  4 17:32:38 mpivet-p kernel: [    0.061863] ACPI: Added _OSI(Processor Device)
Oct  4 17:32:38 mpivet-p kernel: [    0.062000] ACPI: Added _OSI(3.0 _SCP Extensions)
Oct  4 17:32:38 mpivet-p kernel: [    0.062000] ACPI: Added _OSI(Processor Aggregator Device)
Oct  4 17:32:38 mpivet-p kernel: [    0.062000] ACPI: Added _OSI(Linux-Dell-Video)
Oct  4 17:32:38 mpivet-p kernel: [    0.075111] ACPI: 2 ACPI AML tables successfully acquired and loaded
Oct  4 17:32:38 mpivet-p kernel: [    0.077142] ACPI: Interpreter enabled
Oct  4 17:32:38 mpivet-p kernel: [    0.077366] ACPI: (supports S0 S5)
Oct  4 17:32:38 mpivet-p kernel: [    0.077562] ACPI: Using IOAPIC for interrupt routing
Oct  4 17:32:38 mpivet-p kernel: [    0.077951] PCI: Using host bridge windows from ACPI; if necessary, use "pci=nocrs" and report a bug
Oct  4 17:32:38 mpivet-p kernel: [    0.078000] ACPI: Enabled 2 GPEs in block 00 to 07
Oct  4 17:32:38 mpivet-p kernel: [    0.083941] ACPI: PCI Root Bridge [PCI0] (domain 0000 [bus 00-ff])
Oct  4 17:32:38 mpivet-p kernel: [    0.084000] acpi PNP0A03:00: _OSC: OS supports [ASPM ClockPM Segments MSI]
Oct  4 17:32:38 mpivet-p kernel: [    0.084299] acpi PNP0A03:00: _OSC: not requesting OS control; OS requires [ExtendedConfig ASPM ClockPM MSI]
Oct  4 17:32:38 mpivet-p kernel: [    0.084738] acpi PNP0A03:00: fail to add MMCONFIG information, can't access extended PCI configuration space under this bridge.
Oct  4 17:32:38 mpivet-p kernel: [    0.086138] PCI host bridge to bus 0000:00
Oct  4 17:32:38 mpivet-p kernel: [    0.086357] pci_bus 0000:00: root bus resource [io  0x0000-0x0cf7 window]
Oct  4 17:32:38 mpivet-p kernel: [    0.086646] pci_bus 0000:00: root bus resource [io  0x0d00-0xffff window]
Oct  4 17:32:38 mpivet-p kernel: [    0.086937] pci_bus 0000:00: root bus resource [mem 0x000a0000-0x000bffff window]
Oct  4 17:32:38 mpivet-p kernel: [    0.087000] pci_bus 0000:00: root bus resource [mem 0xe0000000-0xfdffffff window]
Oct  4 17:32:38 mpivet-p kernel: [    0.087000] pci_bus 0000:00: root bus resource [bus 00-ff]
Oct  4 17:32:38 mpivet-p kernel: [    0.087000] pci 0000:00:00.0: [8086:1237] type 00 class 0x060000
Oct  4 17:32:38 mpivet-p kernel: [    0.088945] pci 0000:00:01.0: [8086:7000] type 00 class 0x060100
Oct  4 17:32:38 mpivet-p kernel: [    0.090304] pci 0000:00:01.1: [8086:7111] type 00 class 0x01018a
Oct  4 17:32:38 mpivet-p kernel: [    0.091024] pci 0000:00:01.1: reg 0x20: [io  0xd000-0xd00f]
Oct  4 17:32:38 mpivet-p kernel: [    0.091323] pci 0000:00:01.1: legacy IDE quirk: reg 0x10: [io  0x01f0-0x01f7]
Oct  4 17:32:38 mpivet-p kernel: [    0.091654] pci 0000:00:01.1: legacy IDE quirk: reg 0x14: [io  0x03f6]
Oct  4 17:32:38 mpivet-p kernel: [    0.091973] pci 0000:00:01.1: legacy IDE quirk: reg 0x18: [io  0x0170-0x0177]
Oct  4 17:32:38 mpivet-p kernel: [    0.092000] pci 0000:00:01.1: legacy IDE quirk: reg 0x1c: [io  0x0376]
Oct  4 17:32:38 mpivet-p kernel: [    0.103495] pci 0000:00:02.0: [15ad:0405] type 00 class 0x030000
Oct  4 17:32:38 mpivet-p kernel: [    0.106294] pci 0000:00:02.0: reg 0x10: [io  0xd010-0xd01f]
Oct  4 17:32:38 mpivet-p kernel: [    0.108780] pci 0000:00:02.0: reg 0x14: [mem 0xe0000000-0xe0ffffff pref]
Oct  4 17:32:38 mpivet-p kernel: [    0.111251] pci 0000:00:02.0: reg 0x18: [mem 0xf0000000-0xf01fffff]
Oct  4 17:32:38 mpivet-p kernel: [    0.121928] pci 0000:00:03.0: [8086:100e] type 00 class 0x020000
Oct  4 17:32:38 mpivet-p kernel: [    0.123639] pci 0000:00:03.0: reg 0x10: [mem 0xf0200000-0xf021ffff]
Oct  4 17:32:38 mpivet-p kernel: [    0.128071] pci 0000:00:03.0: reg 0x18: [io  0xd020-0xd027]
Oct  4 17:32:38 mpivet-p kernel: [    0.138040] pci 0000:00:04.0: [80ee:cafe] type 00 class 0x088000
Oct  4 17:32:38 mpivet-p kernel: [    0.139609] pci 0000:00:04.0: reg 0x10: [io  0xd040-0xd05f]
Oct  4 17:32:38 mpivet-p kernel: [    0.142553] pci 0000:00:04.0: reg 0x14: [mem 0xf0400000-0xf07fffff]
Oct  4 17:32:38 mpivet-p kernel: [    0.144477] pci 0000:00:04.0: reg 0x18: [mem 0xf0800000-0xf0803fff pref]
Oct  4 17:32:38 mpivet-p kernel: [    0.153658] pci 0000:00:05.0: [8086:2415] type 00 class 0x040100
Oct  4 17:32:38 mpivet-p kernel: [    0.153931] pci 0000:00:05.0: reg 0x10: [io  0xd100-0xd1ff]
Oct  4 17:32:38 mpivet-p kernel: [    0.154115] pci 0000:00:05.0: reg 0x14: [io  0xd200-0xd23f]
Oct  4 17:32:38 mpivet-p kernel: [    0.155429] pci 0000:00:06.0: [106b:003f] type 00 class 0x0c0310
Oct  4 17:32:38 mpivet-p kernel: [    0.157188] pci 0000:00:06.0: reg 0x10: [mem 0xf0804000-0xf0804fff]
Oct  4 17:32:38 mpivet-p kernel: [    0.169825] pci 0000:00:07.0: [8086:7113] type 00 class 0x068000
Oct  4 17:32:38 mpivet-p kernel: [    0.170588] pci 0000:00:07.0: quirk: [io  0x4000-0x403f] claimed by PIIX4 ACPI
Oct  4 17:32:38 mpivet-p kernel: [    0.171000] pci 0000:00:07.0: quirk: [io  0x4100-0x410f] claimed by PIIX4 SMB
Oct  4 17:32:38 mpivet-p kernel: [    0.172445] pci 0000:00:0b.0: [8086:265c] type 00 class 0x0c0320
Oct  4 17:32:38 mpivet-p kernel: [    0.174699] pci 0000:00:0b.0: reg 0x10: [mem 0xf0805000-0xf0805fff]
Oct  4 17:32:38 mpivet-p kernel: [    0.199110] pci 0000:00:0d.0: [8086:2829] type 00 class 0x010601
Oct  4 17:32:38 mpivet-p kernel: [    0.201266] pci 0000:00:0d.0: reg 0x10: [io  0xd240-0xd247]
Oct  4 17:32:38 mpivet-p kernel: [    0.203462] pci 0000:00:0d.0: reg 0x14: [io  0xd248-0xd24b]
Oct  4 17:32:38 mpivet-p kernel: [    0.205391] pci 0000:00:0d.0: reg 0x18: [io  0xd250-0xd257]
Oct  4 17:32:38 mpivet-p kernel: [    0.207372] pci 0000:00:0d.0: reg 0x1c: [io  0xd258-0xd25b]
Oct  4 17:32:38 mpivet-p kernel: [    0.209293] pci 0000:00:0d.0: reg 0x20: [io  0xd260-0xd26f]
Oct  4 17:32:38 mpivet-p kernel: [    0.211056] pci 0000:00:0d.0: reg 0x24: [mem 0xf0806000-0xf0807fff]
Oct  4 17:32:38 mpivet-p kernel: [    0.216183] ACPI: PCI Interrupt Link [LNKA] (IRQs 5 9 10 *11)
Oct  4 17:32:38 mpivet-p kernel: [    0.216704] ACPI: PCI Interrupt Link [LNKB] (IRQs 5 9 *10 11)
Oct  4 17:32:38 mpivet-p kernel: [    0.217136] ACPI: PCI Interrupt Link [LNKC] (IRQs 5 *9 10 11)
Oct  4 17:32:38 mpivet-p kernel: [    0.217537] ACPI: PCI Interrupt Link [LNKD] (IRQs 5 9 10 *11)
Oct  4 17:32:38 mpivet-p kernel: [    0.218143] pci 0000:00:02.0: vgaarb: setting as boot VGA device
Oct  4 17:32:38 mpivet-p kernel: [    0.218428] pci 0000:00:02.0: vgaarb: VGA device added: decodes=io+mem,owns=io+mem,locks=none
Oct  4 17:32:38 mpivet-p kernel: [    0.218857] pci 0000:00:02.0: vgaarb: bridge control possible
Oct  4 17:32:38 mpivet-p kernel: [    0.219000] vgaarb: loaded
Oct  4 17:32:38 mpivet-p kernel: [    0.219000] SCSI subsystem initialized
Oct  4 17:32:38 mpivet-p kernel: [    0.219000] libata version 3.00 loaded.
Oct  4 17:32:38 mpivet-p kernel: [    0.219000] ACPI: bus type USB registered
Oct  4 17:32:38 mpivet-p kernel: [    0.219000] usbcore: registered new interface driver usbfs
Oct  4 17:32:38 mpivet-p kernel: [    0.219000] usbcore: registered new interface driver hub
Oct  4 17:32:38 mpivet-p kernel: [    0.219000] usbcore: registered new device driver usb
Oct  4 17:32:38 mpivet-p kernel: [    0.219000] pps_core: LinuxPPS API ver. 1 registered
Oct  4 17:32:38 mpivet-p kernel: [    0.219000] pps_core: Software ver. 5.3.6 - Copyright 2005-2007 Rodolfo Giometti <giometti@linux.it>
Oct  4 17:32:38 mpivet-p kernel: [    0.219000] PTP clock support registered
Oct  4 17:32:38 mpivet-p kernel: [    0.222150] EDAC MC: Ver: 3.0.0
Oct  4 17:32:38 mpivet-p kernel: [    0.222855] Advanced Linux Sound Architecture Driver Initialized.
Oct  4 17:32:38 mpivet-p kernel: [    0.223000] PCI: Using ACPI for IRQ routing
Oct  4 17:32:38 mpivet-p kernel: [    0.223000] PCI: pci_cache_line_size set to 64 bytes
Oct  4 17:32:38 mpivet-p kernel: [    0.224102] e820: reserve RAM buffer [mem 0x0009fc00-0x0009ffff]
Oct  4 17:32:38 mpivet-p kernel: [    0.224107] e820: reserve RAM buffer [mem 0xdfff0000-0xdfffffff]
Oct  4 17:32:38 mpivet-p kernel: [    0.224364] NetLabel: Initializing
Oct  4 17:32:38 mpivet-p kernel: [    0.224565] NetLabel:  domain hash size = 128
Oct  4 17:32:38 mpivet-p kernel: [    0.224788] NetLabel:  protocols = UNLABELED CIPSOv4 CALIPSO
Oct  4 17:32:38 mpivet-p kernel: [    0.225000] NetLabel:  unlabeled traffic allowed by default
Oct  4 17:32:38 mpivet-p kernel: [    0.225000] clocksource: Switched to clocksource tsc-early
Oct  4 17:32:38 mpivet-p kernel: [    0.231543] VFS: Disk quotas dquot_6.6.0
Oct  4 17:32:38 mpivet-p kernel: [    0.232275] VFS: Dquot-cache hash table entries: 512 (order 0, 4096 bytes)
Oct  4 17:32:38 mpivet-p kernel: [    0.267347] pnp: PnP ACPI init
Oct  4 17:32:38 mpivet-p kernel: [    0.267676] pnp 00:00: Plug and Play ACPI device, IDs PNP0303 (active)
Oct  4 17:32:38 mpivet-p kernel: [    0.267689] pnp 00:01: Plug and Play ACPI device, IDs PNP0f03 (active)
Oct  4 17:32:38 mpivet-p kernel: [    0.268729] pnp: PnP ACPI: found 2 devices
Oct  4 17:32:38 mpivet-p kernel: [    0.275497] clocksource: acpi_pm: mask: 0xffffff max_cycles: 0xffffff, max_idle_ns: 2085701024 ns
Oct  4 17:32:38 mpivet-p kernel: [    0.277394] pci_bus 0000:00: resource 4 [io  0x0000-0x0cf7 window]
Oct  4 17:32:38 mpivet-p kernel: [    0.277395] pci_bus 0000:00: resource 5 [io  0x0d00-0xffff window]
Oct  4 17:32:38 mpivet-p kernel: [    0.277397] pci_bus 0000:00: resource 6 [mem 0x000a0000-0x000bffff window]
Oct  4 17:32:38 mpivet-p kernel: [    0.277398] pci_bus 0000:00: resource 7 [mem 0xe0000000-0xfdffffff window]
Oct  4 17:32:38 mpivet-p kernel: [    0.277436] NET: Registered protocol family 2
Oct  4 17:32:38 mpivet-p kernel: [    0.277781] tcp_listen_portaddr_hash hash table entries: 2048 (order: 3, 32768 bytes)
Oct  4 17:32:38 mpivet-p kernel: [    0.278246] TCP established hash table entries: 32768 (order: 6, 262144 bytes)
Oct  4 17:32:38 mpivet-p kernel: [    0.278752] TCP bind hash table entries: 32768 (order: 7, 524288 bytes)
Oct  4 17:32:38 mpivet-p kernel: [    0.279154] TCP: Hash tables configured (established 32768 bind 32768)
Oct  4 17:32:38 mpivet-p kernel: [    0.279502] UDP hash table entries: 2048 (order: 4, 65536 bytes)
Oct  4 17:32:38 mpivet-p kernel: [    0.279745] UDP-Lite hash table entries: 2048 (order: 4, 65536 bytes)
Oct  4 17:32:38 mpivet-p kernel: [    0.279745] NET: Registered protocol family 1
Oct  4 17:32:38 mpivet-p kernel: [    0.279745] RPC: Registered named UNIX socket transport module.
Oct  4 17:32:38 mpivet-p kernel: [    0.279745] RPC: Registered udp transport module.
Oct  4 17:32:38 mpivet-p kernel: [    0.279745] RPC: Registered tcp transport module.
Oct  4 17:32:38 mpivet-p kernel: [    0.279745] RPC: Registered tcp NFSv4.1 backchannel transport module.
Oct  4 17:32:38 mpivet-p kernel: [    0.279745] pci 0000:00:00.0: Limiting direct PCI/PCI transfers
Oct  4 17:32:38 mpivet-p kernel: [    0.282360] pci 0000:00:01.0: Activating ISA DMA hang workarounds
Oct  4 17:32:38 mpivet-p kernel: [    0.282686] pci 0000:00:02.0: Video device with shadowed ROM at [mem 0x000c0000-0x000dffff]
Oct  4 17:32:38 mpivet-p kernel: [    0.285253] PCI: CLS 0 bytes, default 64
Oct  4 17:32:38 mpivet-p kernel: [    0.285284] PCI-DMA: Using software bounce buffering for IO (SWIOTLB)
Oct  4 17:32:38 mpivet-p kernel: [    0.285572] software IO TLB [mem 0xdbff0000-0xdfff0000] (64MB) mapped at [(____ptrval____)-(____ptrval____)]
Oct  4 17:32:38 mpivet-p kernel: [    0.285589] RAPL PMU: API unit is 2^-32 Joules, 3 fixed counters, 10737418240 ms ovfl timer
Oct  4 17:32:38 mpivet-p kernel: [    0.285589] RAPL PMU: hw unit of domain pp0-core 2^-0 Joules
Oct  4 17:32:38 mpivet-p kernel: [    0.285589] RAPL PMU: hw unit of domain package 2^-0 Joules
Oct  4 17:32:38 mpivet-p kernel: [    0.285589] RAPL PMU: hw unit of domain pp1-gpu 2^-0 Joules
Oct  4 17:32:38 mpivet-p kernel: [    0.321697] platform rtc_cmos: registered platform RTC device (no PNP device found)
Oct  4 17:32:38 mpivet-p kernel: [    0.322278] Scanning for low memory corruption every 60 seconds
Oct  4 17:32:38 mpivet-p kernel: [    0.323099] Initialise system trusted keyrings
Oct  4 17:32:38 mpivet-p kernel: [    0.323570] workingset: timestamp_bits=56 max_order=20 bucket_order=0
Oct  4 17:32:38 mpivet-p kernel: [    0.328218] NFS: Registering the id_resolver key type
Oct  4 17:32:38 mpivet-p kernel: [    0.328522] Key type id_resolver registered
Oct  4 17:32:38 mpivet-p kernel: [    0.328915] Key type id_legacy registered
Oct  4 17:32:38 mpivet-p kernel: [    0.329377] SELinux:  Registering netfilter hooks
Oct  4 17:32:38 mpivet-p kernel: [    0.330343] Key type asymmetric registered
Oct  4 17:32:38 mpivet-p kernel: [    0.330575] Asymmetric key parser 'x509' registered
Oct  4 17:32:38 mpivet-p kernel: [    0.330596] Block layer SCSI generic (bsg) driver version 0.4 loaded (major 251)
Oct  4 17:32:38 mpivet-p kernel: [    0.330596] io scheduler noop registered
Oct  4 17:32:38 mpivet-p kernel: [    0.330596] io scheduler deadline registered
Oct  4 17:32:38 mpivet-p kernel: [    0.330596] io scheduler cfq registered (default)
Oct  4 17:32:38 mpivet-p kernel: [    0.330596] io scheduler mq-deadline registered
Oct  4 17:32:38 mpivet-p kernel: [    0.332241] io scheduler kyber registered
Oct  4 17:32:38 mpivet-p kernel: [    0.332914] ACPI: AC Adapter [AC] (on-line)
Oct  4 17:32:38 mpivet-p kernel: [    0.333228] input: Power Button as /devices/LNXSYSTM:00/LNXPWRBN:00/input/input0
Oct  4 17:32:38 mpivet-p kernel: [    0.333590] ACPI: Power Button [PWRF]
Oct  4 17:32:38 mpivet-p kernel: [    0.333847] input: Sleep Button as /devices/LNXSYSTM:00/LNXSLPBN:00/input/input1
Oct  4 17:32:38 mpivet-p kernel: [    0.334111] ACPI: Sleep Button [SLPF]
Oct  4 17:32:38 mpivet-p kernel: [    0.334452] ACPI: Video Device [GFX0] (multi-head: yes  rom: no  post: no)
Oct  4 17:32:38 mpivet-p kernel: [    0.334799] input: Video Bus as /devices/LNXSYSTM:00/LNXSYBUS:00/PNP0A03:00/LNXVIDEO:00/input/input2
Oct  4 17:32:38 mpivet-p kernel: [    0.335956] Serial: 8250/16550 driver, 4 ports, IRQ sharing enabled
Oct  4 17:32:38 mpivet-p kernel: [    0.336570] Non-volatile memory driver v1.3
Oct  4 17:32:38 mpivet-p kernel: [    0.336591] Linux agpgart interface v0.103
Oct  4 17:32:38 mpivet-p kernel: [    0.338809] loop: module loaded
Oct  4 17:32:38 mpivet-p kernel: [    0.339153] ahci 0000:00:0d.0: version 3.0
Oct  4 17:32:38 mpivet-p kernel: [    0.339747] ahci 0000:00:0d.0: SSS flag set, parallel bus scan disabled
Oct  4 17:32:38 mpivet-p kernel: [    0.340517] ahci 0000:00:0d.0: AHCI 0001.0100 32 slots 2 ports 3 Gbps 0x3 impl SATA mode
Oct  4 17:32:38 mpivet-p kernel: [    0.340590] ahci 0000:00:0d.0: flags: 64bit ncq stag only ccc 
Oct  4 17:32:38 mpivet-p kernel: [    0.376562] scsi host0: ahci
Oct  4 17:32:38 mpivet-p kernel: [    0.376820] scsi host1: ahci
Oct  4 17:32:38 mpivet-p kernel: [    0.377049] ata1: SATA max UDMA/133 abar m8192@0xf0806000 port 0xf0806100 irq 21
Oct  4 17:32:38 mpivet-p kernel: [    0.377444] ata2: SATA max UDMA/133 abar m8192@0xf0806000 port 0xf0806180 irq 21
Oct  4 17:32:38 mpivet-p kernel: [    0.377840] ata_piix 0000:00:01.1: version 2.13
Oct  4 17:32:38 mpivet-p kernel: [    0.378835] scsi host2: ata_piix
Oct  4 17:32:38 mpivet-p kernel: [    0.379134] scsi host3: ata_piix
Oct  4 17:32:38 mpivet-p kernel: [    0.379363] ata3: PATA max UDMA/33 cmd 0x1f0 ctl 0x3f6 bmdma 0xd000 irq 14
Oct  4 17:32:38 mpivet-p kernel: [    0.379601] ata4: PATA max UDMA/33 cmd 0x170 ctl 0x376 bmdma 0xd008 irq 15
Oct  4 17:32:38 mpivet-p kernel: [    0.379601] e100: Intel(R) PRO/100 Network Driver, 3.5.24-k2-NAPI
Oct  4 17:32:38 mpivet-p kernel: [    0.379601] e100: Copyright(c) 1999-2006 Intel Corporation
Oct  4 17:32:38 mpivet-p kernel: [    0.379601] e1000: Intel(R) PRO/1000 Network Driver - version 7.3.21-k8-NAPI
Oct  4 17:32:38 mpivet-p kernel: [    0.379601] e1000: Copyright (c) 1999-2006 Intel Corporation.
Oct  4 17:32:38 mpivet-p kernel: [    0.578579] ata4.00: ATAPI: VBOX CD-ROM, 1.0, max UDMA/133
Oct  4 17:32:38 mpivet-p kernel: [    0.767055] ata1: SATA link up 3.0 Gbps (SStatus 123 SControl 300)
Oct  4 17:32:38 mpivet-p kernel: [    0.767635] ata1.00: ATA-6: VBOX HARDDISK, 1.0, max UDMA/133
Oct  4 17:32:38 mpivet-p kernel: [    0.767922] ata1.00: 52256320 sectors, multi 128: LBA48 NCQ (depth 32)
Oct  4 17:32:38 mpivet-p kernel: [    0.773417] ata1.00: configured for UDMA/133
Oct  4 17:32:38 mpivet-p kernel: [    0.773593] scsi 0:0:0:0: Direct-Access     ATA      VBOX HARDDISK    1.0  PQ: 0 ANSI: 5
Oct  4 17:32:38 mpivet-p kernel: [    0.774633] sd 0:0:0:0: Attached scsi generic sg0 type 0
Oct  4 17:32:38 mpivet-p kernel: [    0.775238] sd 0:0:0:0: [sda] 52256320 512-byte logical blocks: (26.8 GB/24.9 GiB)
Oct  4 17:32:38 mpivet-p kernel: [    0.775609] sd 0:0:0:0: [sda] Write Protect is off
Oct  4 17:32:38 mpivet-p kernel: [    0.775609] sd 0:0:0:0: [sda] Mode Sense: 00 3a 00 00
Oct  4 17:32:38 mpivet-p kernel: [    0.775609] sd 0:0:0:0: [sda] Write cache: enabled, read cache: enabled, doesn't support DPO or FUA
Oct  4 17:32:38 mpivet-p kernel: [    0.781913]  sda: sda1
Oct  4 17:32:38 mpivet-p kernel: [    0.782299] sd 0:0:0:0: [sda] Attached SCSI disk
Oct  4 17:32:38 mpivet-p kernel: [    0.913597] e1000 0000:00:03.0 eth0: (PCI:33MHz:32-bit) 08:00:27:40:2b:9a
Oct  4 17:32:38 mpivet-p kernel: [    0.913651] e1000 0000:00:03.0 eth0: Intel(R) PRO/1000 Network Connection
Oct  4 17:32:38 mpivet-p kernel: [    0.913651] e1000e: Intel(R) PRO/1000 Network Driver - 3.2.6-k
Oct  4 17:32:38 mpivet-p kernel: [    0.913651] e1000e: Copyright(c) 1999 - 2015 Intel Corporation.
Oct  4 17:32:38 mpivet-p kernel: [    0.914643] sky2: driver version 1.30
Oct  4 17:32:38 mpivet-p kernel: [    0.915018] ehci_hcd: USB 2.0 'Enhanced' Host Controller (EHCI) Driver
Oct  4 17:32:38 mpivet-p kernel: [    0.915300] ehci-pci: EHCI PCI platform driver
Oct  4 17:32:38 mpivet-p kernel: [    0.916031] ehci-pci 0000:00:0b.0: EHCI Host Controller
Oct  4 17:32:38 mpivet-p kernel: [    0.916330] ehci-pci 0000:00:0b.0: new USB bus registered, assigned bus number 1
Oct  4 17:32:38 mpivet-p kernel: [    0.952019] ehci-pci 0000:00:0b.0: irq 19, io mem 0xf0805000
Oct  4 17:32:38 mpivet-p kernel: [    0.958633] ehci-pci 0000:00:0b.0: USB 2.0 started, EHCI 1.00
Oct  4 17:32:38 mpivet-p kernel: [    0.958977] usb usb1: New USB device found, idVendor=1d6b, idProduct=0002, bcdDevice= 4.18
Oct  4 17:32:38 mpivet-p kernel: [    0.959366] usb usb1: New USB device strings: Mfr=3, Product=2, SerialNumber=1
Oct  4 17:32:38 mpivet-p kernel: [    0.959613] usb usb1: Product: EHCI Host Controller
Oct  4 17:32:38 mpivet-p kernel: [    0.959613] usb usb1: Manufacturer: Linux 4.18.5 ehci_hcd
Oct  4 17:32:38 mpivet-p kernel: [    0.959613] usb usb1: SerialNumber: 0000:00:0b.0
Oct  4 17:32:38 mpivet-p kernel: [    0.959613] hub 1-0:1.0: USB hub found
Oct  4 17:32:38 mpivet-p kernel: [    0.959613] hub 1-0:1.0: 12 ports detected
Oct  4 17:32:38 mpivet-p kernel: [    0.962238] ohci_hcd: USB 1.1 'Open' Host Controller (OHCI) Driver
Oct  4 17:32:38 mpivet-p kernel: [    0.962701] ohci-pci: OHCI PCI platform driver
Oct  4 17:32:38 mpivet-p kernel: [    0.964162] ohci-pci 0000:00:06.0: OHCI PCI host controller
Oct  4 17:32:38 mpivet-p kernel: [    0.964544] ohci-pci 0000:00:06.0: new USB bus registered, assigned bus number 2
Oct  4 17:32:38 mpivet-p kernel: [    0.964858] ohci-pci 0000:00:06.0: irq 22, io mem 0xf0804000
Oct  4 17:32:38 mpivet-p kernel: [    1.046094] usb usb2: New USB device found, idVendor=1d6b, idProduct=0001, bcdDevice= 4.18
Oct  4 17:32:38 mpivet-p kernel: [    1.046519] usb usb2: New USB device strings: Mfr=3, Product=2, SerialNumber=1
Oct  4 17:32:38 mpivet-p kernel: [    1.046627] usb usb2: Product: OHCI PCI host controller
Oct  4 17:32:38 mpivet-p kernel: [    1.046627] usb usb2: Manufacturer: Linux 4.18.5 ohci_hcd
Oct  4 17:32:38 mpivet-p kernel: [    1.046627] usb usb2: SerialNumber: 0000:00:06.0
Oct  4 17:32:38 mpivet-p kernel: [    1.046627] hub 2-0:1.0: USB hub found
Oct  4 17:32:38 mpivet-p kernel: [    1.046627] hub 2-0:1.0: 12 ports detected
Oct  4 17:32:38 mpivet-p kernel: [    1.049043] uhci_hcd: USB Universal Host Controller Interface driver
Oct  4 17:32:38 mpivet-p kernel: [    1.049391] usbcore: registered new interface driver usblp
Oct  4 17:32:38 mpivet-p kernel: [    1.049598] usbcore: registered new interface driver usb-storage
Oct  4 17:32:38 mpivet-p kernel: [    1.049598] i8042: PNP: PS/2 Controller [PNP0303:PS2K,PNP0f03:PS2M] at 0x60,0x64 irq 1,12
Oct  4 17:32:38 mpivet-p kernel: [    1.051062] serio: i8042 KBD port at 0x60,0x64 irq 1
Oct  4 17:32:38 mpivet-p kernel: [    1.051319] serio: i8042 AUX port at 0x60,0x64 irq 12
Oct  4 17:32:38 mpivet-p kernel: [    1.051803] input: AT Translated Set 2 keyboard as /devices/platform/i8042/serio0/input/input3
Oct  4 17:32:38 mpivet-p kernel: [    1.054195] rtc_cmos rtc_cmos: registered as rtc0
Oct  4 17:32:38 mpivet-p kernel: [    1.054478] rtc_cmos rtc_cmos: alarms up to one day, 114 bytes nvram
Oct  4 17:32:38 mpivet-p kernel: [    1.054827] device-mapper: ioctl: 4.39.0-ioctl (2018-04-03) initialised: dm-devel@redhat.com
Oct  4 17:32:38 mpivet-p kernel: [    1.055293] hidraw: raw HID events driver (C) Jiri Kosina
Oct  4 17:32:38 mpivet-p kernel: [    1.056238] usbcore: registered new interface driver usbhid
Oct  4 17:32:38 mpivet-p kernel: [    1.056524] usbhid: USB HID core driver
Oct  4 17:32:38 mpivet-p kernel: [    1.057216] Initializing XFRM netlink socket
Oct  4 17:32:38 mpivet-p kernel: [    1.057733] NET: Registered protocol family 10
Oct  4 17:32:38 mpivet-p kernel: [    1.058408] Segment Routing with IPv6
Oct  4 17:32:38 mpivet-p kernel: [    1.058603] sit: IPv6, IPv4 and MPLS over IPv4 tunneling driver
Oct  4 17:32:38 mpivet-p kernel: [    1.058603] NET: Registered protocol family 17
Oct  4 17:32:38 mpivet-p kernel: [    1.058603] Key type dns_resolver registered
Oct  4 17:32:38 mpivet-p kernel: [    1.058603] sched_clock: Marking stable (1057603566, 0)->(1269769197, -212165631)
Oct  4 17:32:38 mpivet-p kernel: [    1.060825] registered taskstats version 1
Oct  4 17:32:38 mpivet-p kernel: [    1.061054] Loading compiled-in X.509 certificates
Oct  4 17:32:38 mpivet-p kernel: [    1.061304] Unable to create integrity sysfs dir: -19
Oct  4 17:32:38 mpivet-p kernel: [    1.061708]   Magic number: 9:393:537
Oct  4 17:32:38 mpivet-p kernel: [    1.061954] console [netcon0] enabled
Oct  4 17:32:38 mpivet-p kernel: [    1.062164] netconsole: network logging started
Oct  4 17:32:38 mpivet-p kernel: [    1.062443] cfg80211: Loading compiled-in X.509 certificates for regulatory database
Oct  4 17:32:38 mpivet-p kernel: [    1.063121] cfg80211: Loaded X.509 cert 'sforshee: 00b28ddf47aef9cea7'
Oct  4 17:32:38 mpivet-p kernel: [    1.063411] ALSA device list:
Oct  4 17:32:38 mpivet-p kernel: [    1.063617]   No soundcards found.
Oct  4 17:32:38 mpivet-p kernel: [    1.098658] platform regulatory.0: Direct firmware load for regulatory.db failed with error -2
Oct  4 17:32:38 mpivet-p kernel: [    1.099113] cfg80211: failed to load regulatory.db
Oct  4 17:32:38 mpivet-p kernel: [    1.223702] ata2: SATA link up 3.0 Gbps (SStatus 123 SControl 300)
Oct  4 17:32:38 mpivet-p kernel: [    1.224182] ata2.00: ATA-6: VBOX HARDDISK, 1.0, max UDMA/133
Oct  4 17:32:38 mpivet-p kernel: [    1.224461] ata2.00: 48234496 sectors, multi 128: LBA48 NCQ (depth 32)
Oct  4 17:32:38 mpivet-p kernel: [    1.225634] ata2.00: configured for UDMA/133
Oct  4 17:32:38 mpivet-p kernel: [    1.225947] scsi 1:0:0:0: Direct-Access     ATA      VBOX HARDDISK    1.0  PQ: 0 ANSI: 5
Oct  4 17:32:38 mpivet-p kernel: [    1.226586] sd 1:0:0:0: [sdb] 48234496 512-byte logical blocks: (24.7 GB/23.0 GiB)
Oct  4 17:32:38 mpivet-p kernel: [    1.227006] sd 1:0:0:0: [sdb] Write Protect is off
Oct  4 17:32:38 mpivet-p kernel: [    1.227262] sd 1:0:0:0: [sdb] Mode Sense: 00 3a 00 00
Oct  4 17:32:38 mpivet-p kernel: [    1.227277] sd 1:0:0:0: Attached scsi generic sg1 type 0
Oct  4 17:32:38 mpivet-p kernel: [    1.227592] sd 1:0:0:0: [sdb] Write cache: enabled, read cache: enabled, doesn't support DPO or FUA
Oct  4 17:32:38 mpivet-p kernel: [    1.228759] scsi 3:0:0:0: CD-ROM            VBOX     CD-ROM           1.0  PQ: 0 ANSI: 5
Oct  4 17:32:38 mpivet-p kernel: [    1.269156] sr 3:0:0:0: [sr0] scsi3-mmc drive: 32x/32x xa/form2 tray
Oct  4 17:32:38 mpivet-p kernel: [    1.269471] cdrom: Uniform CD-ROM driver Revision: 3.20
Oct  4 17:32:38 mpivet-p kernel: [    1.269859] sr 3:0:0:0: Attached scsi CD-ROM sr0
Oct  4 17:32:38 mpivet-p kernel: [    1.270425] sr 3:0:0:0: Attached scsi generic sg2 type 5
Oct  4 17:32:38 mpivet-p kernel: [    1.277673]  sdb: sdb1 sdb2 sdb3 sdb4 sdb5
Oct  4 17:32:38 mpivet-p kernel: [    1.278308] sd 1:0:0:0: [sdb] Attached SCSI disk
Oct  4 17:32:38 mpivet-p kernel: [    1.357936] random: fast init done
Oct  4 17:32:38 mpivet-p kernel: [    1.359938] input: ImExPS/2 Generic Explorer Mouse as /devices/platform/i8042/serio1/input/input5
Oct  4 17:32:38 mpivet-p kernel: [    1.360549] md: Waiting for all devices to be available before autodetect
Oct  4 17:32:38 mpivet-p kernel: [    1.360912] md: If you don't use raid, use raid=noautodetect
Oct  4 17:32:38 mpivet-p kernel: [    1.361207] tsc: Refined TSC clocksource calibration: 2893.407 MHz
Oct  4 17:32:38 mpivet-p kernel: [    1.361632] clocksource: tsc: mask: 0xffffffffffffffff max_cycles: 0x29b4eef41a6, max_idle_ns: 440795231367 ns
Oct  4 17:32:38 mpivet-p kernel: [    1.362136] clocksource: Switched to clocksource tsc
Oct  4 17:32:38 mpivet-p kernel: [    1.362374] md: Autodetecting RAID arrays.
Oct  4 17:32:38 mpivet-p kernel: [    1.362647] md: autorun ...
Oct  4 17:32:38 mpivet-p kernel: [    1.362933] md: ... autorun DONE.
Oct  4 17:32:38 mpivet-p kernel: [    1.414595] EXT4-fs (sdb1): mounted filesystem with ordered data mode. Opts: (null)
Oct  4 17:32:38 mpivet-p kernel: [    1.415083] VFS: Mounted root (ext4 filesystem) readonly on device 8:17.
Oct  4 17:32:38 mpivet-p kernel: [    1.465495] devtmpfs: mounted
Oct  4 17:32:38 mpivet-p kernel: [    1.466480] Freeing unused kernel image memory: 1240K
Oct  4 17:32:38 mpivet-p kernel: [    1.468118] Write protecting the kernel read-only data: 18432k
Oct  4 17:32:38 mpivet-p kernel: [    1.468905] Freeing unused kernel image memory: 2004K
Oct  4 17:32:38 mpivet-p kernel: [    1.469284] Freeing unused kernel image memory: 968K
Oct  4 17:32:38 mpivet-p kernel: [    1.571058] usb 2-1: new full-speed USB device number 2 using ohci-pci
Oct  4 17:32:38 mpivet-p kernel: [    1.844300] usb 2-1: New USB device found, idVendor=80ee, idProduct=0021, bcdDevice= 1.00
Oct  4 17:32:38 mpivet-p kernel: [    1.844739] usb 2-1: New USB device strings: Mfr=1, Product=3, SerialNumber=0
Oct  4 17:32:38 mpivet-p kernel: [    1.845067] usb 2-1: Product: USB Tablet
Oct  4 17:32:38 mpivet-p kernel: [    1.845294] usb 2-1: Manufacturer: VirtualBox
Oct  4 17:32:38 mpivet-p kernel: [    1.857014] input: VirtualBox USB Tablet as /devices/pci0000:00/0000:00:06.0/usb2/2-1/2-1:1.0/0003:80EE:0021.0001/input/input6
Oct  4 17:32:38 mpivet-p kernel: [    1.858400] hid-generic 0003:80EE:0021.0001: input,hidraw0: USB HID v1.10 Mouse [VirtualBox USB Tablet] on usb-0000:00:06.0-1/input0
Oct  4 17:32:38 mpivet-p kernel: [    2.519161] random: crng init done
Oct  4 17:32:38 mpivet-p kernel: [    2.595834] stty (1058) used greatest stack depth: 13888 bytes left
Oct  4 17:32:38 mpivet-p kernel: [    3.313686] date (1075) used greatest stack depth: 13624 bytes left
Oct  4 17:32:38 mpivet-p kernel: [    4.035463] ip (1116) used greatest stack depth: 13560 bytes left
Oct  4 17:32:38 mpivet-p kernel: [    4.036658] ip (1118) used greatest stack depth: 12528 bytes left
Oct  4 17:32:38 mpivet-p kernel: <30>[    4.315694] udevd[1148]: starting version 3.2.5
Oct  4 17:32:38 mpivet-p kernel: <30>[    4.687283] udevd[1149]: starting eudev-3.2.5
Oct  4 17:32:38 mpivet-p kernel: [    5.299317] e1000 0000:00:03.0 enp0s3: renamed from eth0
Oct  4 17:32:38 mpivet-p kernel: [    6.209258] Adding 1048572k swap on /dev/sdb3.  Priority:1 extents:1 across:1048572k 
Oct  4 17:32:38 mpivet-p kernel: [    6.256744] EXT4-fs (sdb1): re-mounted. Opts: (null)
Oct  4 17:32:38 mpivet-p kernel: [    6.651130] EXT4-fs (sdb1): re-mounted. Opts: (null)
Oct  4 17:41:05 mpivet-p kernel: [  535.283427] EXT4-fs (sdb2): mounted filesystem with ordered data mode. Opts: (null)
Oct  4 17:43:43 mpivet-p kernel: Kernel logging (proc) stopped.
Oct  4 17:43:43 mpivet-p kernel: Kernel log daemon terminating.
Oct  4 17:46:12 mpivet-p kernel: klogd 1.5.1, log source = /proc/kmsg started.
Oct  4 17:46:12 mpivet-p kernel: Cannot find map file.
Oct  4 17:46:12 mpivet-p kernel: Loaded 48232 symbols from 1 module.
Oct  4 17:46:12 mpivet-p kernel: [    0.000000] Linux version 4.18.5 (root@salty-VirtualBox) (gcc version 8.2.0 (GCC)) #1 SMP Mon Oct 4 15:50:39 CEST 2021
Oct  4 17:46:12 mpivet-p kernel: [    0.000000] Command line: BOOT_IMAGE=/vmlinuz-4.18.5-mpivet-p root=/dev/sdb1 rw
Oct  4 17:46:12 mpivet-p kernel: [    0.000000] x86/fpu: Supporting XSAVE feature 0x001: 'x87 floating point registers'
Oct  4 17:46:12 mpivet-p kernel: [    0.000000] x86/fpu: Supporting XSAVE feature 0x002: 'SSE registers'
Oct  4 17:46:12 mpivet-p kernel: [    0.000000] x86/fpu: Supporting XSAVE feature 0x004: 'AVX registers'
Oct  4 17:46:12 mpivet-p kernel: [    0.000000] x86/fpu: xstate_offset[2]:  576, xstate_sizes[2]:  256
Oct  4 17:46:12 mpivet-p kernel: [    0.000000] x86/fpu: Enabled xstate features 0x7, context size is 832 bytes, using 'standard' format.
Oct  4 17:46:12 mpivet-p kernel: [    0.000000] BIOS-provided physical RAM map:
Oct  4 17:46:12 mpivet-p kernel: [    0.000000] BIOS-e820: [mem 0x0000000000000000-0x000000000009fbff] usable
Oct  4 17:46:12 mpivet-p kernel: [    0.000000] BIOS-e820: [mem 0x000000000009fc00-0x000000000009ffff] reserved
Oct  4 17:46:12 mpivet-p kernel: [    0.000000] BIOS-e820: [mem 0x00000000000f0000-0x00000000000fffff] reserved
Oct  4 17:46:12 mpivet-p kernel: [    0.000000] BIOS-e820: [mem 0x0000000000100000-0x00000000dffeffff] usable
Oct  4 17:46:12 mpivet-p kernel: [    0.000000] BIOS-e820: [mem 0x00000000dfff0000-0x00000000dfffffff] ACPI data
Oct  4 17:46:12 mpivet-p kernel: [    0.000000] BIOS-e820: [mem 0x00000000fec00000-0x00000000fec00fff] reserved
Oct  4 17:46:12 mpivet-p kernel: [    0.000000] BIOS-e820: [mem 0x00000000fee00000-0x00000000fee00fff] reserved
Oct  4 17:46:12 mpivet-p kernel: [    0.000000] BIOS-e820: [mem 0x00000000fffc0000-0x00000000ffffffff] reserved
Oct  4 17:46:12 mpivet-p kernel: [    0.000000] BIOS-e820: [mem 0x0000000100000000-0x000000011fffffff] usable
Oct  4 17:46:12 mpivet-p kernel: [    0.000000] NX (Execute Disable) protection: active
Oct  4 17:46:12 mpivet-p kernel: [    0.000000] SMBIOS 2.5 present.
Oct  4 17:46:12 mpivet-p kernel: [    0.000000] DMI: innotek GmbH VirtualBox/VirtualBox, BIOS VirtualBox 12/01/2006
Oct  4 17:46:12 mpivet-p kernel: [    0.000000] e820: update [mem 0x00000000-0x00000fff] usable ==> reserved
Oct  4 17:46:12 mpivet-p kernel: [    0.000000] e820: remove [mem 0x000a0000-0x000fffff] usable
Oct  4 17:46:12 mpivet-p kernel: [    0.000000] last_pfn = 0x120000 max_arch_pfn = 0x400000000
Oct  4 17:46:12 mpivet-p kernel: [    0.000000] MTRR default type: uncachable
Oct  4 17:46:12 mpivet-p kernel: [    0.000000] MTRR variable ranges disabled:
Oct  4 17:46:12 mpivet-p kernel: [    0.000000] Disabled
Oct  4 17:46:12 mpivet-p kernel: [    0.000000] x86/PAT: MTRRs disabled, skipping PAT initialization too.
Oct  4 17:46:12 mpivet-p kernel: [    0.000000] CPU MTRRs all blank - virtualized system.
Oct  4 17:46:12 mpivet-p kernel: [    0.000000] x86/PAT: Configuration [0-7]: WB  WT  UC- UC  WB  WT  UC- UC  
Oct  4 17:46:12 mpivet-p kernel: [    0.000000] last_pfn = 0xdfff0 max_arch_pfn = 0x400000000
Oct  4 17:46:12 mpivet-p kernel: [    0.000000] found SMP MP-table at [mem 0x0009fff0-0x0009ffff] mapped at [(____ptrval____)]
Oct  4 17:46:12 mpivet-p kernel: [    0.000000] Scanning 1 areas for low memory corruption
Oct  4 17:46:12 mpivet-p kernel: [    0.000000] Base memory trampoline at [(____ptrval____)] 99000 size 24576
Oct  4 17:46:12 mpivet-p kernel: [    0.000000] BRK [0x13b0c000, 0x13b0cfff] PGTABLE
Oct  4 17:46:12 mpivet-p kernel: [    0.000000] BRK [0x13b0d000, 0x13b0dfff] PGTABLE
Oct  4 17:46:12 mpivet-p kernel: [    0.000000] BRK [0x13b0e000, 0x13b0efff] PGTABLE
Oct  4 17:46:12 mpivet-p kernel: [    0.000000] BRK [0x13b0f000, 0x13b0ffff] PGTABLE
Oct  4 17:46:12 mpivet-p kernel: [    0.000000] BRK [0x13b10000, 0x13b10fff] PGTABLE
Oct  4 17:46:12 mpivet-p kernel: [    0.000000] ACPI: Early table checksum verification disabled
Oct  4 17:46:12 mpivet-p kernel: [    0.000000] ACPI: RSDP 0x00000000000E0000 000024 (v02 VBOX  )
Oct  4 17:46:12 mpivet-p kernel: [    0.000000] ACPI: XSDT 0x00000000DFFF0030 00003C (v01 VBOX   VBOXXSDT 00000001 ASL  00000061)
Oct  4 17:46:12 mpivet-p kernel: [    0.000000] ACPI: FACP 0x00000000DFFF00F0 0000F4 (v04 VBOX   VBOXFACP 00000001 ASL  00000061)
Oct  4 17:46:12 mpivet-p kernel: [    0.000000] ACPI: DSDT 0x00000000DFFF0470 002325 (v02 VBOX   VBOXBIOS 00000002 INTL 20120111)
Oct  4 17:46:12 mpivet-p kernel: [    0.000000] ACPI: FACS 0x00000000DFFF0200 000040
Oct  4 17:46:12 mpivet-p kernel: [    0.000000] ACPI: FACS 0x00000000DFFF0200 000040
Oct  4 17:46:12 mpivet-p kernel: [    0.000000] ACPI: APIC 0x00000000DFFF0240 000054 (v02 VBOX   VBOXAPIC 00000001 ASL  00000061)
Oct  4 17:46:12 mpivet-p kernel: [    0.000000] ACPI: SSDT 0x00000000DFFF02A0 0001CC (v01 VBOX   VBOXCPUT 00000002 INTL 20120111)
Oct  4 17:46:12 mpivet-p kernel: [    0.000000] ACPI: Local APIC address 0xfee00000
Oct  4 17:46:12 mpivet-p kernel: [    0.000000] No NUMA configuration found
Oct  4 17:46:12 mpivet-p kernel: [    0.000000] Faking a node at [mem 0x0000000000000000-0x000000011fffffff]
Oct  4 17:46:12 mpivet-p kernel: [    0.000000] NODE_DATA(0) allocated [mem 0x11fff8000-0x11fffbfff]
Oct  4 17:46:12 mpivet-p kernel: [    0.000000] tsc: Fast TSC calibration failed
Oct  4 17:46:12 mpivet-p kernel: [    0.000000] tsc: Unable to calibrate against PIT
Oct  4 17:46:12 mpivet-p kernel: [    0.000000] tsc: No reference (HPET/PMTIMER) available
Oct  4 17:46:12 mpivet-p kernel: [    0.000000] Zone ranges:
Oct  4 17:46:12 mpivet-p kernel: [    0.000000]   DMA      [mem 0x0000000000001000-0x0000000000ffffff]
Oct  4 17:46:12 mpivet-p kernel: [    0.000000]   DMA32    [mem 0x0000000001000000-0x00000000ffffffff]
Oct  4 17:46:12 mpivet-p kernel: [    0.000000]   Normal   [mem 0x0000000100000000-0x000000011fffffff]
Oct  4 17:46:12 mpivet-p kernel: [    0.000000] Movable zone start for each node
Oct  4 17:46:12 mpivet-p kernel: [    0.000000] Early memory node ranges
Oct  4 17:46:12 mpivet-p kernel: [    0.000000]   node   0: [mem 0x0000000000001000-0x000000000009efff]
Oct  4 17:46:12 mpivet-p kernel: [    0.000000]   node   0: [mem 0x0000000000100000-0x00000000dffeffff]
Oct  4 17:46:12 mpivet-p kernel: [    0.000000]   node   0: [mem 0x0000000100000000-0x000000011fffffff]
Oct  4 17:46:12 mpivet-p kernel: [    0.000000] Reserved but unavailable: 114 pages
Oct  4 17:46:12 mpivet-p kernel: [    0.000000] Initmem setup node 0 [mem 0x0000000000001000-0x000000011fffffff]
Oct  4 17:46:12 mpivet-p kernel: [    0.000000] On node 0 totalpages: 1048462
Oct  4 17:46:12 mpivet-p kernel: [    0.000000]   DMA zone: 64 pages used for memmap
Oct  4 17:46:12 mpivet-p kernel: [    0.000000]   DMA zone: 21 pages reserved
Oct  4 17:46:12 mpivet-p kernel: [    0.000000]   DMA zone: 3998 pages, LIFO batch:0
Oct  4 17:46:12 mpivet-p kernel: [    0.000000]   DMA32 zone: 14272 pages used for memmap
Oct  4 17:46:12 mpivet-p kernel: [    0.000000]   DMA32 zone: 913392 pages, LIFO batch:31
Oct  4 17:46:12 mpivet-p kernel: [    0.000000]   Normal zone: 2048 pages used for memmap
Oct  4 17:46:12 mpivet-p kernel: [    0.000000]   Normal zone: 131072 pages, LIFO batch:31
Oct  4 17:46:12 mpivet-p kernel: [    0.000000] ACPI: PM-Timer IO Port: 0x4008
Oct  4 17:46:12 mpivet-p kernel: [    0.000000] ACPI: Local APIC address 0xfee00000
Oct  4 17:46:12 mpivet-p kernel: [    0.000000] IOAPIC[0]: apic_id 1, version 32, address 0xfec00000, GSI 0-23
Oct  4 17:46:12 mpivet-p kernel: [    0.000000] ACPI: INT_SRC_OVR (bus 0 bus_irq 0 global_irq 2 dfl dfl)
Oct  4 17:46:12 mpivet-p kernel: [    0.000000] ACPI: INT_SRC_OVR (bus 0 bus_irq 9 global_irq 9 low level)
Oct  4 17:46:12 mpivet-p kernel: [    0.000000] ACPI: IRQ0 used by override.
Oct  4 17:46:12 mpivet-p kernel: [    0.000000] ACPI: IRQ9 used by override.
Oct  4 17:46:12 mpivet-p kernel: [    0.000000] Using ACPI (MADT) for SMP configuration information
Oct  4 17:46:12 mpivet-p kernel: [    0.000000] smpboot: Allowing 1 CPUs, 0 hotplug CPUs
Oct  4 17:46:12 mpivet-p kernel: [    0.000000] PM: Registered nosave memory: [mem 0x00000000-0x00000fff]
Oct  4 17:46:12 mpivet-p kernel: [    0.000000] PM: Registered nosave memory: [mem 0x0009f000-0x0009ffff]
Oct  4 17:46:12 mpivet-p kernel: [    0.000000] PM: Registered nosave memory: [mem 0x000a0000-0x000effff]
Oct  4 17:46:12 mpivet-p kernel: [    0.000000] PM: Registered nosave memory: [mem 0x000f0000-0x000fffff]
Oct  4 17:46:12 mpivet-p kernel: [    0.000000] PM: Registered nosave memory: [mem 0xdfff0000-0xdfffffff]
Oct  4 17:46:12 mpivet-p kernel: [    0.000000] PM: Registered nosave memory: [mem 0xe0000000-0xfebfffff]
Oct  4 17:46:12 mpivet-p kernel: [    0.000000] PM: Registered nosave memory: [mem 0xfec00000-0xfec00fff]
Oct  4 17:46:12 mpivet-p kernel: [    0.000000] PM: Registered nosave memory: [mem 0xfec01000-0xfedfffff]
Oct  4 17:46:12 mpivet-p kernel: [    0.000000] PM: Registered nosave memory: [mem 0xfee00000-0xfee00fff]
Oct  4 17:46:12 mpivet-p kernel: [    0.000000] PM: Registered nosave memory: [mem 0xfee01000-0xfffbffff]
Oct  4 17:46:12 mpivet-p kernel: [    0.000000] PM: Registered nosave memory: [mem 0xfffc0000-0xffffffff]
Oct  4 17:46:12 mpivet-p kernel: [    0.000000] [mem 0xe0000000-0xfebfffff] available for PCI devices
Oct  4 17:46:12 mpivet-p kernel: [    0.000000] clocksource: refined-jiffies: mask: 0xffffffff max_cycles: 0xffffffff, max_idle_ns: 1910969940391419 ns
Oct  4 17:46:12 mpivet-p kernel: [    0.000000] random: get_random_bytes called from start_kernel+0x8a/0x49b with crng_init=0
Oct  4 17:46:12 mpivet-p kernel: [    0.000000] setup_percpu: NR_CPUS:64 nr_cpumask_bits:64 nr_cpu_ids:1 nr_node_ids:1
Oct  4 17:46:12 mpivet-p kernel: [    0.000000] percpu: Embedded 43 pages/cpu @(____ptrval____) s137944 r8192 d29992 u2097152
Oct  4 17:46:12 mpivet-p kernel: [    0.000000] pcpu-alloc: s137944 r8192 d29992 u2097152 alloc=1*2097152
Oct  4 17:46:12 mpivet-p kernel: [    0.000000] pcpu-alloc: [0] 0 
Oct  4 17:46:12 mpivet-p kernel: [    0.000000] Built 1 zonelists, mobility grouping on.  Total pages: 1032057
Oct  4 17:46:12 mpivet-p kernel: [    0.000000] Policy zone: Normal
Oct  4 17:46:12 mpivet-p kernel: [    0.000000] Kernel command line: BOOT_IMAGE=/vmlinuz-4.18.5-mpivet-p root=/dev/sdb1 rw
Oct  4 17:46:12 mpivet-p kernel: [    0.000000] Calgary: detecting Calgary via BIOS EBDA area
Oct  4 17:46:12 mpivet-p kernel: [    0.000000] Calgary: Unable to locate Rio Grande table in EBDA - bailing!
Oct  4 17:46:12 mpivet-p kernel: [    0.000000] Memory: 4036320K/4193848K available (12300K kernel code, 1297K rwdata, 3128K rodata, 1240K init, 604K bss, 157528K reserved, 0K cma-reserved)
Oct  4 17:46:12 mpivet-p kernel: [    0.000000] SLUB: HWalign=64, Order=0-3, MinObjects=0, CPUs=1, Nodes=1
Oct  4 17:46:12 mpivet-p kernel: [    0.000000] Kernel/User page tables isolation: enabled
Oct  4 17:46:12 mpivet-p kernel: [    0.000000] Hierarchical RCU implementation.
Oct  4 17:46:12 mpivet-p kernel: [    0.000000] ^IRCU event tracing is enabled.
Oct  4 17:46:12 mpivet-p kernel: [    0.000000] ^IRCU restricting CPUs from NR_CPUS=64 to nr_cpu_ids=1.
Oct  4 17:46:12 mpivet-p kernel: [    0.000000] RCU: Adjusting geometry for rcu_fanout_leaf=16, nr_cpu_ids=1
Oct  4 17:46:12 mpivet-p kernel: [    0.000000] NR_IRQS: 4352, nr_irqs: 256, preallocated irqs: 16
Oct  4 17:46:12 mpivet-p kernel: [    0.000000] Console: colour VGA+ 80x25
Oct  4 17:46:12 mpivet-p kernel: [    0.000000] console [tty0] enabled
Oct  4 17:46:12 mpivet-p kernel: [    0.000000] ACPI: Core revision 20180531
Oct  4 17:46:12 mpivet-p kernel: [    0.000000] APIC: Switch to symmetric I/O mode setup
Oct  4 17:46:12 mpivet-p kernel: [    0.000000] ..TIMER: vector=0x30 apic1=0 pin1=2 apic2=-1 pin2=-1
Oct  4 17:46:12 mpivet-p kernel: [    0.005000] tsc: Fast TSC calibration failed
Oct  4 17:46:12 mpivet-p kernel: [    0.037000] tsc: Unable to calibrate against PIT
Oct  4 17:46:12 mpivet-p kernel: [    0.037000] tsc: using PMTIMER reference calibration
Oct  4 17:46:12 mpivet-p kernel: [    0.037000] tsc: Detected 2893.369 MHz processor
Oct  4 17:46:12 mpivet-p kernel: [    0.037000] clocksource: tsc-early: mask: 0xffffffffffffffff max_cycles: 0x29b4cb4815b, max_idle_ns: 440795286771 ns
Oct  4 17:46:12 mpivet-p kernel: [    0.037000] Calibrating delay loop (skipped), value calculated using timer frequency.. 5786.73 BogoMIPS (lpj=2893369)
Oct  4 17:46:12 mpivet-p kernel: [    0.037000] pid_max: default: 32768 minimum: 301
Oct  4 17:46:12 mpivet-p kernel: [    0.037000] Security Framework initialized
Oct  4 17:46:12 mpivet-p kernel: [    0.037000] SELinux:  Initializing.
Oct  4 17:46:12 mpivet-p kernel: [    0.037000] SELinux:  Starting in permissive mode
Oct  4 17:46:12 mpivet-p kernel: [    0.040357] Dentry cache hash table entries: 524288 (order: 10, 4194304 bytes)
Oct  4 17:46:12 mpivet-p kernel: [    0.041050] Inode-cache hash table entries: 262144 (order: 9, 2097152 bytes)
Oct  4 17:46:12 mpivet-p kernel: [    0.041386] Mount-cache hash table entries: 8192 (order: 4, 65536 bytes)
Oct  4 17:46:12 mpivet-p kernel: [    0.041705] Mountpoint-cache hash table entries: 8192 (order: 4, 65536 bytes)
Oct  4 17:46:12 mpivet-p kernel: [    0.042000] mce: CPU supports 0 MCE banks
Oct  4 17:46:12 mpivet-p kernel: [    0.042000] process: using mwait in idle threads
Oct  4 17:46:12 mpivet-p kernel: [    0.042000] Last level iTLB entries: 4KB 512, 2MB 8, 4MB 8
Oct  4 17:46:12 mpivet-p kernel: [    0.042000] Last level dTLB entries: 4KB 512, 2MB 32, 4MB 32, 1GB 0
Oct  4 17:46:12 mpivet-p kernel: [    0.042000] Spectre V2 : Mitigation: Full generic retpoline
Oct  4 17:46:12 mpivet-p kernel: [    0.042000] Spectre V2 : Spectre v2 / SpectreRSB mitigation: Filling RSB on context switch
Oct  4 17:46:12 mpivet-p kernel: [    0.044294] Speculative Store Bypass: Vulnerable
Oct  4 17:46:12 mpivet-p kernel: [    0.068326] Freeing SMP alternatives memory: 40K
Oct  4 17:46:12 mpivet-p kernel: [    0.069000] APIC calibration not consistent with PM-Timer: 125ms instead of 100ms
Oct  4 17:46:12 mpivet-p kernel: [    0.069000] APIC delta adjusted to PM-Timer: 6250002 (7873745)
Oct  4 17:46:12 mpivet-p kernel: [    0.069000] smpboot: CPU0: Intel(R) Core(TM) i5-3470S CPU @ 2.90GHz (family: 0x6, model: 0x3a, stepping: 0x9)
Oct  4 17:46:12 mpivet-p kernel: [    0.069000] Performance Events: unsupported p6 CPU model 58 no PMU driver, software events only.
Oct  4 17:46:12 mpivet-p kernel: [    0.069000] Hierarchical SRCU implementation.
Oct  4 17:46:12 mpivet-p kernel: [    0.069000] smp: Bringing up secondary CPUs ...
Oct  4 17:46:12 mpivet-p kernel: [    0.069000] smp: Brought up 1 node, 1 CPU
Oct  4 17:46:12 mpivet-p kernel: [    0.069000] smpboot: Max logical packages: 1
Oct  4 17:46:12 mpivet-p kernel: [    0.069000] smpboot: Total of 1 processors activated (5786.73 BogoMIPS)
Oct  4 17:46:12 mpivet-p kernel: [    0.069000] devtmpfs: initialized
Oct  4 17:46:12 mpivet-p kernel: [    0.069000] clocksource: jiffies: mask: 0xffffffff max_cycles: 0xffffffff, max_idle_ns: 1911260446275000 ns
Oct  4 17:46:12 mpivet-p kernel: [    0.069000] futex hash table entries: 256 (order: 2, 16384 bytes)
Oct  4 17:46:12 mpivet-p kernel: [    0.071060] RTC time: 15:44:07, date: 10/04/21
Oct  4 17:46:12 mpivet-p kernel: [    0.071543] NET: Registered protocol family 16
Oct  4 17:46:12 mpivet-p kernel: [    0.072051] audit: initializing netlink subsys (disabled)
Oct  4 17:46:12 mpivet-p kernel: [    0.072348] kworker/u2:0 (18) used greatest stack depth: 14712 bytes left
Oct  4 17:46:12 mpivet-p kernel: [    0.072700] cpuidle: using governor menu
Oct  4 17:46:12 mpivet-p kernel: [    0.072932] ACPI: bus type PCI registered
Oct  4 17:46:12 mpivet-p kernel: [    0.073000] PCI: Using configuration type 1 for base access
Oct  4 17:46:12 mpivet-p kernel: [    0.073190] audit: type=2000 audit(1633362246.072:1): state=initialized audit_enabled=0 res=1
Oct  4 17:46:12 mpivet-p kernel: [    0.073590] kworker/u2:1 (20) used greatest stack depth: 14232 bytes left
Oct  4 17:46:12 mpivet-p kernel: [    0.094500] HugeTLB registered 2.00 MiB page size, pre-allocated 0 pages
Oct  4 17:46:12 mpivet-p kernel: [    0.094903] ACPI: Added _OSI(Module Device)
Oct  4 17:46:12 mpivet-p kernel: [    0.095000] ACPI: Added _OSI(Processor Device)
Oct  4 17:46:12 mpivet-p kernel: [    0.095000] ACPI: Added _OSI(3.0 _SCP Extensions)
Oct  4 17:46:12 mpivet-p kernel: [    0.095000] ACPI: Added _OSI(Processor Aggregator Device)
Oct  4 17:46:12 mpivet-p kernel: [    0.095000] ACPI: Added _OSI(Linux-Dell-Video)
Oct  4 17:46:12 mpivet-p kernel: [    0.097078] ACPI: 2 ACPI AML tables successfully acquired and loaded
Oct  4 17:46:12 mpivet-p kernel: [    0.098678] ACPI: Interpreter enabled
Oct  4 17:46:12 mpivet-p kernel: [    0.098888] ACPI: (supports S0 S5)
Oct  4 17:46:12 mpivet-p kernel: [    0.099000] ACPI: Using IOAPIC for interrupt routing
Oct  4 17:46:12 mpivet-p kernel: [    0.099000] PCI: Using host bridge windows from ACPI; if necessary, use "pci=nocrs" and report a bug
Oct  4 17:46:12 mpivet-p kernel: [    0.099000] ACPI: Enabled 2 GPEs in block 00 to 07
Oct  4 17:46:12 mpivet-p kernel: [    0.105341] ACPI: PCI Root Bridge [PCI0] (domain 0000 [bus 00-ff])
Oct  4 17:46:12 mpivet-p kernel: [    0.105612] acpi PNP0A03:00: _OSC: OS supports [ASPM ClockPM Segments MSI]
Oct  4 17:46:12 mpivet-p kernel: [    0.106000] acpi PNP0A03:00: _OSC: not requesting OS control; OS requires [ExtendedConfig ASPM ClockPM MSI]
Oct  4 17:46:12 mpivet-p kernel: [    0.106000] acpi PNP0A03:00: fail to add MMCONFIG information, can't access extended PCI configuration space under this bridge.
Oct  4 17:46:12 mpivet-p kernel: [    0.118053] PCI host bridge to bus 0000:00
Oct  4 17:46:12 mpivet-p kernel: [    0.118306] pci_bus 0000:00: root bus resource [io  0x0000-0x0cf7 window]
Oct  4 17:46:12 mpivet-p kernel: [    0.118612] pci_bus 0000:00: root bus resource [io  0x0d00-0xffff window]
Oct  4 17:46:12 mpivet-p kernel: [    0.118921] pci_bus 0000:00: root bus resource [mem 0x000a0000-0x000bffff window]
Oct  4 17:46:12 mpivet-p kernel: [    0.119000] pci_bus 0000:00: root bus resource [mem 0xe0000000-0xfdffffff window]
Oct  4 17:46:12 mpivet-p kernel: [    0.119000] pci_bus 0000:00: root bus resource [bus 00-ff]
Oct  4 17:46:12 mpivet-p kernel: [    0.119000] pci 0000:00:00.0: [8086:1237] type 00 class 0x060000
Oct  4 17:46:12 mpivet-p kernel: [    0.121031] pci 0000:00:01.0: [8086:7000] type 00 class 0x060100
Oct  4 17:46:12 mpivet-p kernel: [    0.122351] pci 0000:00:01.1: [8086:7111] type 00 class 0x01018a
Oct  4 17:46:12 mpivet-p kernel: [    0.123038] pci 0000:00:01.1: reg 0x20: [io  0xd000-0xd00f]
Oct  4 17:46:12 mpivet-p kernel: [    0.123312] pci 0000:00:01.1: legacy IDE quirk: reg 0x10: [io  0x01f0-0x01f7]
Oct  4 17:46:12 mpivet-p kernel: [    0.123608] pci 0000:00:01.1: legacy IDE quirk: reg 0x14: [io  0x03f6]
Oct  4 17:46:12 mpivet-p kernel: [    0.124000] pci 0000:00:01.1: legacy IDE quirk: reg 0x18: [io  0x0170-0x0177]
Oct  4 17:46:12 mpivet-p kernel: [    0.124000] pci 0000:00:01.1: legacy IDE quirk: reg 0x1c: [io  0x0376]
Oct  4 17:46:12 mpivet-p kernel: [    0.125301] pci 0000:00:02.0: [15ad:0405] type 00 class 0x030000
Oct  4 17:46:12 mpivet-p kernel: [    0.127888] pci 0000:00:02.0: reg 0x10: [io  0xd010-0xd01f]
Oct  4 17:46:12 mpivet-p kernel: [    0.129699] pci 0000:00:02.0: reg 0x14: [mem 0xe0000000-0xe0ffffff pref]
Oct  4 17:46:12 mpivet-p kernel: [    0.131739] pci 0000:00:02.0: reg 0x18: [mem 0xf0000000-0xf01fffff]
Oct  4 17:46:12 mpivet-p kernel: [    0.151663] pci 0000:00:03.0: [8086:100e] type 00 class 0x020000
Oct  4 17:46:12 mpivet-p kernel: [    0.153834] pci 0000:00:03.0: reg 0x10: [mem 0xf0200000-0xf021ffff]
Oct  4 17:46:12 mpivet-p kernel: [    0.156697] pci 0000:00:03.0: reg 0x18: [io  0xd020-0xd027]
Oct  4 17:46:12 mpivet-p kernel: [    0.166237] pci 0000:00:04.0: [80ee:cafe] type 00 class 0x088000
Oct  4 17:46:12 mpivet-p kernel: [    0.167667] pci 0000:00:04.0: reg 0x10: [io  0xd040-0xd05f]
Oct  4 17:46:12 mpivet-p kernel: [    0.169673] pci 0000:00:04.0: reg 0x14: [mem 0xf0400000-0xf07fffff]
Oct  4 17:46:12 mpivet-p kernel: [    0.172025] pci 0000:00:04.0: reg 0x18: [mem 0xf0800000-0xf0803fff pref]
Oct  4 17:46:12 mpivet-p kernel: [    0.180517] pci 0000:00:05.0: [8086:2415] type 00 class 0x040100
Oct  4 17:46:12 mpivet-p kernel: [    0.180752] pci 0000:00:05.0: reg 0x10: [io  0xd100-0xd1ff]
Oct  4 17:46:12 mpivet-p kernel: [    0.180870] pci 0000:00:05.0: reg 0x14: [io  0xd200-0xd23f]
Oct  4 17:46:12 mpivet-p kernel: [    0.181931] pci 0000:00:06.0: [106b:003f] type 00 class 0x0c0310
Oct  4 17:46:12 mpivet-p kernel: [    0.183414] pci 0000:00:06.0: reg 0x10: [mem 0xf0804000-0xf0804fff]
Oct  4 17:46:12 mpivet-p kernel: [    0.194625] pci 0000:00:07.0: [8086:7113] type 00 class 0x068000
Oct  4 17:46:12 mpivet-p kernel: [    0.195366] pci 0000:00:07.0: quirk: [io  0x4000-0x403f] claimed by PIIX4 ACPI
Oct  4 17:46:12 mpivet-p kernel: [    0.195752] pci 0000:00:07.0: quirk: [io  0x4100-0x410f] claimed by PIIX4 SMB
Oct  4 17:46:12 mpivet-p kernel: [    0.196464] pci 0000:00:0b.0: [8086:265c] type 00 class 0x0c0320
Oct  4 17:46:12 mpivet-p kernel: [    0.198634] pci 0000:00:0b.0: reg 0x10: [mem 0xf0805000-0xf0805fff]
Oct  4 17:46:12 mpivet-p kernel: [    0.220603] pci 0000:00:0d.0: [8086:2829] type 00 class 0x010601
Oct  4 17:46:12 mpivet-p kernel: [    0.222205] pci 0000:00:0d.0: reg 0x10: [io  0xd240-0xd247]
Oct  4 17:46:12 mpivet-p kernel: [    0.223732] pci 0000:00:0d.0: reg 0x14: [io  0xd248-0xd24b]
Oct  4 17:46:12 mpivet-p kernel: [    0.224671] pci 0000:00:0d.0: reg 0x18: [io  0xd250-0xd257]
Oct  4 17:46:12 mpivet-p kernel: [    0.227027] pci 0000:00:0d.0: reg 0x1c: [io  0xd258-0xd25b]
Oct  4 17:46:12 mpivet-p kernel: [    0.228523] pci 0000:00:0d.0: reg 0x20: [io  0xd260-0xd26f]
Oct  4 17:46:12 mpivet-p kernel: [    0.230824] pci 0000:00:0d.0: reg 0x24: [mem 0xf0806000-0xf0807fff]
Oct  4 17:46:12 mpivet-p kernel: [    0.235719] ACPI: PCI Interrupt Link [LNKA] (IRQs 5 9 10 *11)
Oct  4 17:46:12 mpivet-p kernel: [    0.236080] ACPI: PCI Interrupt Link [LNKB] (IRQs 5 9 *10 11)
Oct  4 17:46:12 mpivet-p kernel: [    0.236495] ACPI: PCI Interrupt Link [LNKC] (IRQs 5 *9 10 11)
Oct  4 17:46:12 mpivet-p kernel: [    0.237105] ACPI: PCI Interrupt Link [LNKD] (IRQs 5 9 10 *11)
Oct  4 17:46:12 mpivet-p kernel: [    0.237701] pci 0000:00:02.0: vgaarb: setting as boot VGA device
Oct  4 17:46:12 mpivet-p kernel: [    0.237972] pci 0000:00:02.0: vgaarb: VGA device added: decodes=io+mem,owns=io+mem,locks=none
Oct  4 17:46:12 mpivet-p kernel: [    0.238000] pci 0000:00:02.0: vgaarb: bridge control possible
Oct  4 17:46:12 mpivet-p kernel: [    0.238000] vgaarb: loaded
Oct  4 17:46:12 mpivet-p kernel: [    0.238000] SCSI subsystem initialized
Oct  4 17:46:12 mpivet-p kernel: [    0.239742] libata version 3.00 loaded.
Oct  4 17:46:12 mpivet-p kernel: [    0.240068] ACPI: bus type USB registered
Oct  4 17:46:12 mpivet-p kernel: [    0.240324] usbcore: registered new interface driver usbfs
Oct  4 17:46:12 mpivet-p kernel: [    0.240604] usbcore: registered new interface driver hub
Oct  4 17:46:12 mpivet-p kernel: [    0.240865] usbcore: registered new device driver usb
Oct  4 17:46:12 mpivet-p kernel: [    0.241000] pps_core: LinuxPPS API ver. 1 registered
Oct  4 17:46:12 mpivet-p kernel: [    0.241000] pps_core: Software ver. 5.3.6 - Copyright 2005-2007 Rodolfo Giometti <giometti@linux.it>
Oct  4 17:46:12 mpivet-p kernel: [    0.241000] PTP clock support registered
Oct  4 17:46:12 mpivet-p kernel: [    0.241000] EDAC MC: Ver: 3.0.0
Oct  4 17:46:12 mpivet-p kernel: [    0.243130] Advanced Linux Sound Architecture Driver Initialized.
Oct  4 17:46:12 mpivet-p kernel: [    0.243421] PCI: Using ACPI for IRQ routing
Oct  4 17:46:12 mpivet-p kernel: [    0.243630] PCI: pci_cache_line_size set to 64 bytes
Oct  4 17:46:12 mpivet-p kernel: [    0.244007] e820: reserve RAM buffer [mem 0x0009fc00-0x0009ffff]
Oct  4 17:46:12 mpivet-p kernel: [    0.244012] e820: reserve RAM buffer [mem 0xdfff0000-0xdfffffff]
Oct  4 17:46:12 mpivet-p kernel: [    0.244149] NetLabel: Initializing
Oct  4 17:46:12 mpivet-p kernel: [    0.244343] NetLabel:  domain hash size = 128
Oct  4 17:46:12 mpivet-p kernel: [    0.244558] NetLabel:  protocols = UNLABELED CIPSOv4 CALIPSO
Oct  4 17:46:12 mpivet-p kernel: [    0.244859] NetLabel:  unlabeled traffic allowed by default
Oct  4 17:46:12 mpivet-p kernel: [    0.245000] clocksource: Switched to clocksource tsc-early
Oct  4 17:46:12 mpivet-p kernel: [    0.284200] VFS: Disk quotas dquot_6.6.0
Oct  4 17:46:12 mpivet-p kernel: [    0.284455] VFS: Dquot-cache hash table entries: 512 (order 0, 4096 bytes)
Oct  4 17:46:12 mpivet-p kernel: [    0.284728] pnp: PnP ACPI init
Oct  4 17:46:12 mpivet-p kernel: [    0.284728] pnp 00:00: Plug and Play ACPI device, IDs PNP0303 (active)
Oct  4 17:46:12 mpivet-p kernel: [    0.285139] pnp 00:01: Plug and Play ACPI device, IDs PNP0f03 (active)
Oct  4 17:46:12 mpivet-p kernel: [    0.285797] pnp: PnP ACPI: found 2 devices
Oct  4 17:46:12 mpivet-p kernel: [    0.293178] clocksource: acpi_pm: mask: 0xffffff max_cycles: 0xffffff, max_idle_ns: 2085701024 ns
Oct  4 17:46:12 mpivet-p kernel: [    0.294143] pci_bus 0000:00: resource 4 [io  0x0000-0x0cf7 window]
Oct  4 17:46:12 mpivet-p kernel: [    0.294144] pci_bus 0000:00: resource 5 [io  0x0d00-0xffff window]
Oct  4 17:46:12 mpivet-p kernel: [    0.294145] pci_bus 0000:00: resource 6 [mem 0x000a0000-0x000bffff window]
Oct  4 17:46:12 mpivet-p kernel: [    0.294146] pci_bus 0000:00: resource 7 [mem 0xe0000000-0xfdffffff window]
Oct  4 17:46:12 mpivet-p kernel: [    0.294175] NET: Registered protocol family 2
Oct  4 17:46:12 mpivet-p kernel: [    0.294501] tcp_listen_portaddr_hash hash table entries: 2048 (order: 3, 32768 bytes)
Oct  4 17:46:12 mpivet-p kernel: [    0.294883] TCP established hash table entries: 32768 (order: 6, 262144 bytes)
Oct  4 17:46:12 mpivet-p kernel: [    0.295065] TCP bind hash table entries: 32768 (order: 7, 524288 bytes)
Oct  4 17:46:12 mpivet-p kernel: [    0.295065] TCP: Hash tables configured (established 32768 bind 32768)
Oct  4 17:46:12 mpivet-p kernel: [    0.295065] UDP hash table entries: 2048 (order: 4, 65536 bytes)
Oct  4 17:46:12 mpivet-p kernel: [    0.295065] UDP-Lite hash table entries: 2048 (order: 4, 65536 bytes)
Oct  4 17:46:12 mpivet-p kernel: [    0.295065] NET: Registered protocol family 1
Oct  4 17:46:12 mpivet-p kernel: [    0.295065] RPC: Registered named UNIX socket transport module.
Oct  4 17:46:12 mpivet-p kernel: [    0.297324] RPC: Registered udp transport module.
Oct  4 17:46:12 mpivet-p kernel: [    0.297567] RPC: Registered tcp transport module.
Oct  4 17:46:12 mpivet-p kernel: [    0.297615] RPC: Registered tcp NFSv4.1 backchannel transport module.
Oct  4 17:46:12 mpivet-p kernel: [    0.298134] pci 0000:00:00.0: Limiting direct PCI/PCI transfers
Oct  4 17:46:12 mpivet-p kernel: [    0.298445] pci 0000:00:01.0: Activating ISA DMA hang workarounds
Oct  4 17:46:12 mpivet-p kernel: [    0.298807] pci 0000:00:02.0: Video device with shadowed ROM at [mem 0x000c0000-0x000dffff]
Oct  4 17:46:12 mpivet-p kernel: [    0.300933] PCI: CLS 0 bytes, default 64
Oct  4 17:46:12 mpivet-p kernel: [    0.300960] PCI-DMA: Using software bounce buffering for IO (SWIOTLB)
Oct  4 17:46:12 mpivet-p kernel: [    0.301235] software IO TLB [mem 0xdbff0000-0xdfff0000] (64MB) mapped at [(____ptrval____)-(____ptrval____)]
Oct  4 17:46:12 mpivet-p kernel: [    0.301689] RAPL PMU: API unit is 2^-32 Joules, 3 fixed counters, 10737418240 ms ovfl timer
Oct  4 17:46:12 mpivet-p kernel: [    0.301729] RAPL PMU: hw unit of domain pp0-core 2^-0 Joules
Oct  4 17:46:12 mpivet-p kernel: [    0.301729] RAPL PMU: hw unit of domain package 2^-0 Joules
Oct  4 17:46:12 mpivet-p kernel: [    0.301729] RAPL PMU: hw unit of domain pp1-gpu 2^-0 Joules
Oct  4 17:46:12 mpivet-p kernel: [    0.334821] platform rtc_cmos: registered platform RTC device (no PNP device found)
Oct  4 17:46:12 mpivet-p kernel: [    0.335398] Scanning for low memory corruption every 60 seconds
Oct  4 17:46:12 mpivet-p kernel: [    0.335730] Initialise system trusted keyrings
Oct  4 17:46:12 mpivet-p kernel: [    0.336624] workingset: timestamp_bits=56 max_order=20 bucket_order=0
Oct  4 17:46:12 mpivet-p kernel: [    0.339563] NFS: Registering the id_resolver key type
Oct  4 17:46:12 mpivet-p kernel: [    0.339732] Key type id_resolver registered
Oct  4 17:46:12 mpivet-p kernel: [    0.339732] Key type id_legacy registered
Oct  4 17:46:12 mpivet-p kernel: [    0.339732] SELinux:  Registering netfilter hooks
Oct  4 17:46:12 mpivet-p kernel: [    0.341583] Key type asymmetric registered
Oct  4 17:46:12 mpivet-p kernel: [    0.341731] Asymmetric key parser 'x509' registered
Oct  4 17:46:12 mpivet-p kernel: [    0.341731] Block layer SCSI generic (bsg) driver version 0.4 loaded (major 251)
Oct  4 17:46:12 mpivet-p kernel: [    0.341731] io scheduler noop registered
Oct  4 17:46:12 mpivet-p kernel: [    0.341731] io scheduler deadline registered
Oct  4 17:46:12 mpivet-p kernel: [    0.342796] io scheduler cfq registered (default)
Oct  4 17:46:12 mpivet-p kernel: [    0.343026] io scheduler mq-deadline registered
Oct  4 17:46:12 mpivet-p kernel: [    0.343246] io scheduler kyber registered
Oct  4 17:46:12 mpivet-p kernel: [    0.343987] ACPI: AC Adapter [AC] (on-line)
Oct  4 17:46:12 mpivet-p kernel: [    0.344281] input: Power Button as /devices/LNXSYSTM:00/LNXPWRBN:00/input/input0
Oct  4 17:46:12 mpivet-p kernel: [    0.344643] ACPI: Power Button [PWRF]
Oct  4 17:46:12 mpivet-p kernel: [    0.344862] input: Sleep Button as /devices/LNXSYSTM:00/LNXSLPBN:00/input/input1
Oct  4 17:46:12 mpivet-p kernel: [    0.345232] ACPI: Sleep Button [SLPF]
Oct  4 17:46:12 mpivet-p kernel: [    0.345573] ACPI: Video Device [GFX0] (multi-head: yes  rom: no  post: no)
Oct  4 17:46:12 mpivet-p kernel: [    0.345853] input: Video Bus as /devices/LNXSYSTM:00/LNXSYBUS:00/PNP0A03:00/LNXVIDEO:00/input/input2
Oct  4 17:46:12 mpivet-p kernel: [    0.347063] Serial: 8250/16550 driver, 4 ports, IRQ sharing enabled
Oct  4 17:46:12 mpivet-p kernel: [    0.347678] Non-volatile memory driver v1.3
Oct  4 17:46:12 mpivet-p kernel: [    0.347729] Linux agpgart interface v0.103
Oct  4 17:46:12 mpivet-p kernel: [    0.350005] loop: module loaded
Oct  4 17:46:12 mpivet-p kernel: [    0.350287] ahci 0000:00:0d.0: version 3.0
Oct  4 17:46:12 mpivet-p kernel: [    0.350845] ahci 0000:00:0d.0: SSS flag set, parallel bus scan disabled
Oct  4 17:46:12 mpivet-p kernel: [    0.351547] ahci 0000:00:0d.0: AHCI 0001.0100 32 slots 2 ports 3 Gbps 0x3 impl SATA mode
Oct  4 17:46:12 mpivet-p kernel: [    0.351745] ahci 0000:00:0d.0: flags: 64bit ncq stag only ccc 
Oct  4 17:46:12 mpivet-p kernel: [    0.352653] scsi host0: ahci
Oct  4 17:46:12 mpivet-p kernel: [    0.352992] scsi host1: ahci
Oct  4 17:46:12 mpivet-p kernel: [    0.353493] ata1: SATA max UDMA/133 abar m8192@0xf0806000 port 0xf0806100 irq 21
Oct  4 17:46:12 mpivet-p kernel: [    0.353671] ata2: SATA max UDMA/133 abar m8192@0xf0806000 port 0xf0806180 irq 21
Oct  4 17:46:12 mpivet-p kernel: [    0.386848] ata_piix 0000:00:01.1: version 2.13
Oct  4 17:46:12 mpivet-p kernel: [    0.387732] scsi host2: ata_piix
Oct  4 17:46:12 mpivet-p kernel: [    0.388056] scsi host3: ata_piix
Oct  4 17:46:12 mpivet-p kernel: [    0.388310] ata3: PATA max UDMA/33 cmd 0x1f0 ctl 0x3f6 bmdma 0xd000 irq 14
Oct  4 17:46:12 mpivet-p kernel: [    0.388598] ata4: PATA max UDMA/33 cmd 0x170 ctl 0x376 bmdma 0xd008 irq 15
Oct  4 17:46:12 mpivet-p kernel: [    0.389056] e100: Intel(R) PRO/100 Network Driver, 3.5.24-k2-NAPI
Oct  4 17:46:12 mpivet-p kernel: [    0.389325] e100: Copyright(c) 1999-2006 Intel Corporation
Oct  4 17:46:12 mpivet-p kernel: [    0.389575] e1000: Intel(R) PRO/1000 Network Driver - version 7.3.21-k8-NAPI
Oct  4 17:46:12 mpivet-p kernel: [    0.389859] e1000: Copyright (c) 1999-2006 Intel Corporation.
Oct  4 17:46:12 mpivet-p kernel: [    0.586322] ata4.00: ATAPI: VBOX CD-ROM, 1.0, max UDMA/133
Oct  4 17:46:12 mpivet-p kernel: [    0.759588] ata1: SATA link up 3.0 Gbps (SStatus 123 SControl 300)
Oct  4 17:46:12 mpivet-p kernel: [    0.760062] ata1.00: ATA-6: VBOX HARDDISK, 1.0, max UDMA/133
Oct  4 17:46:12 mpivet-p kernel: [    0.760341] ata1.00: 52256320 sectors, multi 128: LBA48 NCQ (depth 32)
Oct  4 17:46:12 mpivet-p kernel: [    0.766598] ata1.00: configured for UDMA/133
Oct  4 17:46:12 mpivet-p kernel: [    0.766887] scsi 0:0:0:0: Direct-Access     ATA      VBOX HARDDISK    1.0  PQ: 0 ANSI: 5
Oct  4 17:46:12 mpivet-p kernel: [    0.767910] sd 0:0:0:0: [sda] 52256320 512-byte logical blocks: (26.8 GB/24.9 GiB)
Oct  4 17:46:12 mpivet-p kernel: [    0.768278] sd 0:0:0:0: [sda] Write Protect is off
Oct  4 17:46:12 mpivet-p kernel: [    0.768505] sd 0:0:0:0: [sda] Mode Sense: 00 3a 00 00
Oct  4 17:46:12 mpivet-p kernel: [    0.768518] sd 0:0:0:0: [sda] Write cache: enabled, read cache: enabled, doesn't support DPO or FUA
Oct  4 17:46:12 mpivet-p kernel: [    0.768736] sd 0:0:0:0: Attached scsi generic sg0 type 0
Oct  4 17:46:12 mpivet-p kernel: [    0.806497]  sda: sda1
Oct  4 17:46:12 mpivet-p kernel: [    0.806834] sd 0:0:0:0: [sda] Attached SCSI disk
Oct  4 17:46:12 mpivet-p kernel: [    0.934476] e1000 0000:00:03.0 eth0: (PCI:33MHz:32-bit) 08:00:27:40:2b:9a
Oct  4 17:46:12 mpivet-p kernel: [    0.934802] e1000 0000:00:03.0 eth0: Intel(R) PRO/1000 Network Connection
Oct  4 17:46:12 mpivet-p kernel: [    0.934843] e1000e: Intel(R) PRO/1000 Network Driver - 3.2.6-k
Oct  4 17:46:12 mpivet-p kernel: [    0.934843] e1000e: Copyright(c) 1999 - 2015 Intel Corporation.
Oct  4 17:46:12 mpivet-p kernel: [    0.934843] sky2: driver version 1.30
Oct  4 17:46:12 mpivet-p kernel: [    0.934843] ehci_hcd: USB 2.0 'Enhanced' Host Controller (EHCI) Driver
Oct  4 17:46:12 mpivet-p kernel: [    0.934843] ehci-pci: EHCI PCI platform driver
Oct  4 17:46:12 mpivet-p kernel: [    0.937353] ehci-pci 0000:00:0b.0: EHCI Host Controller
Oct  4 17:46:12 mpivet-p kernel: [    0.937634] ehci-pci 0000:00:0b.0: new USB bus registered, assigned bus number 1
Oct  4 17:46:12 mpivet-p kernel: [    0.938062] ehci-pci 0000:00:0b.0: irq 19, io mem 0xf0805000
Oct  4 17:46:12 mpivet-p kernel: [    0.944820] ehci-pci 0000:00:0b.0: USB 2.0 started, EHCI 1.00
Oct  4 17:46:12 mpivet-p kernel: [    0.945121] usb usb1: New USB device found, idVendor=1d6b, idProduct=0002, bcdDevice= 4.18
Oct  4 17:46:12 mpivet-p kernel: [    0.945544] usb usb1: New USB device strings: Mfr=3, Product=2, SerialNumber=1
Oct  4 17:46:12 mpivet-p kernel: [    0.945794] usb usb1: Product: EHCI Host Controller
Oct  4 17:46:12 mpivet-p kernel: [    0.945794] usb usb1: Manufacturer: Linux 4.18.5 ehci_hcd
Oct  4 17:46:12 mpivet-p kernel: [    0.945794] usb usb1: SerialNumber: 0000:00:0b.0
Oct  4 17:46:12 mpivet-p kernel: [    0.945794] hub 1-0:1.0: USB hub found
Oct  4 17:46:12 mpivet-p kernel: [    0.945794] hub 1-0:1.0: 12 ports detected
Oct  4 17:46:12 mpivet-p kernel: [    0.945794] ohci_hcd: USB 1.1 'Open' Host Controller (OHCI) Driver
Oct  4 17:46:12 mpivet-p kernel: [    0.945794] ohci-pci: OHCI PCI platform driver
Oct  4 17:46:12 mpivet-p kernel: [    0.948963] ohci-pci 0000:00:06.0: OHCI PCI host controller
Oct  4 17:46:12 mpivet-p kernel: [    0.949258] ohci-pci 0000:00:06.0: new USB bus registered, assigned bus number 2
Oct  4 17:46:12 mpivet-p kernel: [    0.949676] ohci-pci 0000:00:06.0: irq 22, io mem 0xf0804000
Oct  4 17:46:12 mpivet-p kernel: [    1.029370] usb usb2: New USB device found, idVendor=1d6b, idProduct=0001, bcdDevice= 4.18
Oct  4 17:46:12 mpivet-p kernel: [    1.029759] usb usb2: New USB device strings: Mfr=3, Product=2, SerialNumber=1
Oct  4 17:46:12 mpivet-p kernel: [    1.029795] usb usb2: Product: OHCI PCI host controller
Oct  4 17:46:12 mpivet-p kernel: [    1.029795] usb usb2: Manufacturer: Linux 4.18.5 ohci_hcd
Oct  4 17:46:12 mpivet-p kernel: [    1.029795] usb usb2: SerialNumber: 0000:00:06.0
Oct  4 17:46:12 mpivet-p kernel: [    1.029795] hub 2-0:1.0: USB hub found
Oct  4 17:46:12 mpivet-p kernel: [    1.029795] hub 2-0:1.0: 12 ports detected
Oct  4 17:46:12 mpivet-p kernel: [    1.032170] uhci_hcd: USB Universal Host Controller Interface driver
Oct  4 17:46:12 mpivet-p kernel: [    1.032521] usbcore: registered new interface driver usblp
Oct  4 17:46:12 mpivet-p kernel: [    1.032739] usbcore: registered new interface driver usb-storage
Oct  4 17:46:12 mpivet-p kernel: [    1.032739] i8042: PNP: PS/2 Controller [PNP0303:PS2K,PNP0f03:PS2M] at 0x60,0x64 irq 1,12
Oct  4 17:46:12 mpivet-p kernel: [    1.034136] serio: i8042 KBD port at 0x60,0x64 irq 1
Oct  4 17:46:12 mpivet-p kernel: [    1.034373] serio: i8042 AUX port at 0x60,0x64 irq 12
Oct  4 17:46:12 mpivet-p kernel: [    1.034873] input: AT Translated Set 2 keyboard as /devices/platform/i8042/serio0/input/input3
Oct  4 17:46:12 mpivet-p kernel: [    1.036527] rtc_cmos rtc_cmos: registered as rtc0
Oct  4 17:46:12 mpivet-p kernel: [    1.036813] rtc_cmos rtc_cmos: alarms up to one day, 114 bytes nvram
Oct  4 17:46:12 mpivet-p kernel: [    1.037196] device-mapper: ioctl: 4.39.0-ioctl (2018-04-03) initialised: dm-devel@redhat.com
Oct  4 17:46:12 mpivet-p kernel: [    1.037755] hidraw: raw HID events driver (C) Jiri Kosina
Oct  4 17:46:12 mpivet-p kernel: [    1.039294] usbcore: registered new interface driver usbhid
Oct  4 17:46:12 mpivet-p kernel: [    1.039572] usbhid: USB HID core driver
Oct  4 17:46:12 mpivet-p kernel: [    1.039745] Initializing XFRM netlink socket
Oct  4 17:46:12 mpivet-p kernel: [    1.041164] NET: Registered protocol family 10
Oct  4 17:46:12 mpivet-p kernel: [    1.041577] Segment Routing with IPv6
Oct  4 17:46:12 mpivet-p kernel: [    1.041836] sit: IPv6, IPv4 and MPLS over IPv4 tunneling driver
Oct  4 17:46:12 mpivet-p kernel: [    1.041898] NET: Registered protocol family 17
Oct  4 17:46:12 mpivet-p kernel: [    1.041898] Key type dns_resolver registered
Oct  4 17:46:12 mpivet-p kernel: [    1.074970] sched_clock: Marking stable (1074739782, 0)->(1284218988, -209479206)
Oct  4 17:46:12 mpivet-p kernel: [    1.075585] registered taskstats version 1
Oct  4 17:46:12 mpivet-p kernel: [    1.075814] Loading compiled-in X.509 certificates
Oct  4 17:46:12 mpivet-p kernel: [    1.076075] Unable to create integrity sysfs dir: -19
Oct  4 17:46:12 mpivet-p kernel: [    1.076496]   Magic number: 9:599:739
Oct  4 17:46:12 mpivet-p kernel: [    1.076717] console [netcon0] enabled
Oct  4 17:46:12 mpivet-p kernel: [    1.076964] netconsole: network logging started
Oct  4 17:46:12 mpivet-p kernel: [    1.077273] cfg80211: Loading compiled-in X.509 certificates for regulatory database
Oct  4 17:46:12 mpivet-p kernel: [    1.077963] cfg80211: Loaded X.509 cert 'sforshee: 00b28ddf47aef9cea7'
Oct  4 17:46:12 mpivet-p kernel: [    1.078252] ALSA device list:
Oct  4 17:46:12 mpivet-p kernel: [    1.078443]   No soundcards found.
Oct  4 17:46:12 mpivet-p kernel: [    1.078788] platform regulatory.0: Direct firmware load for regulatory.db failed with error -2
Oct  4 17:46:12 mpivet-p kernel: [    1.079206] cfg80211: failed to load regulatory.db
Oct  4 17:46:12 mpivet-p kernel: [    1.241875] ata2: SATA link up 3.0 Gbps (SStatus 123 SControl 300)
Oct  4 17:46:12 mpivet-p kernel: [    1.242345] ata2.00: ATA-6: VBOX HARDDISK, 1.0, max UDMA/133
Oct  4 17:46:12 mpivet-p kernel: [    1.242624] ata2.00: 48234496 sectors, multi 128: LBA48 NCQ (depth 32)
Oct  4 17:46:12 mpivet-p kernel: [    1.243719] ata2.00: configured for UDMA/133
Oct  4 17:46:12 mpivet-p kernel: [    1.244053] scsi 1:0:0:0: Direct-Access     ATA      VBOX HARDDISK    1.0  PQ: 0 ANSI: 5
Oct  4 17:46:12 mpivet-p kernel: [    1.244671] sd 1:0:0:0: [sdb] 48234496 512-byte logical blocks: (24.7 GB/23.0 GiB)
Oct  4 17:46:12 mpivet-p kernel: [    1.245075] sd 1:0:0:0: [sdb] Write Protect is off
Oct  4 17:46:12 mpivet-p kernel: [    1.245323] sd 1:0:0:0: [sdb] Mode Sense: 00 3a 00 00
Oct  4 17:46:12 mpivet-p kernel: [    1.245338] sd 1:0:0:0: Attached scsi generic sg1 type 0
Oct  4 17:46:12 mpivet-p kernel: [    1.245639] sd 1:0:0:0: [sdb] Write cache: enabled, read cache: enabled, doesn't support DPO or FUA
Oct  4 17:46:12 mpivet-p kernel: [    1.246511] scsi 3:0:0:0: CD-ROM            VBOX     CD-ROM           1.0  PQ: 0 ANSI: 5
Oct  4 17:46:12 mpivet-p kernel: [    1.293006] random: fast init done
Oct  4 17:46:12 mpivet-p kernel: [    1.293448] sr 3:0:0:0: [sr0] scsi3-mmc drive: 32x/32x xa/form2 tray
Oct  4 17:46:12 mpivet-p kernel: [    1.293745] cdrom: Uniform CD-ROM driver Revision: 3.20
Oct  4 17:46:12 mpivet-p kernel: [    1.294087] sr 3:0:0:0: Attached scsi CD-ROM sr0
Oct  4 17:46:12 mpivet-p kernel: [    1.294373] sr 3:0:0:0: Attached scsi generic sg2 type 5
Oct  4 17:46:12 mpivet-p kernel: [    1.296462]  sdb: sdb1 sdb2 sdb3 sdb4 sdb5
Oct  4 17:46:12 mpivet-p kernel: [    1.296880] sd 1:0:0:0: [sdb] Attached SCSI disk
Oct  4 17:46:12 mpivet-p kernel: [    1.341021] input: ImExPS/2 Generic Explorer Mouse as /devices/platform/i8042/serio1/input/input5
Oct  4 17:46:12 mpivet-p kernel: [    1.341797] md: Waiting for all devices to be available before autodetect
Oct  4 17:46:12 mpivet-p kernel: [    1.342114] md: If you don't use raid, use raid=noautodetect
Oct  4 17:46:12 mpivet-p kernel: [    1.342502] md: Autodetecting RAID arrays.
Oct  4 17:46:12 mpivet-p kernel: [    1.342740] md: autorun ...
Oct  4 17:46:12 mpivet-p kernel: [    1.342933] md: ... autorun DONE.
Oct  4 17:46:12 mpivet-p kernel: [    1.393110] tsc: Refined TSC clocksource calibration: 2893.407 MHz
Oct  4 17:46:12 mpivet-p kernel: [    1.393472] clocksource: tsc: mask: 0xffffffffffffffff max_cycles: 0x29b4eef41a6, max_idle_ns: 440795231367 ns
Oct  4 17:46:12 mpivet-p kernel: [    1.394083] clocksource: Switched to clocksource tsc
Oct  4 17:46:12 mpivet-p kernel: [    1.437729] EXT4-fs (sdb1): mounted filesystem with ordered data mode. Opts: (null)
Oct  4 17:46:12 mpivet-p kernel: [    1.438176] VFS: Mounted root (ext4 filesystem) on device 8:17.
Oct  4 17:46:12 mpivet-p kernel: [    1.484642] devtmpfs: mounted
Oct  4 17:46:12 mpivet-p kernel: [    1.485468] Freeing unused kernel image memory: 1240K
Oct  4 17:46:12 mpivet-p kernel: [    1.487160] Write protecting the kernel read-only data: 18432k
Oct  4 17:46:12 mpivet-p kernel: [    1.487800] Freeing unused kernel image memory: 2004K
Oct  4 17:46:12 mpivet-p kernel: [    1.488160] Freeing unused kernel image memory: 968K
Oct  4 17:46:12 mpivet-p kernel: [    1.546009] usb 2-1: new full-speed USB device number 2 using ohci-pci
Oct  4 17:46:12 mpivet-p kernel: [    1.820085] usb 2-1: New USB device found, idVendor=80ee, idProduct=0021, bcdDevice= 1.00
Oct  4 17:46:12 mpivet-p kernel: [    1.820518] usb 2-1: New USB device strings: Mfr=1, Product=3, SerialNumber=0
Oct  4 17:46:12 mpivet-p kernel: [    1.820843] usb 2-1: Product: USB Tablet
Oct  4 17:46:12 mpivet-p kernel: [    1.821099] usb 2-1: Manufacturer: VirtualBox
Oct  4 17:46:12 mpivet-p kernel: [    1.832081] input: VirtualBox USB Tablet as /devices/pci0000:00/0000:00:06.0/usb2/2-1/2-1:1.0/0003:80EE:0021.0001/input/input6
Oct  4 17:46:12 mpivet-p kernel: [    1.832746] hid-generic 0003:80EE:0021.0001: input,hidraw0: USB HID v1.10 Mouse [VirtualBox USB Tablet] on usb-0000:00:06.0-1/input0
Oct  4 17:46:12 mpivet-p kernel: [    1.970973] stty (1058) used greatest stack depth: 13888 bytes left
Oct  4 17:46:12 mpivet-p kernel: [    2.220479] random: crng init done
Oct  4 17:46:12 mpivet-p kernel: [    2.651073] S00mountvirtfs (1076) used greatest stack depth: 13640 bytes left
Oct  4 17:46:12 mpivet-p kernel: [    2.723324] ln (1094) used greatest stack depth: 13624 bytes left
Oct  4 17:46:12 mpivet-p kernel: [    2.992569] ip (1117) used greatest stack depth: 12528 bytes left
Oct  4 17:46:12 mpivet-p kernel: <30>[    3.162279] udevd[1147]: starting version 3.2.5
Oct  4 17:46:12 mpivet-p kernel: <30>[    3.436598] udevd[1148]: starting eudev-3.2.5
Oct  4 17:46:12 mpivet-p kernel: [    3.977283] e1000 0000:00:03.0 enp0s3: renamed from eth0
Oct  4 17:46:12 mpivet-p kernel: [    4.277568] Adding 1048572k swap on /dev/sdb3.  Priority:1 extents:1 across:1048572k 
Oct  4 17:46:12 mpivet-p kernel: [    4.898512] EXT4-fs (sdb1): re-mounted. Opts: (null)
Oct  4 17:46:12 mpivet-p kernel: [    5.423162] EXT4-fs (sdb1): re-mounted. Opts: (null)
Oct  4 17:54:33 mpivet-p kernel: Kernel logging (proc) stopped.
Oct  4 17:54:33 mpivet-p kernel: Kernel log daemon terminating.
Oct  4 17:54:59 mpivet-p kernel: klogd 1.5.1, log source = /proc/kmsg started.
Oct  4 17:54:59 mpivet-p kernel: Cannot find map file.
Oct  4 17:54:59 mpivet-p kernel: Loaded 48232 symbols from 1 module.
Oct  4 17:54:59 mpivet-p kernel: [    0.000000] Linux version 4.18.5 (root@salty-VirtualBox) (gcc version 8.2.0 (GCC)) #1 SMP Mon Oct 4 15:50:39 CEST 2021
Oct  4 17:54:59 mpivet-p kernel: [    0.000000] Command line: BOOT_IMAGE=/vmlinuz-4.18.5-mpivet-p root=/dev/sdb1 rw
Oct  4 17:54:59 mpivet-p kernel: [    0.000000] x86/fpu: Supporting XSAVE feature 0x001: 'x87 floating point registers'
Oct  4 17:54:59 mpivet-p kernel: [    0.000000] x86/fpu: Supporting XSAVE feature 0x002: 'SSE registers'
Oct  4 17:54:59 mpivet-p kernel: [    0.000000] x86/fpu: Supporting XSAVE feature 0x004: 'AVX registers'
Oct  4 17:54:59 mpivet-p kernel: [    0.000000] x86/fpu: xstate_offset[2]:  576, xstate_sizes[2]:  256
Oct  4 17:54:59 mpivet-p kernel: [    0.000000] x86/fpu: Enabled xstate features 0x7, context size is 832 bytes, using 'standard' format.
Oct  4 17:54:59 mpivet-p kernel: [    0.000000] BIOS-provided physical RAM map:
Oct  4 17:54:59 mpivet-p kernel: [    0.000000] BIOS-e820: [mem 0x0000000000000000-0x000000000009fbff] usable
Oct  4 17:54:59 mpivet-p kernel: [    0.000000] BIOS-e820: [mem 0x000000000009fc00-0x000000000009ffff] reserved
Oct  4 17:54:59 mpivet-p kernel: [    0.000000] BIOS-e820: [mem 0x00000000000f0000-0x00000000000fffff] reserved
Oct  4 17:54:59 mpivet-p kernel: [    0.000000] BIOS-e820: [mem 0x0000000000100000-0x00000000dffeffff] usable
Oct  4 17:54:59 mpivet-p kernel: [    0.000000] BIOS-e820: [mem 0x00000000dfff0000-0x00000000dfffffff] ACPI data
Oct  4 17:54:59 mpivet-p kernel: [    0.000000] BIOS-e820: [mem 0x00000000fec00000-0x00000000fec00fff] reserved
Oct  4 17:54:59 mpivet-p kernel: [    0.000000] BIOS-e820: [mem 0x00000000fee00000-0x00000000fee00fff] reserved
Oct  4 17:54:59 mpivet-p kernel: [    0.000000] BIOS-e820: [mem 0x00000000fffc0000-0x00000000ffffffff] reserved
Oct  4 17:54:59 mpivet-p kernel: [    0.000000] BIOS-e820: [mem 0x0000000100000000-0x000000011fffffff] usable
Oct  4 17:54:59 mpivet-p kernel: [    0.000000] NX (Execute Disable) protection: active
Oct  4 17:54:59 mpivet-p kernel: [    0.000000] SMBIOS 2.5 present.
Oct  4 17:54:59 mpivet-p kernel: [    0.000000] DMI: innotek GmbH VirtualBox/VirtualBox, BIOS VirtualBox 12/01/2006
Oct  4 17:54:59 mpivet-p kernel: [    0.000000] e820: update [mem 0x00000000-0x00000fff] usable ==> reserved
Oct  4 17:54:59 mpivet-p kernel: [    0.000000] e820: remove [mem 0x000a0000-0x000fffff] usable
Oct  4 17:54:59 mpivet-p kernel: [    0.000000] last_pfn = 0x120000 max_arch_pfn = 0x400000000
Oct  4 17:54:59 mpivet-p kernel: [    0.000000] MTRR default type: uncachable
Oct  4 17:54:59 mpivet-p kernel: [    0.000000] MTRR variable ranges disabled:
Oct  4 17:54:59 mpivet-p kernel: [    0.000000] Disabled
Oct  4 17:54:59 mpivet-p kernel: [    0.000000] x86/PAT: MTRRs disabled, skipping PAT initialization too.
Oct  4 17:54:59 mpivet-p kernel: [    0.000000] CPU MTRRs all blank - virtualized system.
Oct  4 17:54:59 mpivet-p kernel: [    0.000000] x86/PAT: Configuration [0-7]: WB  WT  UC- UC  WB  WT  UC- UC  
Oct  4 17:54:59 mpivet-p kernel: [    0.000000] last_pfn = 0xdfff0 max_arch_pfn = 0x400000000
Oct  4 17:54:59 mpivet-p kernel: [    0.000000] found SMP MP-table at [mem 0x0009fff0-0x0009ffff] mapped at [(____ptrval____)]
Oct  4 17:54:59 mpivet-p kernel: [    0.000000] Scanning 1 areas for low memory corruption
Oct  4 17:54:59 mpivet-p kernel: [    0.000000] Base memory trampoline at [(____ptrval____)] 99000 size 24576
Oct  4 17:54:59 mpivet-p kernel: [    0.000000] BRK [0x71d0c000, 0x71d0cfff] PGTABLE
Oct  4 17:54:59 mpivet-p kernel: [    0.000000] BRK [0x71d0d000, 0x71d0dfff] PGTABLE
Oct  4 17:54:59 mpivet-p kernel: [    0.000000] BRK [0x71d0e000, 0x71d0efff] PGTABLE
Oct  4 17:54:59 mpivet-p kernel: [    0.000000] BRK [0x71d0f000, 0x71d0ffff] PGTABLE
Oct  4 17:54:59 mpivet-p kernel: [    0.000000] BRK [0x71d10000, 0x71d10fff] PGTABLE
Oct  4 17:54:59 mpivet-p kernel: [    0.000000] ACPI: Early table checksum verification disabled
Oct  4 17:54:59 mpivet-p kernel: [    0.000000] ACPI: RSDP 0x00000000000E0000 000024 (v02 VBOX  )
Oct  4 17:54:59 mpivet-p kernel: [    0.000000] ACPI: XSDT 0x00000000DFFF0030 00003C (v01 VBOX   VBOXXSDT 00000001 ASL  00000061)
Oct  4 17:54:59 mpivet-p kernel: [    0.000000] ACPI: FACP 0x00000000DFFF00F0 0000F4 (v04 VBOX   VBOXFACP 00000001 ASL  00000061)
Oct  4 17:54:59 mpivet-p kernel: [    0.000000] ACPI: DSDT 0x00000000DFFF0470 002325 (v02 VBOX   VBOXBIOS 00000002 INTL 20120111)
Oct  4 17:54:59 mpivet-p kernel: [    0.000000] ACPI: FACS 0x00000000DFFF0200 000040
Oct  4 17:54:59 mpivet-p kernel: [    0.000000] ACPI: FACS 0x00000000DFFF0200 000040
Oct  4 17:54:59 mpivet-p kernel: [    0.000000] ACPI: APIC 0x00000000DFFF0240 000054 (v02 VBOX   VBOXAPIC 00000001 ASL  00000061)
Oct  4 17:54:59 mpivet-p kernel: [    0.000000] ACPI: SSDT 0x00000000DFFF02A0 0001CC (v01 VBOX   VBOXCPUT 00000002 INTL 20120111)
Oct  4 17:54:59 mpivet-p kernel: [    0.000000] ACPI: Local APIC address 0xfee00000
Oct  4 17:54:59 mpivet-p kernel: [    0.000000] No NUMA configuration found
Oct  4 17:54:59 mpivet-p kernel: [    0.000000] Faking a node at [mem 0x0000000000000000-0x000000011fffffff]
Oct  4 17:54:59 mpivet-p kernel: [    0.000000] NODE_DATA(0) allocated [mem 0x11fff8000-0x11fffbfff]
Oct  4 17:54:59 mpivet-p kernel: [    0.000000] tsc: Unable to calibrate against PIT
Oct  4 17:54:59 mpivet-p kernel: [    0.000000] tsc: No reference (HPET/PMTIMER) available
Oct  4 17:54:59 mpivet-p kernel: [    0.000000] Zone ranges:
Oct  4 17:54:59 mpivet-p kernel: [    0.000000]   DMA      [mem 0x0000000000001000-0x0000000000ffffff]
Oct  4 17:54:59 mpivet-p kernel: [    0.000000]   DMA32    [mem 0x0000000001000000-0x00000000ffffffff]
Oct  4 17:54:59 mpivet-p kernel: [    0.000000]   Normal   [mem 0x0000000100000000-0x000000011fffffff]
Oct  4 17:54:59 mpivet-p kernel: [    0.000000] Movable zone start for each node
Oct  4 17:54:59 mpivet-p kernel: [    0.000000] Early memory node ranges
Oct  4 17:54:59 mpivet-p kernel: [    0.000000]   node   0: [mem 0x0000000000001000-0x000000000009efff]
Oct  4 17:54:59 mpivet-p kernel: [    0.000000]   node   0: [mem 0x0000000000100000-0x00000000dffeffff]
Oct  4 17:54:59 mpivet-p kernel: [    0.000000]   node   0: [mem 0x0000000100000000-0x000000011fffffff]
Oct  4 17:54:59 mpivet-p kernel: [    0.000000] Reserved but unavailable: 114 pages
Oct  4 17:54:59 mpivet-p kernel: [    0.000000] Initmem setup node 0 [mem 0x0000000000001000-0x000000011fffffff]
Oct  4 17:54:59 mpivet-p kernel: [    0.000000] On node 0 totalpages: 1048462
Oct  4 17:54:59 mpivet-p kernel: [    0.000000]   DMA zone: 64 pages used for memmap
Oct  4 17:54:59 mpivet-p kernel: [    0.000000]   DMA zone: 21 pages reserved
Oct  4 17:54:59 mpivet-p kernel: [    0.000000]   DMA zone: 3998 pages, LIFO batch:0
Oct  4 17:54:59 mpivet-p kernel: [    0.000000]   DMA32 zone: 14272 pages used for memmap
Oct  4 17:54:59 mpivet-p kernel: [    0.000000]   DMA32 zone: 913392 pages, LIFO batch:31
Oct  4 17:54:59 mpivet-p kernel: [    0.000000]   Normal zone: 2048 pages used for memmap
Oct  4 17:54:59 mpivet-p kernel: [    0.000000]   Normal zone: 131072 pages, LIFO batch:31
Oct  4 17:54:59 mpivet-p kernel: [    0.000000] ACPI: PM-Timer IO Port: 0x4008
Oct  4 17:54:59 mpivet-p kernel: [    0.000000] ACPI: Local APIC address 0xfee00000
Oct  4 17:54:59 mpivet-p kernel: [    0.000000] IOAPIC[0]: apic_id 1, version 32, address 0xfec00000, GSI 0-23
Oct  4 17:54:59 mpivet-p kernel: [    0.000000] ACPI: INT_SRC_OVR (bus 0 bus_irq 0 global_irq 2 dfl dfl)
Oct  4 17:54:59 mpivet-p kernel: [    0.000000] ACPI: INT_SRC_OVR (bus 0 bus_irq 9 global_irq 9 low level)
Oct  4 17:54:59 mpivet-p kernel: [    0.000000] ACPI: IRQ0 used by override.
Oct  4 17:54:59 mpivet-p kernel: [    0.000000] ACPI: IRQ9 used by override.
Oct  4 17:54:59 mpivet-p kernel: [    0.000000] Using ACPI (MADT) for SMP configuration information
Oct  4 17:54:59 mpivet-p kernel: [    0.000000] smpboot: Allowing 1 CPUs, 0 hotplug CPUs
Oct  4 17:54:59 mpivet-p kernel: [    0.000000] PM: Registered nosave memory: [mem 0x00000000-0x00000fff]
Oct  4 17:54:59 mpivet-p kernel: [    0.000000] PM: Registered nosave memory: [mem 0x0009f000-0x0009ffff]
Oct  4 17:54:59 mpivet-p kernel: [    0.000000] PM: Registered nosave memory: [mem 0x000a0000-0x000effff]
Oct  4 17:54:59 mpivet-p kernel: [    0.000000] PM: Registered nosave memory: [mem 0x000f0000-0x000fffff]
Oct  4 17:54:59 mpivet-p kernel: [    0.000000] PM: Registered nosave memory: [mem 0xdfff0000-0xdfffffff]
Oct  4 17:54:59 mpivet-p kernel: [    0.000000] PM: Registered nosave memory: [mem 0xe0000000-0xfebfffff]
Oct  4 17:54:59 mpivet-p kernel: [    0.000000] PM: Registered nosave memory: [mem 0xfec00000-0xfec00fff]
Oct  4 17:54:59 mpivet-p kernel: [    0.000000] PM: Registered nosave memory: [mem 0xfec01000-0xfedfffff]
Oct  4 17:54:59 mpivet-p kernel: [    0.000000] PM: Registered nosave memory: [mem 0xfee00000-0xfee00fff]
Oct  4 17:54:59 mpivet-p kernel: [    0.000000] PM: Registered nosave memory: [mem 0xfee01000-0xfffbffff]
Oct  4 17:54:59 mpivet-p kernel: [    0.000000] PM: Registered nosave memory: [mem 0xfffc0000-0xffffffff]
Oct  4 17:54:59 mpivet-p kernel: [    0.000000] [mem 0xe0000000-0xfebfffff] available for PCI devices
Oct  4 17:54:59 mpivet-p kernel: [    0.000000] clocksource: refined-jiffies: mask: 0xffffffff max_cycles: 0xffffffff, max_idle_ns: 1910969940391419 ns
Oct  4 17:54:59 mpivet-p kernel: [    0.000000] random: get_random_bytes called from start_kernel+0x8a/0x49b with crng_init=0
Oct  4 17:54:59 mpivet-p kernel: [    0.000000] setup_percpu: NR_CPUS:64 nr_cpumask_bits:64 nr_cpu_ids:1 nr_node_ids:1
Oct  4 17:54:59 mpivet-p kernel: [    0.000000] percpu: Embedded 43 pages/cpu @(____ptrval____) s137944 r8192 d29992 u2097152
Oct  4 17:54:59 mpivet-p kernel: [    0.000000] pcpu-alloc: s137944 r8192 d29992 u2097152 alloc=1*2097152
Oct  4 17:54:59 mpivet-p kernel: [    0.000000] pcpu-alloc: [0] 0 
Oct  4 17:54:59 mpivet-p kernel: [    0.000000] Built 1 zonelists, mobility grouping on.  Total pages: 1032057
