Oct  9 15:27:48 mpivet-p kernel: klogd 1.5.1, log source = /proc/kmsg started.
Oct  9 15:27:48 mpivet-p kernel: Cannot find map file.
Oct  9 15:27:48 mpivet-p kernel: Loaded 57552 symbols from 1 module.
Oct  9 15:27:48 mpivet-p kernel: [    0.000000] Linux version 5.15.0-thor_kernel-00193-g1da38549dd64-dirty (root@mpivet-p) (gcc (GCC) 8.2.0, GNU ld (GNU Binutils) 2.31.1) #1 SMP Fri Oct 8 18:37:47 CEST 2021
Oct  9 15:27:48 mpivet-p kernel: [    0.000000] Command line: BOOT_IMAGE=/vmlinuz-5.15.0-thor_kernel root=/dev/sda1 ro
Oct  9 15:27:48 mpivet-p kernel: [    0.000000] x86/fpu: Supporting XSAVE feature 0x001: 'x87 floating point registers'
Oct  9 15:27:48 mpivet-p kernel: [    0.000000] x86/fpu: Supporting XSAVE feature 0x002: 'SSE registers'
Oct  9 15:27:48 mpivet-p kernel: [    0.000000] x86/fpu: Supporting XSAVE feature 0x004: 'AVX registers'
Oct  9 15:27:48 mpivet-p kernel: [    0.000000] x86/fpu: xstate_offset[2]:  576, xstate_sizes[2]:  256
Oct  9 15:27:48 mpivet-p kernel: [    0.000000] x86/fpu: Enabled xstate features 0x7, context size is 832 bytes, using 'standard' format.
Oct  9 15:27:48 mpivet-p kernel: [    0.000000] signal: max sigframe size: 1776
Oct  9 15:27:48 mpivet-p kernel: [    0.000000] BIOS-provided physical RAM map:
Oct  9 15:27:48 mpivet-p kernel: [    0.000000] BIOS-e820: [mem 0x0000000000000000-0x000000000009fbff] usable
Oct  9 15:27:48 mpivet-p kernel: [    0.000000] BIOS-e820: [mem 0x000000000009fc00-0x000000000009ffff] reserved
Oct  9 15:27:48 mpivet-p kernel: [    0.000000] BIOS-e820: [mem 0x00000000000f0000-0x00000000000fffff] reserved
Oct  9 15:27:48 mpivet-p kernel: [    0.000000] BIOS-e820: [mem 0x0000000000100000-0x000000003ffeffff] usable
Oct  9 15:27:48 mpivet-p kernel: [    0.000000] BIOS-e820: [mem 0x000000003fff0000-0x000000003fffffff] ACPI data
Oct  9 15:27:48 mpivet-p kernel: [    0.000000] BIOS-e820: [mem 0x00000000fec00000-0x00000000fec00fff] reserved
Oct  9 15:27:48 mpivet-p kernel: [    0.000000] BIOS-e820: [mem 0x00000000fee00000-0x00000000fee00fff] reserved
Oct  9 15:27:48 mpivet-p kernel: [    0.000000] BIOS-e820: [mem 0x00000000fffc0000-0x00000000ffffffff] reserved
Oct  9 15:27:48 mpivet-p kernel: [    0.000000] NX (Execute Disable) protection: active
Oct  9 15:27:48 mpivet-p kernel: [    0.000000] SMBIOS 2.5 present.
Oct  9 15:27:48 mpivet-p kernel: [    0.000000] DMI: innotek GmbH VirtualBox/VirtualBox, BIOS VirtualBox 12/01/2006
Oct  9 15:27:48 mpivet-p kernel: [    0.000000] tsc: Fast TSC calibration using PIT
Oct  9 15:27:48 mpivet-p kernel: [    0.000000] tsc: Detected 2893.134 MHz processor
Oct  9 15:27:48 mpivet-p kernel: [    0.001552] e820: update [mem 0x00000000-0x00000fff] usable ==> reserved
Oct  9 15:27:48 mpivet-p kernel: [    0.001556] e820: remove [mem 0x000a0000-0x000fffff] usable
Oct  9 15:27:48 mpivet-p kernel: [    0.001560] last_pfn = 0x3fff0 max_arch_pfn = 0x400000000
Oct  9 15:27:48 mpivet-p kernel: [    0.001572] Disabled
Oct  9 15:27:48 mpivet-p kernel: [    0.001573] x86/PAT: MTRRs disabled, skipping PAT initialization too.
Oct  9 15:27:48 mpivet-p kernel: [    0.001576] CPU MTRRs all blank - virtualized system.
Oct  9 15:27:48 mpivet-p kernel: [    0.001579] x86/PAT: Configuration [0-7]: WB  WT  UC- UC  WB  WT  UC- UC  
Oct  9 15:27:48 mpivet-p kernel: [    0.001641] found SMP MP-table at [mem 0x0009fff0-0x0009ffff]
Oct  9 15:27:48 mpivet-p kernel: [    0.001707] ACPI: Early table checksum verification disabled
Oct  9 15:27:48 mpivet-p kernel: [    0.001711] ACPI: RSDP 0x00000000000E0000 000024 (v02 VBOX  )
Oct  9 15:27:48 mpivet-p kernel: [    0.001715] ACPI: XSDT 0x000000003FFF0030 00003C (v01 VBOX   VBOXXSDT 00000001 ASL  00000061)
Oct  9 15:27:48 mpivet-p kernel: [    0.001721] ACPI: FACP 0x000000003FFF00F0 0000F4 (v04 VBOX   VBOXFACP 00000001 ASL  00000061)
Oct  9 15:27:48 mpivet-p kernel: [    0.001727] ACPI: DSDT 0x000000003FFF0470 002325 (v02 VBOX   VBOXBIOS 00000002 INTL 20120111)
Oct  9 15:27:48 mpivet-p kernel: [    0.001731] ACPI: FACS 0x000000003FFF0200 000040
Oct  9 15:27:48 mpivet-p kernel: [    0.001735] ACPI: FACS 0x000000003FFF0200 000040
Oct  9 15:27:48 mpivet-p kernel: [    0.001738] ACPI: APIC 0x000000003FFF0240 000054 (v02 VBOX   VBOXAPIC 00000001 ASL  00000061)
Oct  9 15:27:48 mpivet-p kernel: [    0.001742] ACPI: SSDT 0x000000003FFF02A0 0001CC (v01 VBOX   VBOXCPUT 00000002 INTL 20120111)
Oct  9 15:27:48 mpivet-p kernel: [    0.001744] ACPI: Reserving FACP table memory at [mem 0x3fff00f0-0x3fff01e3]
Oct  9 15:27:48 mpivet-p kernel: [    0.001746] ACPI: Reserving DSDT table memory at [mem 0x3fff0470-0x3fff2794]
Oct  9 15:27:48 mpivet-p kernel: [    0.001747] ACPI: Reserving FACS table memory at [mem 0x3fff0200-0x3fff023f]
Oct  9 15:27:48 mpivet-p kernel: [    0.001748] ACPI: Reserving FACS table memory at [mem 0x3fff0200-0x3fff023f]
Oct  9 15:27:48 mpivet-p kernel: [    0.001749] ACPI: Reserving APIC table memory at [mem 0x3fff0240-0x3fff0293]
Oct  9 15:27:48 mpivet-p kernel: [    0.001750] ACPI: Reserving SSDT table memory at [mem 0x3fff02a0-0x3fff046b]
Oct  9 15:27:48 mpivet-p kernel: [    0.002090] No NUMA configuration found
Oct  9 15:27:48 mpivet-p kernel: [    0.002092] Faking a node at [mem 0x0000000000000000-0x000000003ffeffff]
Oct  9 15:27:48 mpivet-p kernel: [    0.002095] NODE_DATA(0) allocated [mem 0x3ffec000-0x3ffeffff]
Oct  9 15:27:48 mpivet-p kernel: [    0.002106] Zone ranges:
Oct  9 15:27:48 mpivet-p kernel: [    0.002106]   DMA      [mem 0x0000000000001000-0x0000000000ffffff]
Oct  9 15:27:48 mpivet-p kernel: [    0.002108]   DMA32    [mem 0x0000000001000000-0x000000003ffeffff]
Oct  9 15:27:48 mpivet-p kernel: [    0.002110]   Normal   empty
Oct  9 15:27:48 mpivet-p kernel: [    0.002111] Movable zone start for each node
Oct  9 15:27:48 mpivet-p kernel: [    0.002112] Early memory node ranges
Oct  9 15:27:48 mpivet-p kernel: [    0.002112]   node   0: [mem 0x0000000000001000-0x000000000009efff]
Oct  9 15:27:48 mpivet-p kernel: [    0.002114]   node   0: [mem 0x0000000000100000-0x000000003ffeffff]
Oct  9 15:27:48 mpivet-p kernel: [    0.002116] Initmem setup node 0 [mem 0x0000000000001000-0x000000003ffeffff]
Oct  9 15:27:48 mpivet-p kernel: [    0.002124] On node 0, zone DMA: 1 pages in unavailable ranges
Oct  9 15:27:48 mpivet-p kernel: [    0.002145] On node 0, zone DMA: 97 pages in unavailable ranges
Oct  9 15:27:48 mpivet-p kernel: [    0.003601] On node 0, zone DMA32: 16 pages in unavailable ranges
Oct  9 15:27:48 mpivet-p kernel: [    0.004522] ACPI: PM-Timer IO Port: 0x4008
Oct  9 15:27:48 mpivet-p kernel: [    0.004579] IOAPIC[0]: apic_id 1, version 32, address 0xfec00000, GSI 0-23
Oct  9 15:27:48 mpivet-p kernel: [    0.004583] ACPI: INT_SRC_OVR (bus 0 bus_irq 0 global_irq 2 dfl dfl)
Oct  9 15:27:48 mpivet-p kernel: [    0.004585] ACPI: INT_SRC_OVR (bus 0 bus_irq 9 global_irq 9 low level)
Oct  9 15:27:48 mpivet-p kernel: [    0.004589] ACPI: Using ACPI (MADT) for SMP configuration information
Oct  9 15:27:48 mpivet-p kernel: [    0.004595] smpboot: Allowing 1 CPUs, 0 hotplug CPUs
Oct  9 15:27:48 mpivet-p kernel: [    0.004605] PM: hibernation: Registered nosave memory: [mem 0x00000000-0x00000fff]
Oct  9 15:27:48 mpivet-p kernel: [    0.004607] PM: hibernation: Registered nosave memory: [mem 0x0009f000-0x0009ffff]
Oct  9 15:27:48 mpivet-p kernel: [    0.004608] PM: hibernation: Registered nosave memory: [mem 0x000a0000-0x000effff]
Oct  9 15:27:48 mpivet-p kernel: [    0.004609] PM: hibernation: Registered nosave memory: [mem 0x000f0000-0x000fffff]
Oct  9 15:27:48 mpivet-p kernel: [    0.004611] [mem 0x40000000-0xfebfffff] available for PCI devices
Oct  9 15:27:48 mpivet-p kernel: [    0.004614] clocksource: refined-jiffies: mask: 0xffffffff max_cycles: 0xffffffff, max_idle_ns: 1910969940391419 ns
Oct  9 15:27:48 mpivet-p kernel: [    0.008651] setup_percpu: NR_CPUS:64 nr_cpumask_bits:64 nr_cpu_ids:1 nr_node_ids:1
Oct  9 15:27:48 mpivet-p kernel: [    0.008779] percpu: Embedded 48 pages/cpu s157976 r8192 d30440 u2097152
Oct  9 15:27:48 mpivet-p kernel: [    0.008784] pcpu-alloc: s157976 r8192 d30440 u2097152 alloc=1*2097152
Oct  9 15:27:48 mpivet-p kernel: [    0.008786] pcpu-alloc: [0] 0 
Oct  9 15:27:48 mpivet-p kernel: [    0.008808] Built 1 zonelists, mobility grouping on.  Total pages: 257776
Oct  9 15:27:48 mpivet-p kernel: [    0.008809] Policy zone: DMA32
Oct  9 15:27:48 mpivet-p kernel: [    0.008811] Kernel command line: BOOT_IMAGE=/vmlinuz-5.15.0-thor_kernel root=/dev/sda1 ro
Oct  9 15:27:48 mpivet-p kernel: [    0.008844] Unknown command line parameters: BOOT_IMAGE=/vmlinuz-5.15.0-thor_kernel
Oct  9 15:27:48 mpivet-p kernel: [    0.008886] Dentry cache hash table entries: 131072 (order: 8, 1048576 bytes, linear)
Oct  9 15:27:48 mpivet-p kernel: [    0.008926] Inode-cache hash table entries: 65536 (order: 7, 524288 bytes, linear)
Oct  9 15:27:48 mpivet-p kernel: [    0.009014] mem auto-init: stack:off, heap alloc:off, heap free:off
Oct  9 15:27:48 mpivet-p kernel: [    0.011420] Memory: 998264K/1048120K available (14350K kernel code, 2582K rwdata, 3624K rodata, 1348K init, 1564K bss, 49596K reserved, 0K cma-reserved)
Oct  9 15:27:48 mpivet-p kernel: [    0.011453] SLUB: HWalign=64, Order=0-3, MinObjects=0, CPUs=1, Nodes=1
Oct  9 15:27:48 mpivet-p kernel: [    0.011460] Kernel/User page tables isolation: enabled
Oct  9 15:27:48 mpivet-p kernel: [    0.011536] rcu: Hierarchical RCU implementation.
Oct  9 15:27:48 mpivet-p kernel: [    0.011537] rcu: ^IRCU event tracing is enabled.
Oct  9 15:27:48 mpivet-p kernel: [    0.011538] rcu: ^IRCU restricting CPUs from NR_CPUS=64 to nr_cpu_ids=1.
Oct  9 15:27:48 mpivet-p kernel: [    0.011540] rcu: RCU calculated value of scheduler-enlistment delay is 100 jiffies.
Oct  9 15:27:48 mpivet-p kernel: [    0.011541] rcu: Adjusting geometry for rcu_fanout_leaf=16, nr_cpu_ids=1
Oct  9 15:27:48 mpivet-p kernel: [    0.012493] NR_IRQS: 4352, nr_irqs: 256, preallocated irqs: 16
Oct  9 15:27:48 mpivet-p kernel: [    0.012700] random: get_random_bytes called from start_kernel+0x4a8/0x677 with crng_init=0
Oct  9 15:27:48 mpivet-p kernel: [    0.017687] Console: colour VGA+ 80x25
Oct  9 15:27:48 mpivet-p kernel: [    0.039342] printk: console [tty0] enabled
Oct  9 15:27:48 mpivet-p kernel: [    0.039531] ACPI: Core revision 20210730
Oct  9 15:27:48 mpivet-p kernel: [    0.039953] APIC: Switch to symmetric I/O mode setup
Oct  9 15:27:48 mpivet-p kernel: [    0.041141] ..TIMER: vector=0x30 apic1=0 pin1=2 apic2=-1 pin2=-1
Oct  9 15:27:48 mpivet-p kernel: [    0.044805] clocksource: tsc-early: mask: 0xffffffffffffffff max_cycles: 0x29b3ed33c2e, max_idle_ns: 440795257525 ns
Oct  9 15:27:48 mpivet-p kernel: [    0.045231] Calibrating delay loop (skipped), value calculated using timer frequency.. 5786.26 BogoMIPS (lpj=2893134)
Oct  9 15:27:48 mpivet-p kernel: [    0.045668] pid_max: default: 32768 minimum: 301
Oct  9 15:27:48 mpivet-p kernel: [    0.046226] LSM: Security Framework initializing
Oct  9 15:27:48 mpivet-p kernel: [    0.046290] SELinux:  Initializing.
Oct  9 15:27:48 mpivet-p kernel: [    0.046480] Mount-cache hash table entries: 2048 (order: 2, 16384 bytes, linear)
Oct  9 15:27:48 mpivet-p kernel: [    0.046790] Mountpoint-cache hash table entries: 2048 (order: 2, 16384 bytes, linear)
Oct  9 15:27:48 mpivet-p kernel: [    0.047226] unchecked MSR access error: WRMSR to 0x3a (tried to write 0x0000000000000001) at rIP: 0xffffffff8fa34e07 (init_ia32_feat_ctl+0x87/0x310)
Oct  9 15:27:48 mpivet-p kernel: [    0.047595] Call Trace:
Oct  9 15:27:48 mpivet-p kernel: [    0.047750]  init_intel+0xb5/0x4f0
Oct  9 15:27:48 mpivet-p kernel: [    0.047930]  identify_cpu+0x2f8/0x6b0
Oct  9 15:27:48 mpivet-p kernel: [    0.048117]  identify_boot_cpu+0xc/0x94
Oct  9 15:27:48 mpivet-p kernel: [    0.048226]  check_bugs+0x23/0xa5d
Oct  9 15:27:48 mpivet-p kernel: [    0.048226]  ? __get_locked_pte+0x16c/0x210
Oct  9 15:27:48 mpivet-p kernel: [    0.048226]  start_kernel+0x641/0x677
Oct  9 15:27:48 mpivet-p kernel: [    0.048226]  secondary_startup_64_no_verify+0xc2/0xcb
Oct  9 15:27:48 mpivet-p kernel: [    0.048226] process: using mwait in idle threads
Oct  9 15:27:48 mpivet-p kernel: [    0.048226] Last level iTLB entries: 4KB 512, 2MB 8, 4MB 8
Oct  9 15:27:48 mpivet-p kernel: [    0.048226] Last level dTLB entries: 4KB 512, 2MB 32, 4MB 32, 1GB 0
Oct  9 15:27:48 mpivet-p kernel: [    0.048226] Spectre V1 : Mitigation: usercopy/swapgs barriers and __user pointer sanitization
Oct  9 15:27:48 mpivet-p kernel: [    0.048226] Spectre V2 : Mitigation: Full generic retpoline
Oct  9 15:27:48 mpivet-p kernel: [    0.048226] Spectre V2 : Spectre v2 / SpectreRSB mitigation: Filling RSB on context switch
Oct  9 15:27:48 mpivet-p kernel: [    0.049495] Speculative Store Bypass: Vulnerable
Oct  9 15:27:48 mpivet-p kernel: [    0.050226] SRBDS: Unknown: Dependent on hypervisor status
Oct  9 15:27:48 mpivet-p kernel: [    0.050443] MDS: Mitigation: Clear CPU buffers
Oct  9 15:27:48 mpivet-p kernel: [    0.059897] Freeing SMP alternatives memory: 44K
Oct  9 15:27:48 mpivet-p kernel: [    0.162487] smpboot: CPU0: Intel(R) Core(TM) i5-3470S CPU @ 2.90GHz (family: 0x6, model: 0x3a, stepping: 0x9)
Oct  9 15:27:48 mpivet-p kernel: [    0.162990] Performance Events: unsupported p6 CPU model 58 no PMU driver, software events only.
Oct  9 15:27:48 mpivet-p kernel: [    0.163226] rcu: Hierarchical SRCU implementation.
Oct  9 15:27:48 mpivet-p kernel: [    0.163226] smp: Bringing up secondary CPUs ...
Oct  9 15:27:48 mpivet-p kernel: [    0.163226] smp: Brought up 1 node, 1 CPU
Oct  9 15:27:48 mpivet-p kernel: [    0.163226] smpboot: Max logical packages: 1
Oct  9 15:27:48 mpivet-p kernel: [    0.163226] smpboot: Total of 1 processors activated (5786.26 BogoMIPS)
Oct  9 15:27:48 mpivet-p kernel: [    0.163226] devtmpfs: initialized
Oct  9 15:27:48 mpivet-p kernel: [    0.163226] clocksource: jiffies: mask: 0xffffffff max_cycles: 0xffffffff, max_idle_ns: 1911260446275000 ns
Oct  9 15:27:48 mpivet-p kernel: [    0.163226] futex hash table entries: 256 (order: 2, 16384 bytes, linear)
Oct  9 15:27:48 mpivet-p kernel: [    0.165226] PM: RTC time: 13:27:43, date: 2021-10-09
Oct  9 15:27:48 mpivet-p kernel: [    0.165237] NET: Registered PF_NETLINK/PF_ROUTE protocol family
Oct  9 15:27:48 mpivet-p kernel: [    0.165523] audit: initializing netlink subsys (disabled)
Oct  9 15:27:48 mpivet-p kernel: [    0.165818] thermal_sys: Registered thermal governor 'step_wise'
Oct  9 15:27:48 mpivet-p kernel: [    0.165819] thermal_sys: Registered thermal governor 'user_space'
Oct  9 15:27:48 mpivet-p kernel: [    0.166052] cpuidle: using governor menu
Oct  9 15:27:48 mpivet-p kernel: [    0.166226] ACPI: bus type PCI registered
Oct  9 15:27:48 mpivet-p kernel: [    0.166226] PCI: Using configuration type 1 for base access
Oct  9 15:27:48 mpivet-p kernel: [    0.168233] audit: type=2000 audit(1633786063.125:1): state=initialized audit_enabled=0 res=1
Oct  9 15:27:48 mpivet-p kernel: [    0.169226] Kprobes globally optimized
Oct  9 15:27:48 mpivet-p kernel: [    0.169226] HugeTLB registered 2.00 MiB page size, pre-allocated 0 pages
Oct  9 15:27:48 mpivet-p kernel: [    0.169227] cryptomgr_test (20) used greatest stack depth: 15736 bytes left
Oct  9 15:27:48 mpivet-p kernel: [    0.169632] ACPI: Added _OSI(Module Device)
Oct  9 15:27:48 mpivet-p kernel: [    0.169817] ACPI: Added _OSI(Processor Device)
Oct  9 15:27:48 mpivet-p kernel: [    0.170003] ACPI: Added _OSI(3.0 _SCP Extensions)
Oct  9 15:27:48 mpivet-p kernel: [    0.170226] ACPI: Added _OSI(Processor Aggregator Device)
Oct  9 15:27:48 mpivet-p kernel: [    0.170226] ACPI: Added _OSI(Linux-Dell-Video)
Oct  9 15:27:48 mpivet-p kernel: [    0.170226] ACPI: Added _OSI(Linux-Lenovo-NV-HDMI-Audio)
Oct  9 15:27:48 mpivet-p kernel: [    0.170226] ACPI: Added _OSI(Linux-HPI-Hybrid-Graphics)
Oct  9 15:27:48 mpivet-p kernel: [    0.172239] ACPI: 2 ACPI AML tables successfully acquired and loaded
Oct  9 15:27:48 mpivet-p kernel: [    0.173798] ACPI: Interpreter enabled
Oct  9 15:27:48 mpivet-p kernel: [    0.173978] ACPI: PM: (supports S0 S5)
Oct  9 15:27:48 mpivet-p kernel: [    0.174149] ACPI: Using IOAPIC for interrupt routing
Oct  9 15:27:48 mpivet-p kernel: [    0.174226] PCI: Using host bridge windows from ACPI; if necessary, use "pci=nocrs" and report a bug
Oct  9 15:27:48 mpivet-p kernel: [    0.174226] ACPI: Enabled 2 GPEs in block 00 to 07
Oct  9 15:27:48 mpivet-p kernel: [    0.180155] ACPI: PCI Root Bridge [PCI0] (domain 0000 [bus 00-ff])
Oct  9 15:27:48 mpivet-p kernel: [    0.180233] acpi PNP0A03:00: _OSC: OS supports [ASPM ClockPM Segments MSI HPX-Type3]
Oct  9 15:27:48 mpivet-p kernel: [    0.180788] acpi PNP0A03:00: _OSC: not requesting OS control; OS requires [ExtendedConfig ASPM ClockPM MSI]
Oct  9 15:27:48 mpivet-p kernel: [    0.181157] acpi PNP0A03:00: fail to add MMCONFIG information, can't access extended PCI configuration space under this bridge.
Oct  9 15:27:48 mpivet-p kernel: [    0.181534] PCI host bridge to bus 0000:00
Oct  9 15:27:48 mpivet-p kernel: [    0.182226] pci_bus 0000:00: root bus resource [io  0x0000-0x0cf7 window]
Oct  9 15:27:48 mpivet-p kernel: [    0.182479] pci_bus 0000:00: root bus resource [io  0x0d00-0xffff window]
Oct  9 15:27:48 mpivet-p kernel: [    0.182728] pci_bus 0000:00: root bus resource [mem 0x000a0000-0x000bffff window]
Oct  9 15:27:48 mpivet-p kernel: [    0.183033] pci_bus 0000:00: root bus resource [mem 0x40000000-0xfdffffff window]
Oct  9 15:27:48 mpivet-p kernel: [    0.183226] pci_bus 0000:00: root bus resource [bus 00-ff]
Oct  9 15:27:48 mpivet-p kernel: [    0.183712] pci 0000:00:00.0: [8086:1237] type 00 class 0x060000
Oct  9 15:27:48 mpivet-p kernel: [    0.186347] pci 0000:00:01.0: [8086:7000] type 00 class 0x060100
Oct  9 15:27:48 mpivet-p kernel: [    0.188328] pci 0000:00:01.1: [8086:7111] type 00 class 0x01018a
Oct  9 15:27:48 mpivet-p kernel: [    0.189440] pci 0000:00:01.1: reg 0x20: [io  0xd000-0xd00f]
Oct  9 15:27:48 mpivet-p kernel: [    0.190039] pci 0000:00:01.1: legacy IDE quirk: reg 0x10: [io  0x01f0-0x01f7]
Oct  9 15:27:48 mpivet-p kernel: [    0.190226] pci 0000:00:01.1: legacy IDE quirk: reg 0x14: [io  0x03f6]
Oct  9 15:27:48 mpivet-p kernel: [    0.190226] pci 0000:00:01.1: legacy IDE quirk: reg 0x18: [io  0x0170-0x0177]
Oct  9 15:27:48 mpivet-p kernel: [    0.190226] pci 0000:00:01.1: legacy IDE quirk: reg 0x1c: [io  0x0376]
Oct  9 15:27:48 mpivet-p kernel: [    0.191993] pci 0000:00:02.0: [15ad:0405] type 00 class 0x030000
Oct  9 15:27:48 mpivet-p kernel: [    0.193248] pci 0000:00:02.0: reg 0x10: [io  0xd010-0xd01f]
Oct  9 15:27:48 mpivet-p kernel: [    0.194247] pci 0000:00:02.0: reg 0x14: [mem 0xe0000000-0xe0ffffff pref]
Oct  9 15:27:48 mpivet-p kernel: [    0.195169] pci 0000:00:02.0: reg 0x18: [mem 0xf0000000-0xf01fffff]
Oct  9 15:27:48 mpivet-p kernel: [    0.199387] pci 0000:00:03.0: [8086:100e] type 00 class 0x020000
Oct  9 15:27:48 mpivet-p kernel: [    0.200217] pci 0000:00:03.0: reg 0x10: [mem 0xf0200000-0xf021ffff]
Oct  9 15:27:48 mpivet-p kernel: [    0.201246] pci 0000:00:03.0: reg 0x18: [io  0xd020-0xd027]
Oct  9 15:27:48 mpivet-p kernel: [    0.204744] pci 0000:00:04.0: [80ee:cafe] type 00 class 0x088000
Oct  9 15:27:48 mpivet-p kernel: [    0.205694] pci 0000:00:04.0: reg 0x10: [io  0xd040-0xd05f]
Oct  9 15:27:48 mpivet-p kernel: [    0.207150] pci 0000:00:04.0: reg 0x14: [mem 0xf0400000-0xf07fffff]
Oct  9 15:27:48 mpivet-p kernel: [    0.207940] pci 0000:00:04.0: reg 0x18: [mem 0xf0800000-0xf0803fff pref]
Oct  9 15:27:48 mpivet-p kernel: [    0.211232] pci 0000:00:05.0: [8086:2415] type 00 class 0x040100
Oct  9 15:27:48 mpivet-p kernel: [    0.211729] pci 0000:00:05.0: reg 0x10: [io  0xd100-0xd1ff]
Oct  9 15:27:48 mpivet-p kernel: [    0.212093] pci 0000:00:05.0: reg 0x14: [io  0xd200-0xd23f]
Oct  9 15:27:48 mpivet-p kernel: [    0.213600] pci 0000:00:06.0: [106b:003f] type 00 class 0x0c0310
Oct  9 15:27:48 mpivet-p kernel: [    0.214354] pci 0000:00:06.0: reg 0x10: [mem 0xf0804000-0xf0804fff]
Oct  9 15:27:48 mpivet-p kernel: [    0.218234] pci 0000:00:07.0: [8086:7113] type 00 class 0x068000
Oct  9 15:27:48 mpivet-p kernel: [    0.219308] pci 0000:00:07.0: quirk: [io  0x4000-0x403f] claimed by PIIX4 ACPI
Oct  9 15:27:48 mpivet-p kernel: [    0.219623] pci 0000:00:07.0: quirk: [io  0x4100-0x410f] claimed by PIIX4 SMB
Oct  9 15:27:48 mpivet-p kernel: [    0.220685] pci 0000:00:0b.0: [8086:265c] type 00 class 0x0c0320
Oct  9 15:27:48 mpivet-p kernel: [    0.221351] pci 0000:00:0b.0: reg 0x10: [mem 0xf0805000-0xf0805fff]
Oct  9 15:27:48 mpivet-p kernel: [    0.226756] pci 0000:00:0d.0: [8086:2829] type 00 class 0x010601
Oct  9 15:27:48 mpivet-p kernel: [    0.227937] pci 0000:00:0d.0: reg 0x10: [io  0xd240-0xd247]
Oct  9 15:27:48 mpivet-p kernel: [    0.228879] pci 0000:00:0d.0: reg 0x14: [io  0xd248-0xd24b]
Oct  9 15:27:48 mpivet-p kernel: [    0.229857] pci 0000:00:0d.0: reg 0x18: [io  0xd250-0xd257]
Oct  9 15:27:48 mpivet-p kernel: [    0.231242] pci 0000:00:0d.0: reg 0x1c: [io  0xd258-0xd25b]
Oct  9 15:27:48 mpivet-p kernel: [    0.231940] pci 0000:00:0d.0: reg 0x20: [io  0xd260-0xd26f]
Oct  9 15:27:48 mpivet-p kernel: [    0.232641] pci 0000:00:0d.0: reg 0x24: [mem 0xf0806000-0xf0807fff]
Oct  9 15:27:48 mpivet-p kernel: [    0.235692] ACPI: PCI: Interrupt link LNKA configured for IRQ 11
Oct  9 15:27:48 mpivet-p kernel: [    0.236140] ACPI: PCI: Interrupt link LNKB configured for IRQ 10
Oct  9 15:27:48 mpivet-p kernel: [    0.236352] ACPI: PCI: Interrupt link LNKC configured for IRQ 9
Oct  9 15:27:48 mpivet-p kernel: [    0.236697] ACPI: PCI: Interrupt link LNKD configured for IRQ 11
Oct  9 15:27:48 mpivet-p kernel: [    0.237303] iommu: Default domain type: Translated 
Oct  9 15:27:48 mpivet-p kernel: [    0.237505] iommu: DMA domain TLB invalidation policy: lazy mode 
Oct  9 15:27:48 mpivet-p kernel: [    0.237800] pci 0000:00:02.0: vgaarb: setting as boot VGA device
Oct  9 15:27:48 mpivet-p kernel: [    0.238023] pci 0000:00:02.0: vgaarb: VGA device added: decodes=io+mem,owns=io+mem,locks=none
Oct  9 15:27:48 mpivet-p kernel: [    0.238226] pci 0000:00:02.0: vgaarb: bridge control possible
Oct  9 15:27:48 mpivet-p kernel: [    0.238226] vgaarb: loaded
Oct  9 15:27:48 mpivet-p kernel: [    0.238226] SCSI subsystem initialized
Oct  9 15:27:48 mpivet-p kernel: [    0.238226] libata version 3.00 loaded.
Oct  9 15:27:48 mpivet-p kernel: [    0.238226] ACPI: bus type USB registered
Oct  9 15:27:48 mpivet-p kernel: [    0.238226] usbcore: registered new interface driver usbfs
Oct  9 15:27:48 mpivet-p kernel: [    0.239479] usbcore: registered new interface driver hub
Oct  9 15:27:48 mpivet-p kernel: [    0.239728] usbcore: registered new device driver usb
Oct  9 15:27:48 mpivet-p kernel: [    0.240233] pps_core: LinuxPPS API ver. 1 registered
Oct  9 15:27:48 mpivet-p kernel: [    0.240443] pps_core: Software ver. 5.3.6 - Copyright 2005-2007 Rodolfo Giometti <giometti@linux.it>
Oct  9 15:27:48 mpivet-p kernel: [    0.240834] PTP clock support registered
Oct  9 15:27:48 mpivet-p kernel: [    0.241118] Advanced Linux Sound Architecture Driver Initialized.
Oct  9 15:27:48 mpivet-p kernel: [    0.241322] NetLabel: Initializing
Oct  9 15:27:48 mpivet-p kernel: [    0.241513] NetLabel:  domain hash size = 128
Oct  9 15:27:48 mpivet-p kernel: [    0.241733] NetLabel:  protocols = UNLABELED CIPSOv4 CALIPSO
Oct  9 15:27:48 mpivet-p kernel: [    0.242029] NetLabel:  unlabeled traffic allowed by default
Oct  9 15:27:48 mpivet-p kernel: [    0.242226] PCI: Using ACPI for IRQ routing
Oct  9 15:27:48 mpivet-p kernel: [    0.242226] PCI: pci_cache_line_size set to 64 bytes
Oct  9 15:27:48 mpivet-p kernel: [    0.242501] e820: reserve RAM buffer [mem 0x0009fc00-0x0009ffff]
Oct  9 15:27:48 mpivet-p kernel: [    0.242506] e820: reserve RAM buffer [mem 0x3fff0000-0x3fffffff]
Oct  9 15:27:48 mpivet-p kernel: [    0.242568] clocksource: Switched to clocksource tsc-early
Oct  9 15:27:48 mpivet-p kernel: [    0.248855] VFS: Disk quotas dquot_6.6.0
Oct  9 15:27:48 mpivet-p kernel: [    0.249058] VFS: Dquot-cache hash table entries: 512 (order 0, 4096 bytes)
Oct  9 15:27:48 mpivet-p kernel: [    0.249373] pnp: PnP ACPI init
Oct  9 15:27:48 mpivet-p kernel: [    0.250640] pnp: PnP ACPI: found 2 devices
Oct  9 15:27:48 mpivet-p kernel: [    0.361028] clocksource: acpi_pm: mask: 0xffffff max_cycles: 0xffffff, max_idle_ns: 2085701024 ns
Oct  9 15:27:48 mpivet-p kernel: [    0.361400] NET: Registered PF_INET protocol family
Oct  9 15:27:48 mpivet-p kernel: [    0.361551] IP idents hash table entries: 16384 (order: 5, 131072 bytes, linear)
Oct  9 15:27:48 mpivet-p kernel: [    0.361551] tcp_listen_portaddr_hash hash table entries: 512 (order: 1, 8192 bytes, linear)
Oct  9 15:27:48 mpivet-p kernel: [    0.361551] TCP established hash table entries: 8192 (order: 4, 65536 bytes, linear)
Oct  9 15:27:48 mpivet-p kernel: [    0.361551] TCP bind hash table entries: 8192 (order: 5, 131072 bytes, linear)
Oct  9 15:27:48 mpivet-p kernel: [    0.361551] TCP: Hash tables configured (established 8192 bind 8192)
Oct  9 15:27:48 mpivet-p kernel: [    0.361551] UDP hash table entries: 512 (order: 2, 16384 bytes, linear)
Oct  9 15:27:48 mpivet-p kernel: [    0.364397] UDP-Lite hash table entries: 512 (order: 2, 16384 bytes, linear)
Oct  9 15:27:48 mpivet-p kernel: [    0.364569] NET: Registered PF_UNIX/PF_LOCAL protocol family
Oct  9 15:27:48 mpivet-p kernel: [    0.364870] RPC: Registered named UNIX socket transport module.
Oct  9 15:27:48 mpivet-p kernel: [    0.365101] RPC: Registered udp transport module.
Oct  9 15:27:48 mpivet-p kernel: [    0.365296] RPC: Registered tcp transport module.
Oct  9 15:27:48 mpivet-p kernel: [    0.365492] RPC: Registered tcp NFSv4.1 backchannel transport module.
Oct  9 15:27:48 mpivet-p kernel: [    0.365557] pci_bus 0000:00: resource 4 [io  0x0000-0x0cf7 window]
Oct  9 15:27:48 mpivet-p kernel: [    0.365557] pci_bus 0000:00: resource 5 [io  0x0d00-0xffff window]
Oct  9 15:27:48 mpivet-p kernel: [    0.365557] pci_bus 0000:00: resource 6 [mem 0x000a0000-0x000bffff window]
Oct  9 15:27:48 mpivet-p kernel: [    0.365557] pci_bus 0000:00: resource 7 [mem 0x40000000-0xfdffffff window]
Oct  9 15:27:48 mpivet-p kernel: [    0.367077] pci 0000:00:00.0: Limiting direct PCI/PCI transfers
Oct  9 15:27:48 mpivet-p kernel: [    0.367365] pci 0000:00:01.0: Activating ISA DMA hang workarounds
Oct  9 15:27:48 mpivet-p kernel: [    0.367671] pci 0000:00:02.0: Video device with shadowed ROM at [mem 0x000c0000-0x000dffff]
Oct  9 15:27:48 mpivet-p kernel: [    0.370398] PCI: CLS 0 bytes, default 64
Oct  9 15:27:48 mpivet-p kernel: [    0.370561] RAPL PMU: API unit is 2^-32 Joules, 0 fixed counters, 10737418240 ms ovfl timer
Oct  9 15:27:48 mpivet-p kernel: [    0.371009] platform rtc_cmos: registered platform RTC device (no PNP device found)
Oct  9 15:27:48 mpivet-p kernel: [    0.371169] Initialise system trusted keyrings
Oct  9 15:27:48 mpivet-p kernel: [    0.371433] workingset: timestamp_bits=56 max_order=18 bucket_order=0
Oct  9 15:27:48 mpivet-p kernel: [    0.373285] NFS: Registering the id_resolver key type
Oct  9 15:27:48 mpivet-p kernel: [    0.373522] Key type id_resolver registered
Oct  9 15:27:48 mpivet-p kernel: [    0.373654] Key type id_legacy registered
Oct  9 15:27:48 mpivet-p kernel: [    0.383306] Key type asymmetric registered
Oct  9 15:27:48 mpivet-p kernel: [    0.383498] Asymmetric key parser 'x509' registered
Oct  9 15:27:48 mpivet-p kernel: [    0.383552] Block layer SCSI generic (bsg) driver version 0.4 loaded (major 251)
Oct  9 15:27:48 mpivet-p kernel: [    0.383552] io scheduler mq-deadline registered
Oct  9 15:27:48 mpivet-p kernel: [    0.383552] io scheduler kyber registered
Oct  9 15:27:48 mpivet-p kernel: [    0.385297] ACPI: AC: AC Adapter [AC] (on-line)
Oct  9 15:27:48 mpivet-p kernel: [    0.385586] input: Power Button as /devices/LNXSYSTM:00/LNXPWRBN:00/input/input0
Oct  9 15:27:48 mpivet-p kernel: [    0.385921] ACPI: button: Power Button [PWRF]
Oct  9 15:27:48 mpivet-p kernel: [    0.386220] input: Sleep Button as /devices/LNXSYSTM:00/LNXSLPBN:00/input/input1
Oct  9 15:27:48 mpivet-p kernel: [    0.386541] ACPI: button: Sleep Button [SLPF]
Oct  9 15:27:48 mpivet-p kernel: [    0.386735] ACPI: video: Video Device [GFX0] (multi-head: yes  rom: no  post: no)
Oct  9 15:27:48 mpivet-p kernel: [    0.387033] input: Video Bus as /devices/LNXSYSTM:00/LNXSYBUS:00/PNP0A03:00/LNXVIDEO:00/input/input2
Oct  9 15:27:48 mpivet-p kernel: [    0.387554] Serial: 8250/16550 driver, 4 ports, IRQ sharing enabled
Oct  9 15:27:48 mpivet-p kernel: [    0.388244] Non-volatile memory driver v1.3
Oct  9 15:27:48 mpivet-p kernel: [    0.388493] Linux agpgart interface v0.103
Oct  9 15:27:48 mpivet-p kernel: [    0.389462] loop: module loaded
Oct  9 15:27:48 mpivet-p kernel: [    0.389560] ahci 0000:00:0d.0: version 3.0
Oct  9 15:27:48 mpivet-p kernel: [    0.390196] ahci 0000:00:0d.0: SSS flag set, parallel bus scan disabled
Oct  9 15:27:48 mpivet-p kernel: [    0.390803] ahci 0000:00:0d.0: AHCI 0001.0100 32 slots 3 ports 3 Gbps 0x7 impl SATA mode
Oct  9 15:27:48 mpivet-p kernel: [    0.391155] ahci 0000:00:0d.0: flags: 64bit ncq stag only ccc 
Oct  9 15:27:48 mpivet-p kernel: [    0.391999] scsi host0: ahci
Oct  9 15:27:48 mpivet-p kernel: [    0.392256] scsi host1: ahci
Oct  9 15:27:48 mpivet-p kernel: [    0.392529] scsi host2: ahci
Oct  9 15:27:48 mpivet-p kernel: [    0.392562] ata1: SATA max UDMA/133 abar m8192@0xf0806000 port 0xf0806100 irq 21
Oct  9 15:27:48 mpivet-p kernel: [    0.392562] ata2: SATA max UDMA/133 abar m8192@0xf0806000 port 0xf0806180 irq 21
Oct  9 15:27:48 mpivet-p kernel: [    0.392562] ata3: SATA max UDMA/133 abar m8192@0xf0806000 port 0xf0806200 irq 21
Oct  9 15:27:48 mpivet-p kernel: [    0.394558] ata_piix 0000:00:01.1: version 2.13
Oct  9 15:27:48 mpivet-p kernel: [    0.394972] scsi host3: ata_piix
Oct  9 15:27:48 mpivet-p kernel: [    0.395211] scsi host4: ata_piix
Oct  9 15:27:48 mpivet-p kernel: [    0.395408] ata4: PATA max UDMA/33 cmd 0x1f0 ctl 0x3f6 bmdma 0xd000 irq 14
Oct  9 15:27:48 mpivet-p kernel: [    0.395558] ata5: PATA max UDMA/33 cmd 0x170 ctl 0x376 bmdma 0xd008 irq 15
Oct  9 15:27:48 mpivet-p kernel: [    0.395558] libphy: Fixed MDIO Bus: probed
Oct  9 15:27:48 mpivet-p kernel: [    0.395558] e100: Intel(R) PRO/100 Network Driver
Oct  9 15:27:48 mpivet-p kernel: [    0.395558] e100: Copyright(c) 1999-2006 Intel Corporation
Oct  9 15:27:48 mpivet-p kernel: [    0.395558] e1000: Intel(R) PRO/1000 Network Driver
Oct  9 15:27:48 mpivet-p kernel: [    0.395558] e1000: Copyright (c) 1999-2006 Intel Corporation.
Oct  9 15:27:48 mpivet-p kernel: [    0.570123] ata5.00: ATAPI: VBOX CD-ROM, 1.0, max UDMA/133
Oct  9 15:27:48 mpivet-p kernel: [    0.723889] ata1: SATA link up 3.0 Gbps (SStatus 123 SControl 300)
Oct  9 15:27:48 mpivet-p kernel: [    0.724426] ata1.00: ATA-6: VBOX HARDDISK, 1.0, max UDMA/133
Oct  9 15:27:48 mpivet-p kernel: [    0.724555] ata1.00: 48234496 sectors, multi 128: LBA48 NCQ (depth 32)
Oct  9 15:27:48 mpivet-p kernel: [    0.730727] ata1.00: configured for UDMA/133
Oct  9 15:27:48 mpivet-p kernel: [    0.731015] scsi 0:0:0:0: Direct-Access     ATA      VBOX HARDDISK    1.0  PQ: 0 ANSI: 5
Oct  9 15:27:48 mpivet-p kernel: [    0.731538] sd 0:0:0:0: [sda] 48234496 512-byte logical blocks: (24.7 GB/23.0 GiB)
Oct  9 15:27:48 mpivet-p kernel: [    0.731568] sd 0:0:0:0: [sda] Write Protect is off
Oct  9 15:27:48 mpivet-p kernel: [    0.732491] sd 0:0:0:0: [sda] Mode Sense: 00 3a 00 00
Oct  9 15:27:48 mpivet-p kernel: [    0.732585] sd 0:0:0:0: Attached scsi generic sg0 type 0
Oct  9 15:27:48 mpivet-p kernel: [    0.733123] sd 0:0:0:0: [sda] Write cache: enabled, read cache: enabled, doesn't support DPO or FUA
Oct  9 15:27:48 mpivet-p kernel: [    0.792856]  sda: sda1 sda2 sda3 sda4 sda5
Oct  9 15:27:48 mpivet-p kernel: [    0.793295] sd 0:0:0:0: [sda] Attached SCSI disk
Oct  9 15:27:48 mpivet-p kernel: [    0.848511] e1000 0000:00:03.0 eth0: (PCI:33MHz:32-bit) 08:00:27:58:98:69
Oct  9 15:27:48 mpivet-p kernel: [    0.848664] e1000 0000:00:03.0 eth0: Intel(R) PRO/1000 Network Connection
Oct  9 15:27:48 mpivet-p kernel: [    0.848664] e1000e: Intel(R) PRO/1000 Network Driver
Oct  9 15:27:48 mpivet-p kernel: [    0.848664] e1000e: Copyright(c) 1999 - 2015 Intel Corporation.
Oct  9 15:27:48 mpivet-p kernel: [    0.848664] sky2: driver version 1.30
Oct  9 15:27:48 mpivet-p kernel: [    0.850634] ehci_hcd: USB 2.0 'Enhanced' Host Controller (EHCI) Driver
Oct  9 15:27:48 mpivet-p kernel: [    0.850895] ehci-pci: EHCI PCI platform driver
Oct  9 15:27:48 mpivet-p kernel: [    0.851649] ehci-pci 0000:00:0b.0: EHCI Host Controller
Oct  9 15:27:48 mpivet-p kernel: [    0.851900] ehci-pci 0000:00:0b.0: new USB bus registered, assigned bus number 1
Oct  9 15:27:48 mpivet-p kernel: [    0.852609] ehci-pci 0000:00:0b.0: irq 19, io mem 0xf0805000
Oct  9 15:27:48 mpivet-p kernel: [    0.860408] ehci-pci 0000:00:0b.0: USB 2.0 started, EHCI 1.00
Oct  9 15:27:48 mpivet-p kernel: [    0.860588] usb usb1: New USB device found, idVendor=1d6b, idProduct=0002, bcdDevice= 5.15
Oct  9 15:27:48 mpivet-p kernel: [    0.860943] usb usb1: New USB device strings: Mfr=3, Product=2, SerialNumber=1
Oct  9 15:27:48 mpivet-p kernel: [    0.861261] usb usb1: Product: EHCI Host Controller
Oct  9 15:27:48 mpivet-p kernel: [    0.861476] usb usb1: Manufacturer: Linux 5.15.0-thor_kernel-00193-g1da38549dd64-dirty ehci_hcd
Oct  9 15:27:48 mpivet-p kernel: [    0.861564] usb usb1: SerialNumber: 0000:00:0b.0
Oct  9 15:27:48 mpivet-p kernel: [    0.861564] hub 1-0:1.0: USB hub found
Oct  9 15:27:48 mpivet-p kernel: [    0.861564] hub 1-0:1.0: 12 ports detected
Oct  9 15:27:48 mpivet-p kernel: [    0.861564] ohci_hcd: USB 1.1 'Open' Host Controller (OHCI) Driver
Oct  9 15:27:48 mpivet-p kernel: [    0.861564] ohci-pci: OHCI PCI platform driver
Oct  9 15:27:48 mpivet-p kernel: [    0.864034] ohci-pci 0000:00:06.0: OHCI PCI host controller
Oct  9 15:27:48 mpivet-p kernel: [    0.864370] ohci-pci 0000:00:06.0: new USB bus registered, assigned bus number 2
Oct  9 15:27:48 mpivet-p kernel: [    0.864556] ohci-pci 0000:00:06.0: irq 22, io mem 0xf0804000
Oct  9 15:27:48 mpivet-p kernel: [    0.917024] usb usb2: New USB device found, idVendor=1d6b, idProduct=0001, bcdDevice= 5.15
Oct  9 15:27:48 mpivet-p kernel: [    0.917356] usb usb2: New USB device strings: Mfr=3, Product=2, SerialNumber=1
Oct  9 15:27:48 mpivet-p kernel: [    0.917616] usb usb2: Product: OHCI PCI host controller
Oct  9 15:27:48 mpivet-p kernel: [    0.917616] usb usb2: Manufacturer: Linux 5.15.0-thor_kernel-00193-g1da38549dd64-dirty ohci_hcd
Oct  9 15:27:48 mpivet-p kernel: [    0.917616] usb usb2: SerialNumber: 0000:00:06.0
Oct  9 15:27:48 mpivet-p kernel: [    0.917616] hub 2-0:1.0: USB hub found
Oct  9 15:27:48 mpivet-p kernel: [    0.917616] hub 2-0:1.0: 12 ports detected
Oct  9 15:27:48 mpivet-p kernel: [    0.920039] uhci_hcd: USB Universal Host Controller Interface driver
Oct  9 15:27:48 mpivet-p kernel: [    0.920311] usbcore: registered new interface driver usblp
Oct  9 15:27:48 mpivet-p kernel: [    0.920539] usbcore: registered new interface driver usb-storage
Oct  9 15:27:48 mpivet-p kernel: [    0.920553] i8042: PNP: PS/2 Controller [PNP0303:PS2K,PNP0f03:PS2M] at 0x60,0x64 irq 1,12
Oct  9 15:27:48 mpivet-p kernel: [    0.921554] serio: i8042 KBD port at 0x60,0x64 irq 1
Oct  9 15:27:48 mpivet-p kernel: [    0.921768] serio: i8042 AUX port at 0x60,0x64 irq 12
Oct  9 15:27:48 mpivet-p kernel: [    0.922290] input: AT Translated Set 2 keyboard as /devices/platform/i8042/serio0/input/input3
Oct  9 15:27:48 mpivet-p kernel: [    0.923492] rtc_cmos rtc_cmos: registered as rtc0
Oct  9 15:27:48 mpivet-p kernel: [    0.923701] rtc_cmos rtc_cmos: alarms up to one day, 114 bytes nvram
Oct  9 15:27:48 mpivet-p kernel: [    0.923827] device-mapper: ioctl: 4.45.0-ioctl (2021-03-22) initialised: dm-devel@redhat.com
Oct  9 15:27:48 mpivet-p kernel: [    0.924351] intel_pstate: CPU model not supported
Oct  9 15:27:48 mpivet-p kernel: [    0.924566] hid: raw HID events driver (C) Jiri Kosina
Oct  9 15:27:48 mpivet-p kernel: [    0.924854] usbcore: registered new interface driver usbhid
Oct  9 15:27:48 mpivet-p kernel: [    0.925124] usbhid: USB HID core driver
Oct  9 15:27:48 mpivet-p kernel: [    0.925467] Initializing XFRM netlink socket
Oct  9 15:27:48 mpivet-p kernel: [    0.925554] NET: Registered PF_INET6 protocol family
Oct  9 15:27:48 mpivet-p kernel: [    0.925554] Segment Routing with IPv6
Oct  9 15:27:48 mpivet-p kernel: [    0.925554] In-situ OAM (IOAM) with IPv6
Oct  9 15:27:48 mpivet-p kernel: [    0.925554] sit: IPv6, IPv4 and MPLS over IPv4 tunneling driver
Oct  9 15:27:48 mpivet-p kernel: [    0.925554] NET: Registered PF_PACKET protocol family
Oct  9 15:27:48 mpivet-p kernel: [    0.925554] Key type dns_resolver registered
Oct  9 15:27:48 mpivet-p kernel: [    0.925554] IPI shorthand broadcast: enabled
Oct  9 15:27:48 mpivet-p kernel: [    0.925554] sched_clock: Marking stable (897007381, 27547324)->(927080391, -2525686)
Oct  9 15:27:48 mpivet-p kernel: [    0.928353] registered taskstats version 1
Oct  9 15:27:48 mpivet-p kernel: [    0.928517] Loading compiled-in X.509 certificates
Oct  9 15:27:48 mpivet-p kernel: [    0.928746] PM:   Magic number: 9:6:483
Oct  9 15:27:48 mpivet-p kernel: [    0.928954] printk: console [netcon0] enabled
Oct  9 15:27:48 mpivet-p kernel: [    0.929146] netconsole: network logging started
Oct  9 15:27:48 mpivet-p kernel: [    0.929378] cfg80211: Loading compiled-in X.509 certificates for regulatory database
Oct  9 15:27:48 mpivet-p kernel: [    0.929686] kworker/u2:0 (73) used greatest stack depth: 14784 bytes left
Oct  9 15:27:48 mpivet-p kernel: [    0.930174] cfg80211: Loaded X.509 cert 'sforshee: 00b28ddf47aef9cea7'
Oct  9 15:27:48 mpivet-p kernel: [    0.930432] ALSA device list:
Oct  9 15:27:48 mpivet-p kernel: [    0.930581]   No soundcards found.
Oct  9 15:27:48 mpivet-p kernel: [    0.930789] platform regulatory.0: Direct firmware load for regulatory.db failed with error -2
Oct  9 15:27:48 mpivet-p kernel: [    0.931116] cfg80211: failed to load regulatory.db
Oct  9 15:27:48 mpivet-p kernel: [    1.043684] ata2: SATA link up 3.0 Gbps (SStatus 123 SControl 300)
Oct  9 15:27:48 mpivet-p kernel: [    1.044077] ata2.00: ATA-6: VBOX HARDDISK, 1.0, max UDMA/133
Oct  9 15:27:48 mpivet-p kernel: [    1.044304] ata2.00: 1024000 sectors, multi 128: LBA48 NCQ (depth 32)
Oct  9 15:27:48 mpivet-p kernel: [    1.044871] ata2.00: configured for UDMA/133
Oct  9 15:27:48 mpivet-p kernel: [    1.045140] scsi 1:0:0:0: Direct-Access     ATA      VBOX HARDDISK    1.0  PQ: 0 ANSI: 5
Oct  9 15:27:48 mpivet-p kernel: [    1.045650] sd 1:0:0:0: [sdb] 1024000 512-byte logical blocks: (524 MB/500 MiB)
Oct  9 15:27:48 mpivet-p kernel: [    1.045971] sd 1:0:0:0: [sdb] Write Protect is off
Oct  9 15:27:48 mpivet-p kernel: [    1.046170] sd 1:0:0:0: [sdb] Mode Sense: 00 3a 00 00
Oct  9 15:27:48 mpivet-p kernel: [    1.046181] sd 1:0:0:0: Attached scsi generic sg1 type 0
Oct  9 15:27:48 mpivet-p kernel: [    1.046417] sd 1:0:0:0: [sdb] Write cache: enabled, read cache: enabled, doesn't support DPO or FUA
Oct  9 15:27:48 mpivet-p kernel: [    1.070944]  sdb: sdb1
Oct  9 15:27:48 mpivet-p kernel: [    1.071251] sd 1:0:0:0: [sdb] Attached SCSI disk
Oct  9 15:27:48 mpivet-p kernel: [    1.112929] random: fast init done
Oct  9 15:27:48 mpivet-p kernel: [    1.113787] input: ImExPS/2 Generic Explorer Mouse as /devices/platform/i8042/serio1/input/input5
Oct  9 15:27:48 mpivet-p kernel: [    1.195421] usb 2-1: new full-speed USB device number 2 using ohci-pci
Oct  9 15:27:48 mpivet-p kernel: [    1.347184] ata3: SATA link down (SStatus 0 SControl 300)
Oct  9 15:27:48 mpivet-p kernel: [    1.348347] scsi 4:0:0:0: CD-ROM            VBOX     CD-ROM           1.0  PQ: 0 ANSI: 5
Oct  9 15:27:48 mpivet-p kernel: [    1.363846] sr 4:0:0:0: [sr0] scsi3-mmc drive: 32x/32x xa/form2 tray
Oct  9 15:27:48 mpivet-p kernel: [    1.364108] cdrom: Uniform CD-ROM driver Revision: 3.20
Oct  9 15:27:48 mpivet-p kernel: [    1.378861] sr 4:0:0:0: Attached scsi CD-ROM sr0
Oct  9 15:27:48 mpivet-p kernel: [    1.379125] sr 4:0:0:0: Attached scsi generic sg2 type 5
Oct  9 15:27:48 mpivet-p kernel: [    1.379388] md: Waiting for all devices to be available before autodetect
Oct  9 15:27:48 mpivet-p kernel: [    1.379570] md: If you don't use raid, use raid=noautodetect
Oct  9 15:27:48 mpivet-p kernel: [    1.379815] md: Autodetecting RAID arrays.
Oct  9 15:27:48 mpivet-p kernel: [    1.380016] md: autorun ...
Oct  9 15:27:48 mpivet-p kernel: [    1.380247] md: ... autorun DONE.
Oct  9 15:27:48 mpivet-p kernel: [    1.416358] tsc: Refined TSC clocksource calibration: 2892.312 MHz
Oct  9 15:27:48 mpivet-p kernel: [    1.416623] clocksource: tsc: mask: 0xffffffffffffffff max_cycles: 0x29b0e46bada, max_idle_ns: 440795317508 ns
Oct  9 15:27:48 mpivet-p kernel: [    1.417043] clocksource: Switched to clocksource tsc
Oct  9 15:27:48 mpivet-p kernel: [    1.425140] EXT4-fs (sda1): mounted filesystem with ordered data mode. Opts: (null). Quota mode: none.
Oct  9 15:27:48 mpivet-p kernel: [    1.425582] VFS: Mounted root (ext4 filesystem) readonly on device 8:1.
Oct  9 15:27:48 mpivet-p kernel: [    1.430956] usb 2-1: New USB device found, idVendor=80ee, idProduct=0021, bcdDevice= 1.00
Oct  9 15:27:48 mpivet-p kernel: [    1.431319] usb 2-1: New USB device strings: Mfr=1, Product=3, SerialNumber=0
Oct  9 15:27:48 mpivet-p kernel: [    1.432426] usb 2-1: Product: USB Tablet
Oct  9 15:27:48 mpivet-p kernel: [    1.432618] usb 2-1: Manufacturer: VirtualBox
Oct  9 15:27:48 mpivet-p kernel: [    1.443745] input: VirtualBox USB Tablet as /devices/pci0000:00/0000:00:06.0/usb2/2-1/2-1:1.0/0003:80EE:0021.0001/input/input6
Oct  9 15:27:48 mpivet-p kernel: [    1.444248] hid-generic 0003:80EE:0021.0001: input,hidraw0: USB HID v1.10 Mouse [VirtualBox USB Tablet] on usb-0000:00:06.0-1/input0
Oct  9 15:27:48 mpivet-p kernel: [    1.477268] devtmpfs: mounted
Oct  9 15:27:48 mpivet-p kernel: [    1.477623] Freeing unused kernel image (initmem) memory: 1348K
Oct  9 15:27:48 mpivet-p kernel: [    1.477890] Write protecting the kernel read-only data: 20480k
Oct  9 15:27:48 mpivet-p kernel: [    1.478467] Freeing unused kernel image (text/rodata gap) memory: 2032K
Oct  9 15:27:48 mpivet-p kernel: [    1.478838] Freeing unused kernel image (rodata/data gap) memory: 472K
Oct  9 15:27:48 mpivet-p kernel: [    1.479120] Run /sbin/init as init process
Oct  9 15:27:48 mpivet-p kernel: [    1.479330]   with arguments:
Oct  9 15:27:48 mpivet-p kernel: [    1.479330]     /sbin/init
Oct  9 15:27:48 mpivet-p kernel: [    1.479331]   with environment:
Oct  9 15:27:48 mpivet-p kernel: [    1.479331]     HOME=/
Oct  9 15:27:48 mpivet-p kernel: [    1.479332]     TERM=linux
Oct  9 15:27:48 mpivet-p kernel: [    1.479332]     BOOT_IMAGE=/vmlinuz-5.15.0-thor_kernel
Oct  9 15:27:48 mpivet-p kernel: [    2.037770] stty (84) used greatest stack depth: 13648 bytes left
Oct  9 15:27:48 mpivet-p kernel: [    2.294118] random: crng init done
Oct  9 15:27:48 mpivet-p kernel: [    2.778141] ip (143) used greatest stack depth: 12400 bytes left
Oct  9 15:27:48 mpivet-p kernel: <30>[    2.869104] udevd[173]: starting version 3.2.5
Oct  9 15:27:48 mpivet-p kernel: <30>[    3.134758] udevd[174]: starting eudev-3.2.5
Oct  9 15:27:48 mpivet-p kernel: [    3.279939] e1000 0000:00:03.0 enp0s3: renamed from eth0
Oct  9 15:27:48 mpivet-p kernel: [    3.794102] Adding 1048572k swap on /dev/sda3.  Priority:1 extents:1 across:1048572k 
Oct  9 15:27:48 mpivet-p kernel: [    3.810995] EXT4-fs (sda1): re-mounted. Opts: (null). Quota mode: none.
Oct  9 15:27:48 mpivet-p kernel: [    3.963703] EXT4-fs (sda1): re-mounted. Opts: (null). Quota mode: none.
Oct  9 15:27:48 mpivet-p kernel: [    5.345804] e1000: enp0s3 NIC Link is Up 1000 Mbps Full Duplex, Flow Control: RX
Oct  9 15:27:48 mpivet-p kernel: [    5.346389] IPv6: ADDRCONF(NETDEV_CHANGE): enp0s3: link becomes ready
