Oct 17 17:29:00 mpivet-p kernel: klogd 1.5.1, log source = /proc/kmsg started.
Oct 17 17:29:00 mpivet-p kernel: Cannot find map file.
Oct 17 17:29:00 mpivet-p kernel: Loaded 57869 symbols from 1 module.
Oct 17 17:29:00 mpivet-p kernel: [    0.000000] Linux version 5.15.0-rc5-next-20211015 (root@mpivet-p) (gcc (GCC) 8.2.0, GNU ld (GNU Binutils) 2.31.1) #1 SMP PREEMPT Sun Oct 17 16:40:34 CEST 2021
Oct 17 17:29:00 mpivet-p kernel: [    0.000000] Command line: BOOT_IMAGE=/vmlinuz-linux-next root=/dev/sda1 ro
Oct 17 17:29:00 mpivet-p kernel: [    0.000000] x86/fpu: Supporting XSAVE feature 0x001: 'x87 floating point registers'
Oct 17 17:29:00 mpivet-p kernel: [    0.000000] x86/fpu: Supporting XSAVE feature 0x002: 'SSE registers'
Oct 17 17:29:00 mpivet-p kernel: [    0.000000] x86/fpu: Supporting XSAVE feature 0x004: 'AVX registers'
Oct 17 17:29:00 mpivet-p kernel: [    0.000000] x86/fpu: xstate_offset[2]:  576, xstate_sizes[2]:  256
Oct 17 17:29:00 mpivet-p kernel: [    0.000000] x86/fpu: Enabled xstate features 0x7, context size is 832 bytes, using 'standard' format.
Oct 17 17:29:00 mpivet-p kernel: [    0.000000] signal: max sigframe size: 1776
Oct 17 17:29:00 mpivet-p kernel: [    0.000000] BIOS-provided physical RAM map:
Oct 17 17:29:00 mpivet-p kernel: [    0.000000] BIOS-e820: [mem 0x0000000000000000-0x000000000009fbff] usable
Oct 17 17:29:00 mpivet-p kernel: [    0.000000] BIOS-e820: [mem 0x000000000009fc00-0x000000000009ffff] reserved
Oct 17 17:29:00 mpivet-p kernel: [    0.000000] BIOS-e820: [mem 0x00000000000f0000-0x00000000000fffff] reserved
Oct 17 17:29:00 mpivet-p kernel: [    0.000000] BIOS-e820: [mem 0x0000000000100000-0x000000003ffeffff] usable
Oct 17 17:29:00 mpivet-p kernel: [    0.000000] BIOS-e820: [mem 0x000000003fff0000-0x000000003fffffff] ACPI data
Oct 17 17:29:00 mpivet-p kernel: [    0.000000] BIOS-e820: [mem 0x00000000fec00000-0x00000000fec00fff] reserved
Oct 17 17:29:00 mpivet-p kernel: [    0.000000] BIOS-e820: [mem 0x00000000fee00000-0x00000000fee00fff] reserved
Oct 17 17:29:00 mpivet-p kernel: [    0.000000] BIOS-e820: [mem 0x00000000fffc0000-0x00000000ffffffff] reserved
Oct 17 17:29:00 mpivet-p kernel: [    0.000000] NX (Execute Disable) protection: active
Oct 17 17:29:00 mpivet-p kernel: [    0.000000] SMBIOS 2.5 present.
Oct 17 17:29:00 mpivet-p kernel: [    0.000000] DMI: innotek GmbH VirtualBox/VirtualBox, BIOS VirtualBox 12/01/2006
Oct 17 17:29:00 mpivet-p kernel: [    0.000000] tsc: Fast TSC calibration using PIT
Oct 17 17:29:00 mpivet-p kernel: [    0.000000] tsc: Detected 2893.240 MHz processor
Oct 17 17:29:00 mpivet-p kernel: [    0.001123] e820: update [mem 0x00000000-0x00000fff] usable ==> reserved
Oct 17 17:29:00 mpivet-p kernel: [    0.001126] e820: remove [mem 0x000a0000-0x000fffff] usable
Oct 17 17:29:00 mpivet-p kernel: [    0.001130] last_pfn = 0x3fff0 max_arch_pfn = 0x400000000
Oct 17 17:29:00 mpivet-p kernel: [    0.001140] Disabled
Oct 17 17:29:00 mpivet-p kernel: [    0.001141] x86/PAT: MTRRs disabled, skipping PAT initialization too.
Oct 17 17:29:00 mpivet-p kernel: [    0.001144] CPU MTRRs all blank - virtualized system.
Oct 17 17:29:00 mpivet-p kernel: [    0.001146] x86/PAT: Configuration [0-7]: WB  WT  UC- UC  WB  WT  UC- UC  
Oct 17 17:29:00 mpivet-p kernel: [    0.001211] found SMP MP-table at [mem 0x0009fff0-0x0009ffff]
Oct 17 17:29:00 mpivet-p kernel: [    0.001283] ACPI: Early table checksum verification disabled
Oct 17 17:29:00 mpivet-p kernel: [    0.001287] ACPI: RSDP 0x00000000000E0000 000024 (v02 VBOX  )
Oct 17 17:29:00 mpivet-p kernel: [    0.001291] ACPI: XSDT 0x000000003FFF0030 00003C (v01 VBOX   VBOXXSDT 00000001 ASL  00000061)
Oct 17 17:29:00 mpivet-p kernel: [    0.001297] ACPI: FACP 0x000000003FFF00F0 0000F4 (v04 VBOX   VBOXFACP 00000001 ASL  00000061)
Oct 17 17:29:00 mpivet-p kernel: [    0.001303] ACPI: DSDT 0x000000003FFF0470 002325 (v02 VBOX   VBOXBIOS 00000002 INTL 20120111)
Oct 17 17:29:00 mpivet-p kernel: [    0.001307] ACPI: FACS 0x000000003FFF0200 000040
Oct 17 17:29:00 mpivet-p kernel: [    0.001310] ACPI: FACS 0x000000003FFF0200 000040
Oct 17 17:29:00 mpivet-p kernel: [    0.001313] ACPI: APIC 0x000000003FFF0240 000054 (v02 VBOX   VBOXAPIC 00000001 ASL  00000061)
Oct 17 17:29:00 mpivet-p kernel: [    0.001317] ACPI: SSDT 0x000000003FFF02A0 0001CC (v01 VBOX   VBOXCPUT 00000002 INTL 20120111)
Oct 17 17:29:00 mpivet-p kernel: [    0.001319] ACPI: Reserving FACP table memory at [mem 0x3fff00f0-0x3fff01e3]
Oct 17 17:29:00 mpivet-p kernel: [    0.001321] ACPI: Reserving DSDT table memory at [mem 0x3fff0470-0x3fff2794]
Oct 17 17:29:00 mpivet-p kernel: [    0.001322] ACPI: Reserving FACS table memory at [mem 0x3fff0200-0x3fff023f]
Oct 17 17:29:00 mpivet-p kernel: [    0.001323] ACPI: Reserving FACS table memory at [mem 0x3fff0200-0x3fff023f]
Oct 17 17:29:00 mpivet-p kernel: [    0.001324] ACPI: Reserving APIC table memory at [mem 0x3fff0240-0x3fff0293]
Oct 17 17:29:00 mpivet-p kernel: [    0.001325] ACPI: Reserving SSDT table memory at [mem 0x3fff02a0-0x3fff046b]
Oct 17 17:29:00 mpivet-p kernel: [    0.001631] No NUMA configuration found
Oct 17 17:29:00 mpivet-p kernel: [    0.001633] Faking a node at [mem 0x0000000000000000-0x000000003ffeffff]
Oct 17 17:29:00 mpivet-p kernel: [    0.001636] NODE_DATA(0) allocated [mem 0x3ffec000-0x3ffeffff]
Oct 17 17:29:00 mpivet-p kernel: [    0.001645] Zone ranges:
Oct 17 17:29:00 mpivet-p kernel: [    0.001646]   DMA      [mem 0x0000000000001000-0x0000000000ffffff]
Oct 17 17:29:00 mpivet-p kernel: [    0.001648]   DMA32    [mem 0x0000000001000000-0x000000003ffeffff]
Oct 17 17:29:00 mpivet-p kernel: [    0.001649]   Normal   empty
Oct 17 17:29:00 mpivet-p kernel: [    0.001650] Movable zone start for each node
Oct 17 17:29:00 mpivet-p kernel: [    0.001651] Early memory node ranges
Oct 17 17:29:00 mpivet-p kernel: [    0.001652]   node   0: [mem 0x0000000000001000-0x000000000009efff]
Oct 17 17:29:00 mpivet-p kernel: [    0.001653]   node   0: [mem 0x0000000000100000-0x000000003ffeffff]
Oct 17 17:29:00 mpivet-p kernel: [    0.001655] Initmem setup node 0 [mem 0x0000000000001000-0x000000003ffeffff]
Oct 17 17:29:00 mpivet-p kernel: [    0.001986] On node 0, zone DMA: 1 pages in unavailable ranges
Oct 17 17:29:00 mpivet-p kernel: [    0.002008] On node 0, zone DMA: 97 pages in unavailable ranges
Oct 17 17:29:00 mpivet-p kernel: [    0.005260] On node 0, zone DMA32: 16 pages in unavailable ranges
Oct 17 17:29:00 mpivet-p kernel: [    0.006198] ACPI: PM-Timer IO Port: 0x4008
Oct 17 17:29:00 mpivet-p kernel: [    0.006259] IOAPIC[0]: apic_id 1, version 32, address 0xfec00000, GSI 0-23
Oct 17 17:29:00 mpivet-p kernel: [    0.006263] ACPI: INT_SRC_OVR (bus 0 bus_irq 0 global_irq 2 dfl dfl)
Oct 17 17:29:00 mpivet-p kernel: [    0.006265] ACPI: INT_SRC_OVR (bus 0 bus_irq 9 global_irq 9 low level)
Oct 17 17:29:00 mpivet-p kernel: [    0.006269] ACPI: Using ACPI (MADT) for SMP configuration information
Oct 17 17:29:00 mpivet-p kernel: [    0.006277] smpboot: Allowing 1 CPUs, 0 hotplug CPUs
Oct 17 17:29:00 mpivet-p kernel: [    0.006287] PM: hibernation: Registered nosave memory: [mem 0x00000000-0x00000fff]
Oct 17 17:29:00 mpivet-p kernel: [    0.006289] PM: hibernation: Registered nosave memory: [mem 0x0009f000-0x0009ffff]
Oct 17 17:29:00 mpivet-p kernel: [    0.006290] PM: hibernation: Registered nosave memory: [mem 0x000a0000-0x000effff]
Oct 17 17:29:00 mpivet-p kernel: [    0.006291] PM: hibernation: Registered nosave memory: [mem 0x000f0000-0x000fffff]
Oct 17 17:29:00 mpivet-p kernel: [    0.006293] [mem 0x40000000-0xfebfffff] available for PCI devices
Oct 17 17:29:00 mpivet-p kernel: [    0.006295] clocksource: refined-jiffies: mask: 0xffffffff max_cycles: 0xffffffff, max_idle_ns: 1910969940391419 ns
Oct 17 17:29:00 mpivet-p kernel: [    0.012147] setup_percpu: NR_CPUS:64 nr_cpumask_bits:64 nr_cpu_ids:1 nr_node_ids:1
Oct 17 17:29:00 mpivet-p kernel: [    0.012254] percpu: Embedded 52 pages/cpu s174744 r8192 d30056 u2097152
Oct 17 17:29:00 mpivet-p kernel: [    0.012258] pcpu-alloc: s174744 r8192 d30056 u2097152 alloc=1*2097152
Oct 17 17:29:00 mpivet-p kernel: [    0.012261] pcpu-alloc: [0] 0 
Oct 17 17:29:00 mpivet-p kernel: [    0.012273] Fallback order for Node 0: 0 
Oct 17 17:29:00 mpivet-p kernel: [    0.012275] Built 1 zonelists, mobility grouping on.  Total pages: 257776
Oct 17 17:29:00 mpivet-p kernel: [    0.012276] Policy zone: DMA32
Oct 17 17:29:00 mpivet-p kernel: [    0.012278] Kernel command line: BOOT_IMAGE=/vmlinuz-linux-next root=/dev/sda1 ro
Oct 17 17:29:00 mpivet-p kernel: [    0.012310] Unknown kernel command line parameters "BOOT_IMAGE=/vmlinuz-linux-next", will be passed to user space.
Oct 17 17:29:00 mpivet-p kernel: [    0.012349] Dentry cache hash table entries: 131072 (order: 8, 1048576 bytes, linear)
Oct 17 17:29:00 mpivet-p kernel: [    0.012372] Inode-cache hash table entries: 65536 (order: 7, 524288 bytes, linear)
Oct 17 17:29:00 mpivet-p kernel: [    0.012410] mem auto-init: stack:off, heap alloc:off, heap free:off
Oct 17 17:29:00 mpivet-p kernel: [    0.014521] Memory: 998248K/1048120K available (14350K kernel code, 2587K rwdata, 3692K rodata, 1368K init, 1468K bss, 49612K reserved, 0K cma-reserved)
Oct 17 17:29:00 mpivet-p kernel: [    0.014552] SLUB: HWalign=64, Order=0-3, MinObjects=0, CPUs=1, Nodes=1
Oct 17 17:29:00 mpivet-p kernel: [    0.014559] Kernel/User page tables isolation: enabled
Oct 17 17:29:00 mpivet-p kernel: [    0.015494] Dynamic Preempt: none
Oct 17 17:29:00 mpivet-p kernel: [    0.015512] rcu: Preemptible hierarchical RCU implementation.
Oct 17 17:29:00 mpivet-p kernel: [    0.015513] rcu: ^IRCU event tracing is enabled.
Oct 17 17:29:00 mpivet-p kernel: [    0.015514] rcu: ^IRCU restricting CPUs from NR_CPUS=64 to nr_cpu_ids=1.
Oct 17 17:29:00 mpivet-p kernel: [    0.015515] ^ITrampoline variant of Tasks RCU enabled.
Oct 17 17:29:00 mpivet-p kernel: [    0.015516] rcu: RCU calculated value of scheduler-enlistment delay is 100 jiffies.
Oct 17 17:29:00 mpivet-p kernel: [    0.015517] rcu: Adjusting geometry for rcu_fanout_leaf=16, nr_cpu_ids=1
Oct 17 17:29:00 mpivet-p kernel: [    0.016388] NR_IRQS: 4352, nr_irqs: 256, preallocated irqs: 16
Oct 17 17:29:00 mpivet-p kernel: [    0.016582] random: get_random_bytes called from start_kernel+0x4aa/0x679 with crng_init=0
Oct 17 17:29:00 mpivet-p kernel: [    0.021842] Console: colour VGA+ 80x25
Oct 17 17:29:00 mpivet-p kernel: [    0.046043] printk: console [tty0] enabled
Oct 17 17:29:00 mpivet-p kernel: [    0.046247] ACPI: Core revision 20210930
Oct 17 17:29:00 mpivet-p kernel: [    0.046603] APIC: Switch to symmetric I/O mode setup
Oct 17 17:29:00 mpivet-p kernel: [    0.047805] ..TIMER: vector=0x30 apic1=0 pin1=2 apic2=-1 pin2=-1
Oct 17 17:29:00 mpivet-p kernel: [    0.051527] clocksource: tsc-early: mask: 0xffffffffffffffff max_cycles: 0x29b450fc1e0, max_idle_ns: 440795208281 ns
Oct 17 17:29:00 mpivet-p kernel: [    0.051975] Calibrating delay loop (skipped), value calculated using timer frequency.. 5786.48 BogoMIPS (lpj=2893240)
Oct 17 17:29:00 mpivet-p kernel: [    0.052404] pid_max: default: 32768 minimum: 301
Oct 17 17:29:00 mpivet-p kernel: [    0.052647] LSM: Security Framework initializing
Oct 17 17:29:00 mpivet-p kernel: [    0.052873] SELinux:  Initializing.
Oct 17 17:29:00 mpivet-p kernel: [    0.052970] Mount-cache hash table entries: 2048 (order: 2, 16384 bytes, linear)
Oct 17 17:29:00 mpivet-p kernel: [    0.052970] Mountpoint-cache hash table entries: 2048 (order: 2, 16384 bytes, linear)
Oct 17 17:29:00 mpivet-p kernel: [    0.053970] unchecked MSR access error: WRMSR to 0x3a (tried to write 0x0000000000000001) at rIP: 0xffffffffaf0361a7 (init_ia32_feat_ctl+0x87/0x310)
Oct 17 17:29:00 mpivet-p kernel: [    0.054454] Call Trace:
Oct 17 17:29:00 mpivet-p kernel: [    0.054970]  <TASK>
Oct 17 17:29:00 mpivet-p kernel: [    0.055120]  init_intel+0xb5/0x4f0
Oct 17 17:29:00 mpivet-p kernel: [    0.055302]  identify_cpu+0x2f8/0x6b0
Oct 17 17:29:00 mpivet-p kernel: [    0.055489]  identify_boot_cpu+0xc/0x94
Oct 17 17:29:00 mpivet-p kernel: [    0.055682]  check_bugs+0x23/0xa56
Oct 17 17:29:00 mpivet-p kernel: [    0.055869]  ? _raw_spin_lock+0xe/0x30
Oct 17 17:29:00 mpivet-p kernel: [    0.055970]  ? __get_locked_pte+0x16c/0x210
Oct 17 17:29:00 mpivet-p kernel: [    0.055970]  start_kernel+0x643/0x679
Oct 17 17:29:00 mpivet-p kernel: [    0.055970]  secondary_startup_64_no_verify+0xc2/0xcb
Oct 17 17:29:00 mpivet-p kernel: [    0.055970]  </TASK>
Oct 17 17:29:00 mpivet-p kernel: [    0.055970] process: using mwait in idle threads
Oct 17 17:29:00 mpivet-p kernel: [    0.055970] Last level iTLB entries: 4KB 512, 2MB 8, 4MB 8
Oct 17 17:29:00 mpivet-p kernel: [    0.055970] Last level dTLB entries: 4KB 512, 2MB 32, 4MB 32, 1GB 0
Oct 17 17:29:00 mpivet-p kernel: [    0.055970] Spectre V1 : Mitigation: usercopy/swapgs barriers and __user pointer sanitization
Oct 17 17:29:00 mpivet-p kernel: [    0.055970] Spectre V2 : Mitigation: Full generic retpoline
Oct 17 17:29:00 mpivet-p kernel: [    0.055970] Spectre V2 : Spectre v2 / SpectreRSB mitigation: Filling RSB on context switch
Oct 17 17:29:00 mpivet-p kernel: [    0.055970] Speculative Store Bypass: Vulnerable
Oct 17 17:29:00 mpivet-p kernel: [    0.055970] SRBDS: Unknown: Dependent on hypervisor status
Oct 17 17:29:00 mpivet-p kernel: [    0.055970] MDS: Mitigation: Clear CPU buffers
Oct 17 17:29:00 mpivet-p kernel: [    0.071361] Freeing SMP alternatives memory: 44K
Oct 17 17:29:00 mpivet-p kernel: [    0.173930] smpboot: CPU0: Intel(R) Core(TM) i5-3470S CPU @ 2.90GHz (family: 0x6, model: 0x3a, stepping: 0x9)
Oct 17 17:29:00 mpivet-p kernel: [    0.173970] Performance Events: unsupported p6 CPU model 58 no PMU driver, software events only.
Oct 17 17:29:00 mpivet-p kernel: [    0.173970] rcu: Hierarchical SRCU implementation.
Oct 17 17:29:00 mpivet-p kernel: [    0.173970] smp: Bringing up secondary CPUs ...
Oct 17 17:29:00 mpivet-p kernel: [    0.173970] smp: Brought up 1 node, 1 CPU
Oct 17 17:29:00 mpivet-p kernel: [    0.173970] smpboot: Max logical packages: 1
Oct 17 17:29:00 mpivet-p kernel: [    0.173970] smpboot: Total of 1 processors activated (5786.48 BogoMIPS)
Oct 17 17:29:00 mpivet-p kernel: [    0.173970] devtmpfs: initialized
Oct 17 17:29:00 mpivet-p kernel: [    0.175521] clocksource: jiffies: mask: 0xffffffff max_cycles: 0xffffffff, max_idle_ns: 1911260446275000 ns
Oct 17 17:29:00 mpivet-p kernel: [    0.175975] futex hash table entries: 256 (order: 2, 16384 bytes, linear)
Oct 17 17:29:00 mpivet-p kernel: [    0.176284] PM: RTC time: 15:28:56, date: 2021-10-17
Oct 17 17:29:00 mpivet-p kernel: [    0.176559] NET: Registered PF_NETLINK/PF_ROUTE protocol family
Oct 17 17:29:00 mpivet-p kernel: [    0.176846] audit: initializing netlink subsys (disabled)
Oct 17 17:29:00 mpivet-p kernel: [    0.176970] thermal_sys: Registered thermal governor 'step_wise'
Oct 17 17:29:00 mpivet-p kernel: [    0.176970] thermal_sys: Registered thermal governor 'user_space'
Oct 17 17:29:00 mpivet-p kernel: [    0.176970] audit: type=2000 audit(1634484536.129:1): state=initialized audit_enabled=0 res=1
Oct 17 17:29:00 mpivet-p kernel: [    0.176970] cpuidle: using governor menu
Oct 17 17:29:00 mpivet-p kernel: [    0.177970] PCI: Using configuration type 1 for base access
Oct 17 17:29:00 mpivet-p kernel: [    0.180536] kprobes: kprobe jump-optimization is enabled. All kprobes are optimized if possible.
Oct 17 17:29:00 mpivet-p kernel: [    0.180959] HugeTLB registered 2.00 MiB page size, pre-allocated 0 pages
Oct 17 17:29:00 mpivet-p kernel: [    0.180970] ACPI: Added _OSI(Module Device)
Oct 17 17:29:00 mpivet-p kernel: [    0.180970] ACPI: Added _OSI(Processor Device)
Oct 17 17:29:00 mpivet-p kernel: [    0.180970] ACPI: Added _OSI(3.0 _SCP Extensions)
Oct 17 17:29:00 mpivet-p kernel: [    0.180970] ACPI: Added _OSI(Processor Aggregator Device)
Oct 17 17:29:00 mpivet-p kernel: [    0.180970] ACPI: Added _OSI(Linux-Dell-Video)
Oct 17 17:29:00 mpivet-p kernel: [    0.180970] ACPI: Added _OSI(Linux-Lenovo-NV-HDMI-Audio)
Oct 17 17:29:00 mpivet-p kernel: [    0.180970] ACPI: Added _OSI(Linux-HPI-Hybrid-Graphics)
Oct 17 17:29:00 mpivet-p kernel: [    0.183838] ACPI: 2 ACPI AML tables successfully acquired and loaded
Oct 17 17:29:00 mpivet-p kernel: [    0.185264] ACPI: Interpreter enabled
Oct 17 17:29:00 mpivet-p kernel: [    0.185931] ACPI: PM: (supports S0 S5)
Oct 17 17:29:00 mpivet-p kernel: [    0.185970] ACPI: Using IOAPIC for interrupt routing
Oct 17 17:29:00 mpivet-p kernel: [    0.185970] PCI: Using host bridge windows from ACPI; if necessary, use "pci=nocrs" and report a bug
Oct 17 17:29:00 mpivet-p kernel: [    0.185970] ACPI: Enabled 2 GPEs in block 00 to 07
Oct 17 17:29:00 mpivet-p kernel: [    0.191798] ACPI: PCI Root Bridge [PCI0] (domain 0000 [bus 00-ff])
Oct 17 17:29:00 mpivet-p kernel: [    0.191970] acpi PNP0A03:00: _OSC: OS supports [ASPM ClockPM Segments MSI HPX-Type3]
Oct 17 17:29:00 mpivet-p kernel: [    0.192144] acpi PNP0A03:00: _OSC: not requesting OS control; OS requires [ExtendedConfig ASPM ClockPM MSI]
Oct 17 17:29:00 mpivet-p kernel: [    0.193205] acpi PNP0A03:00: fail to add MMCONFIG information, can't access extended PCI configuration space under this bridge.
Oct 17 17:29:00 mpivet-p kernel: [    0.193772] PCI host bridge to bus 0000:00
Oct 17 17:29:00 mpivet-p kernel: [    0.193970] pci_bus 0000:00: root bus resource [io  0x0000-0x0cf7 window]
Oct 17 17:29:00 mpivet-p kernel: [    0.193970] pci_bus 0000:00: root bus resource [io  0x0d00-0xffff window]
Oct 17 17:29:00 mpivet-p kernel: [    0.193970] pci_bus 0000:00: root bus resource [mem 0x000a0000-0x000bffff window]
Oct 17 17:29:00 mpivet-p kernel: [    0.193970] pci_bus 0000:00: root bus resource [mem 0x40000000-0xfdffffff window]
Oct 17 17:29:00 mpivet-p kernel: [    0.193970] pci_bus 0000:00: root bus resource [bus 00-ff]
Oct 17 17:29:00 mpivet-p kernel: [    0.196507] pci 0000:00:00.0: [8086:1237] type 00 class 0x060000
Oct 17 17:29:00 mpivet-p kernel: [    0.198118] pci 0000:00:01.0: [8086:7000] type 00 class 0x060100
Oct 17 17:29:00 mpivet-p kernel: [    0.200069] pci 0000:00:01.1: [8086:7111] type 00 class 0x01018a
Oct 17 17:29:00 mpivet-p kernel: [    0.201237] pci 0000:00:01.1: reg 0x20: [io  0xd000-0xd00f]
Oct 17 17:29:00 mpivet-p kernel: [    0.201822] pci 0000:00:01.1: legacy IDE quirk: reg 0x10: [io  0x01f0-0x01f7]
Oct 17 17:29:00 mpivet-p kernel: [    0.201970] pci 0000:00:01.1: legacy IDE quirk: reg 0x14: [io  0x03f6]
Oct 17 17:29:00 mpivet-p kernel: [    0.201970] pci 0000:00:01.1: legacy IDE quirk: reg 0x18: [io  0x0170-0x0177]
Oct 17 17:29:00 mpivet-p kernel: [    0.201970] pci 0000:00:01.1: legacy IDE quirk: reg 0x1c: [io  0x0376]
Oct 17 17:29:00 mpivet-p kernel: [    0.203483] pci 0000:00:02.0: [15ad:0405] type 00 class 0x030000
Oct 17 17:29:00 mpivet-p kernel: [    0.204552] pci 0000:00:02.0: reg 0x10: [io  0xd010-0xd01f]
Oct 17 17:29:00 mpivet-p kernel: [    0.205588] pci 0000:00:02.0: reg 0x14: [mem 0xe0000000-0xe0ffffff pref]
Oct 17 17:29:00 mpivet-p kernel: [    0.206255] pci 0000:00:02.0: reg 0x18: [mem 0xf0000000-0xf01fffff]
Oct 17 17:29:00 mpivet-p kernel: [    0.210123] pci 0000:00:03.0: [8086:100e] type 00 class 0x020000
Oct 17 17:29:00 mpivet-p kernel: [    0.211088] pci 0000:00:03.0: reg 0x10: [mem 0xf0200000-0xf021ffff]
Oct 17 17:29:00 mpivet-p kernel: [    0.212775] pci 0000:00:03.0: reg 0x18: [io  0xd020-0xd027]
Oct 17 17:29:00 mpivet-p kernel: [    0.217217] pci 0000:00:04.0: [80ee:cafe] type 00 class 0x088000
Oct 17 17:29:00 mpivet-p kernel: [    0.218123] pci 0000:00:04.0: reg 0x10: [io  0xd040-0xd05f]
Oct 17 17:29:00 mpivet-p kernel: [    0.218994] pci 0000:00:04.0: reg 0x14: [mem 0xf0400000-0xf07fffff]
Oct 17 17:29:00 mpivet-p kernel: [    0.219736] pci 0000:00:04.0: reg 0x18: [mem 0xf0800000-0xf0803fff pref]
Oct 17 17:29:00 mpivet-p kernel: [    0.222161] pci 0000:00:05.0: [8086:2415] type 00 class 0x040100
Oct 17 17:29:00 mpivet-p kernel: [    0.222635] pci 0000:00:05.0: reg 0x10: [io  0xd100-0xd1ff]
Oct 17 17:29:00 mpivet-p kernel: [    0.223011] pci 0000:00:05.0: reg 0x14: [io  0xd200-0xd23f]
Oct 17 17:29:00 mpivet-p kernel: [    0.224379] pci 0000:00:06.0: [106b:003f] type 00 class 0x0c0310
Oct 17 17:29:00 mpivet-p kernel: [    0.225215] pci 0000:00:06.0: reg 0x10: [mem 0xf0804000-0xf0804fff]
Oct 17 17:29:00 mpivet-p kernel: [    0.229143] pci 0000:00:07.0: [8086:7113] type 00 class 0x068000
Oct 17 17:29:00 mpivet-p kernel: [    0.230483] pci 0000:00:07.0: quirk: [io  0x4000-0x403f] claimed by PIIX4 ACPI
Oct 17 17:29:00 mpivet-p kernel: [    0.230860] pci 0000:00:07.0: quirk: [io  0x4100-0x410f] claimed by PIIX4 SMB
Oct 17 17:29:00 mpivet-p kernel: [    0.231712] pci 0000:00:0b.0: [8086:265c] type 00 class 0x0c0320
Oct 17 17:29:00 mpivet-p kernel: [    0.233752] pci 0000:00:0b.0: reg 0x10: [mem 0xf0805000-0xf0805fff]
Oct 17 17:29:00 mpivet-p kernel: [    0.238040] pci 0000:00:0d.0: [8086:2829] type 00 class 0x010601
Oct 17 17:29:00 mpivet-p kernel: [    0.238887] pci 0000:00:0d.0: reg 0x10: [io  0xd240-0xd247]
Oct 17 17:29:00 mpivet-p kernel: [    0.239231] pci 0000:00:0d.0: reg 0x14: [io  0xd248-0xd24b]
Oct 17 17:29:00 mpivet-p kernel: [    0.240099] pci 0000:00:0d.0: reg 0x18: [io  0xd250-0xd257]
Oct 17 17:29:00 mpivet-p kernel: [    0.240749] pci 0000:00:0d.0: reg 0x1c: [io  0xd258-0xd25b]
Oct 17 17:29:00 mpivet-p kernel: [    0.242064] pci 0000:00:0d.0: reg 0x20: [io  0xd260-0xd26f]
Oct 17 17:29:00 mpivet-p kernel: [    0.242728] pci 0000:00:0d.0: reg 0x24: [mem 0xf0806000-0xf0807fff]
Oct 17 17:29:00 mpivet-p kernel: [    0.245546] ACPI: PCI: Interrupt link LNKA configured for IRQ 11
Oct 17 17:29:00 mpivet-p kernel: [    0.246020] ACPI: PCI: Interrupt link LNKB configured for IRQ 10
Oct 17 17:29:00 mpivet-p kernel: [    0.246370] ACPI: PCI: Interrupt link LNKC configured for IRQ 9
Oct 17 17:29:00 mpivet-p kernel: [    0.246754] ACPI: PCI: Interrupt link LNKD configured for IRQ 11
Oct 17 17:29:00 mpivet-p kernel: [    0.247116] iommu: Default domain type: Translated 
Oct 17 17:29:00 mpivet-p kernel: [    0.247324] iommu: DMA domain TLB invalidation policy: lazy mode 
Oct 17 17:29:00 mpivet-p kernel: [    0.247646] pci 0000:00:02.0: vgaarb: setting as boot VGA device
Oct 17 17:29:00 mpivet-p kernel: [    0.247890] pci 0000:00:02.0: vgaarb: VGA device added: decodes=io+mem,owns=io+mem,locks=none
Oct 17 17:29:00 mpivet-p kernel: [    0.247970] pci 0000:00:02.0: vgaarb: bridge control possible
Oct 17 17:29:00 mpivet-p kernel: [    0.247970] vgaarb: loaded
Oct 17 17:29:00 mpivet-p kernel: [    0.247970] SCSI subsystem initialized
Oct 17 17:29:00 mpivet-p kernel: [    0.247970] libata version 3.00 loaded.
Oct 17 17:29:00 mpivet-p kernel: [    0.249180] ACPI: bus type USB registered
Oct 17 17:29:00 mpivet-p kernel: [    0.249978] usbcore: registered new interface driver usbfs
Oct 17 17:29:00 mpivet-p kernel: [    0.250420] usbcore: registered new interface driver hub
Oct 17 17:29:00 mpivet-p kernel: [    0.250661] usbcore: registered new device driver usb
Oct 17 17:29:00 mpivet-p kernel: [    0.250995] pps_core: LinuxPPS API ver. 1 registered
Oct 17 17:29:00 mpivet-p kernel: [    0.251225] pps_core: Software ver. 5.3.6 - Copyright 2005-2007 Rodolfo Giometti <giometti@linux.it>
Oct 17 17:29:00 mpivet-p kernel: [    0.251638] PTP clock support registered
Oct 17 17:29:00 mpivet-p kernel: [    0.251970] Advanced Linux Sound Architecture Driver Initialized.
Oct 17 17:29:00 mpivet-p kernel: [    0.252121] NetLabel: Initializing
Oct 17 17:29:00 mpivet-p kernel: [    0.252301] NetLabel:  domain hash size = 128
Oct 17 17:29:00 mpivet-p kernel: [    0.252502] NetLabel:  protocols = UNLABELED CIPSOv4 CALIPSO
Oct 17 17:29:00 mpivet-p kernel: [    0.252765] NetLabel:  unlabeled traffic allowed by default
Oct 17 17:29:00 mpivet-p kernel: [    0.252970] PCI: Using ACPI for IRQ routing
Oct 17 17:29:00 mpivet-p kernel: [    0.252970] PCI: pci_cache_line_size set to 64 bytes
Oct 17 17:29:00 mpivet-p kernel: [    0.254113] e820: reserve RAM buffer [mem 0x0009fc00-0x0009ffff]
Oct 17 17:29:00 mpivet-p kernel: [    0.254120] e820: reserve RAM buffer [mem 0x3fff0000-0x3fffffff]
Oct 17 17:29:00 mpivet-p kernel: [    0.254197] clocksource: Switched to clocksource tsc-early
Oct 17 17:29:00 mpivet-p kernel: [    0.261757] VFS: Disk quotas dquot_6.6.0
Oct 17 17:29:00 mpivet-p kernel: [    0.261924] VFS: Dquot-cache hash table entries: 512 (order 0, 4096 bytes)
Oct 17 17:29:00 mpivet-p kernel: [    0.262221] pnp: PnP ACPI init
Oct 17 17:29:00 mpivet-p kernel: [    0.263536] pnp: PnP ACPI: found 2 devices
Oct 17 17:29:00 mpivet-p kernel: [    0.373490] clocksource: acpi_pm: mask: 0xffffff max_cycles: 0xffffff, max_idle_ns: 2085701024 ns
Oct 17 17:29:00 mpivet-p kernel: [    0.373743] NET: Registered PF_INET protocol family
Oct 17 17:29:00 mpivet-p kernel: [    0.373743] IP idents hash table entries: 16384 (order: 5, 131072 bytes, linear)
Oct 17 17:29:00 mpivet-p kernel: [    0.374495] tcp_listen_portaddr_hash hash table entries: 512 (order: 1, 8192 bytes, linear)
Oct 17 17:29:00 mpivet-p kernel: [    0.374751] TCP established hash table entries: 8192 (order: 4, 65536 bytes, linear)
Oct 17 17:29:00 mpivet-p kernel: [    0.375111] TCP bind hash table entries: 8192 (order: 5, 131072 bytes, linear)
Oct 17 17:29:00 mpivet-p kernel: [    0.375419] TCP: Hash tables configured (established 8192 bind 8192)
Oct 17 17:29:00 mpivet-p kernel: [    0.375680] UDP hash table entries: 512 (order: 2, 16384 bytes, linear)
Oct 17 17:29:00 mpivet-p kernel: [    0.375750] UDP-Lite hash table entries: 512 (order: 2, 16384 bytes, linear)
Oct 17 17:29:00 mpivet-p kernel: [    0.375750] NET: Registered PF_UNIX/PF_LOCAL protocol family
Oct 17 17:29:00 mpivet-p kernel: [    0.375750] RPC: Registered named UNIX socket transport module.
Oct 17 17:29:00 mpivet-p kernel: [    0.375750] RPC: Registered udp transport module.
Oct 17 17:29:00 mpivet-p kernel: [    0.375750] RPC: Registered tcp transport module.
Oct 17 17:29:00 mpivet-p kernel: [    0.375750] RPC: Registered tcp NFSv4.1 backchannel transport module.
Oct 17 17:29:00 mpivet-p kernel: [    0.375750] pci_bus 0000:00: resource 4 [io  0x0000-0x0cf7 window]
Oct 17 17:29:00 mpivet-p kernel: [    0.375750] pci_bus 0000:00: resource 5 [io  0x0d00-0xffff window]
Oct 17 17:29:00 mpivet-p kernel: [    0.375750] pci_bus 0000:00: resource 6 [mem 0x000a0000-0x000bffff window]
Oct 17 17:29:00 mpivet-p kernel: [    0.375750] pci_bus 0000:00: resource 7 [mem 0x40000000-0xfdffffff window]
Oct 17 17:29:00 mpivet-p kernel: [    0.378638] pci 0000:00:00.0: Limiting direct PCI/PCI transfers
Oct 17 17:29:00 mpivet-p kernel: [    0.378769] pci 0000:00:01.0: Activating ISA DMA hang workarounds
Oct 17 17:29:00 mpivet-p kernel: [    0.379094] pci 0000:00:02.0: Video device with shadowed ROM at [mem 0x000c0000-0x000dffff]
Oct 17 17:29:00 mpivet-p kernel: [    0.381499] PCI: CLS 0 bytes, default 64
Oct 17 17:29:00 mpivet-p kernel: [    0.381745] RAPL PMU: API unit is 2^-32 Joules, 0 fixed counters, 10737418240 ms ovfl timer
Oct 17 17:29:00 mpivet-p kernel: [    0.381754] platform rtc_cmos: registered platform RTC device (no PNP device found)
Oct 17 17:29:00 mpivet-p kernel: [    0.382956] Initialise system trusted keyrings
Oct 17 17:29:00 mpivet-p kernel: [    0.383210] workingset: timestamp_bits=56 max_order=18 bucket_order=0
Oct 17 17:29:00 mpivet-p kernel: [    0.384232] NFS: Registering the id_resolver key type
Oct 17 17:29:00 mpivet-p kernel: [    0.384442] Key type id_resolver registered
Oct 17 17:29:00 mpivet-p kernel: [    0.384675] Key type id_legacy registered
Oct 17 17:29:00 mpivet-p kernel: [    0.394274] Key type asymmetric registered
Oct 17 17:29:00 mpivet-p kernel: [    0.394493] Asymmetric key parser 'x509' registered
Oct 17 17:29:00 mpivet-p kernel: [    0.394752] Block layer SCSI generic (bsg) driver version 0.4 loaded (major 251)
Oct 17 17:29:00 mpivet-p kernel: [    0.394752] io scheduler mq-deadline registered
Oct 17 17:29:00 mpivet-p kernel: [    0.394752] io scheduler kyber registered
Oct 17 17:29:00 mpivet-p kernel: [    0.395361] ACPI: AC: AC Adapter [AC] (on-line)
Oct 17 17:29:00 mpivet-p kernel: [    0.395552] input: Power Button as /devices/LNXSYSTM:00/LNXPWRBN:00/input/input0
Oct 17 17:29:00 mpivet-p kernel: [    0.395911] ACPI: button: Power Button [PWRF]
Oct 17 17:29:00 mpivet-p kernel: [    0.396765] input: Sleep Button as /devices/LNXSYSTM:00/LNXSLPBN:00/input/input1
Oct 17 17:29:00 mpivet-p kernel: [    0.397107] ACPI: button: Sleep Button [SLPF]
Oct 17 17:29:00 mpivet-p kernel: [    0.397440] ACPI: video: Video Device [GFX0] (multi-head: yes  rom: no  post: no)
Oct 17 17:29:00 mpivet-p kernel: [    0.397747] input: Video Bus as /devices/LNXSYSTM:00/LNXSYBUS:00/PNP0A03:00/LNXVIDEO:00/input/input2
Oct 17 17:29:00 mpivet-p kernel: [    0.397747] Serial: 8250/16550 driver, 4 ports, IRQ sharing enabled
Oct 17 17:29:00 mpivet-p kernel: [    0.398965] Non-volatile memory driver v1.3
Oct 17 17:29:00 mpivet-p kernel: [    0.399186] Linux agpgart interface v0.103
Oct 17 17:29:00 mpivet-p kernel: [    0.399508] ACPI: bus type drm_connector registered
Oct 17 17:29:00 mpivet-p kernel: [    0.400985] loop: module loaded
Oct 17 17:29:00 mpivet-p kernel: [    0.401221] ahci 0000:00:0d.0: version 3.0
Oct 17 17:29:00 mpivet-p kernel: [    0.401898] ahci 0000:00:0d.0: SSS flag set, parallel bus scan disabled
Oct 17 17:29:00 mpivet-p kernel: [    0.402704] ahci 0000:00:0d.0: AHCI 0001.0100 32 slots 3 ports 3 Gbps 0x7 impl SATA mode
Oct 17 17:29:00 mpivet-p kernel: [    0.402897] ahci 0000:00:0d.0: flags: 64bit ncq stag only ccc 
Oct 17 17:29:00 mpivet-p kernel: [    0.403532] scsi host0: ahci
Oct 17 17:29:00 mpivet-p kernel: [    0.403794] scsi host1: ahci
Oct 17 17:29:00 mpivet-p kernel: [    0.403928] scsi host2: ahci
Oct 17 17:29:00 mpivet-p kernel: [    0.404132] ata1: SATA max UDMA/133 abar m8192@0xf0806000 port 0xf0806100 irq 21
Oct 17 17:29:00 mpivet-p kernel: [    0.404456] ata2: SATA max UDMA/133 abar m8192@0xf0806000 port 0xf0806180 irq 21
Oct 17 17:29:00 mpivet-p kernel: [    0.404778] ata3: SATA max UDMA/133 abar m8192@0xf0806000 port 0xf0806200 irq 21
Oct 17 17:29:00 mpivet-p kernel: [    0.404853] ata_piix 0000:00:01.1: version 2.13
Oct 17 17:29:00 mpivet-p kernel: [    0.406679] scsi host3: ata_piix
Oct 17 17:29:00 mpivet-p kernel: [    0.406877] scsi host4: ata_piix
Oct 17 17:29:00 mpivet-p kernel: [    0.407038] ata4: PATA max UDMA/33 cmd 0x1f0 ctl 0x3f6 bmdma 0xd000 irq 14
Oct 17 17:29:00 mpivet-p kernel: [    0.407295] ata5: PATA max UDMA/33 cmd 0x170 ctl 0x376 bmdma 0xd008 irq 15
Oct 17 17:29:00 mpivet-p kernel: [    0.407655] libphy: Fixed MDIO Bus: probed
Oct 17 17:29:00 mpivet-p kernel: [    0.407876] e100: Intel(R) PRO/100 Network Driver
Oct 17 17:29:00 mpivet-p kernel: [    0.407876] e100: Copyright(c) 1999-2006 Intel Corporation
Oct 17 17:29:00 mpivet-p kernel: [    0.407876] e1000: Intel(R) PRO/1000 Network Driver
Oct 17 17:29:00 mpivet-p kernel: [    0.407876] e1000: Copyright (c) 1999-2006 Intel Corporation.
Oct 17 17:29:00 mpivet-p kernel: [    0.580821] ata5.00: ATAPI: VBOX CD-ROM, 1.0, max UDMA/133
Oct 17 17:29:00 mpivet-p kernel: [    0.731878] ata1: SATA link up 3.0 Gbps (SStatus 123 SControl 300)
Oct 17 17:29:00 mpivet-p kernel: [    0.737856] ata1.00: ATA-6: VBOX HARDDISK, 1.0, max UDMA/133
Oct 17 17:29:00 mpivet-p kernel: [    0.738120] ata1.00: 48234496 sectors, multi 128: LBA48 NCQ (depth 32)
Oct 17 17:29:00 mpivet-p kernel: [    0.749079] ata1.00: configured for UDMA/133
Oct 17 17:29:00 mpivet-p kernel: [    0.749404] scsi 0:0:0:0: Direct-Access     ATA      VBOX HARDDISK    1.0  PQ: 0 ANSI: 5
Oct 17 17:29:00 mpivet-p kernel: [    0.749997] sd 0:0:0:0: [sda] 48234496 512-byte logical blocks: (24.7 GB/23.0 GiB)
Oct 17 17:29:00 mpivet-p kernel: [    0.750451] sd 0:0:0:0: [sda] Write Protect is off
Oct 17 17:29:00 mpivet-p kernel: [    0.750675] sd 0:0:0:0: [sda] Mode Sense: 00 3a 00 00
Oct 17 17:29:00 mpivet-p kernel: [    0.750692] sd 0:0:0:0: Attached scsi generic sg0 type 0
Oct 17 17:29:00 mpivet-p kernel: [    0.752609] sd 0:0:0:0: [sda] Write cache: enabled, read cache: enabled, doesn't support DPO or FUA
Oct 17 17:29:00 mpivet-p kernel: [    0.810376]  sda: sda1 sda2 sda3 sda4 sda5
Oct 17 17:29:00 mpivet-p kernel: [    0.810731] sd 0:0:0:0: [sda] Attached SCSI disk
Oct 17 17:29:00 mpivet-p kernel: [    0.849931] e1000 0000:00:03.0 eth0: (PCI:33MHz:32-bit) 08:00:27:58:98:69
Oct 17 17:29:00 mpivet-p kernel: [    0.850256] e1000 0000:00:03.0 eth0: Intel(R) PRO/1000 Network Connection
Oct 17 17:29:00 mpivet-p kernel: [    0.850557] e1000e: Intel(R) PRO/1000 Network Driver
Oct 17 17:29:00 mpivet-p kernel: [    0.850734] e1000e: Copyright(c) 1999 - 2015 Intel Corporation.
Oct 17 17:29:00 mpivet-p kernel: [    0.850734] sky2: driver version 1.30
Oct 17 17:29:00 mpivet-p kernel: [    0.850734] ehci_hcd: USB 2.0 'Enhanced' Host Controller (EHCI) Driver
Oct 17 17:29:00 mpivet-p kernel: [    0.850734] ehci-pci: EHCI PCI platform driver
Oct 17 17:29:00 mpivet-p kernel: [    0.852465] ehci-pci 0000:00:0b.0: EHCI Host Controller
Oct 17 17:29:00 mpivet-p kernel: [    0.852740] ehci-pci 0000:00:0b.0: new USB bus registered, assigned bus number 1
Oct 17 17:29:00 mpivet-p kernel: [    0.853799] ehci-pci 0000:00:0b.0: irq 19, io mem 0xf0805000
Oct 17 17:29:00 mpivet-p kernel: [    0.860822] ehci-pci 0000:00:0b.0: USB 2.0 started, EHCI 1.00
Oct 17 17:29:00 mpivet-p kernel: [    0.861127] usb usb1: New USB device found, idVendor=1d6b, idProduct=0002, bcdDevice= 5.15
Oct 17 17:29:00 mpivet-p kernel: [    0.861466] usb usb1: New USB device strings: Mfr=3, Product=2, SerialNumber=1
Oct 17 17:29:00 mpivet-p kernel: [    0.861767] usb usb1: Product: EHCI Host Controller
Oct 17 17:29:00 mpivet-p kernel: [    0.861799] usb usb1: Manufacturer: Linux 5.15.0-rc5-next-20211015 ehci_hcd
Oct 17 17:29:00 mpivet-p kernel: [    0.861799] usb usb1: SerialNumber: 0000:00:0b.0
Oct 17 17:29:00 mpivet-p kernel: [    0.861799] hub 1-0:1.0: USB hub found
Oct 17 17:29:00 mpivet-p kernel: [    0.861799] hub 1-0:1.0: 12 ports detected
Oct 17 17:29:00 mpivet-p kernel: [    0.861799] ohci_hcd: USB 1.1 'Open' Host Controller (OHCI) Driver
Oct 17 17:29:00 mpivet-p kernel: [    0.861799] ohci-pci: OHCI PCI platform driver
Oct 17 17:29:00 mpivet-p kernel: [    0.864251] ohci-pci 0000:00:06.0: OHCI PCI host controller
Oct 17 17:29:00 mpivet-p kernel: [    0.864589] ohci-pci 0000:00:06.0: new USB bus registered, assigned bus number 2
Oct 17 17:29:00 mpivet-p kernel: [    0.864726] ohci-pci 0000:00:06.0: irq 22, io mem 0xf0804000
Oct 17 17:29:00 mpivet-p kernel: [    0.917343] usb usb2: New USB device found, idVendor=1d6b, idProduct=0001, bcdDevice= 5.15
Oct 17 17:29:00 mpivet-p kernel: [    0.917674] usb usb2: New USB device strings: Mfr=3, Product=2, SerialNumber=1
Oct 17 17:29:00 mpivet-p kernel: [    0.917788] usb usb2: Product: OHCI PCI host controller
Oct 17 17:29:00 mpivet-p kernel: [    0.917788] usb usb2: Manufacturer: Linux 5.15.0-rc5-next-20211015 ohci_hcd
Oct 17 17:29:00 mpivet-p kernel: [    0.917788] usb usb2: SerialNumber: 0000:00:06.0
Oct 17 17:29:00 mpivet-p kernel: [    0.917788] hub 2-0:1.0: USB hub found
Oct 17 17:29:00 mpivet-p kernel: [    0.917788] hub 2-0:1.0: 12 ports detected
Oct 17 17:29:00 mpivet-p kernel: [    0.919823] uhci_hcd: USB Universal Host Controller Interface driver
Oct 17 17:29:00 mpivet-p kernel: [    0.920091] usbcore: registered new interface driver usblp
Oct 17 17:29:00 mpivet-p kernel: [    0.920314] usbcore: registered new interface driver usb-storage
Oct 17 17:29:00 mpivet-p kernel: [    0.920559] i8042: PNP: PS/2 Controller [PNP0303:PS2K,PNP0f03:PS2M] at 0x60,0x64 irq 1,12
Oct 17 17:29:00 mpivet-p kernel: [    0.921297] serio: i8042 KBD port at 0x60,0x64 irq 1
Oct 17 17:29:00 mpivet-p kernel: [    0.921500] serio: i8042 AUX port at 0x60,0x64 irq 12
Oct 17 17:29:00 mpivet-p kernel: [    0.922500] input: AT Translated Set 2 keyboard as /devices/platform/i8042/serio0/input/input3
Oct 17 17:29:00 mpivet-p kernel: [    0.923383] rtc_cmos rtc_cmos: registered as rtc0
Oct 17 17:29:00 mpivet-p kernel: [    0.923591] rtc_cmos rtc_cmos: alarms up to one day, 114 bytes nvram
Oct 17 17:29:00 mpivet-p kernel: [    0.923904] device-mapper: ioctl: 4.45.0-ioctl (2021-03-22) initialised: dm-devel@redhat.com
Oct 17 17:29:00 mpivet-p kernel: [    0.924031] intel_pstate: CPU model not supported
Oct 17 17:29:00 mpivet-p kernel: [    0.924031] hid: raw HID events driver (C) Jiri Kosina
Oct 17 17:29:00 mpivet-p kernel: [    0.925489] usbcore: registered new interface driver usbhid
Oct 17 17:29:00 mpivet-p kernel: [    0.925726] usbhid: USB HID core driver
Oct 17 17:29:00 mpivet-p kernel: [    0.926119] Initializing XFRM netlink socket
Oct 17 17:29:00 mpivet-p kernel: [    0.926374] NET: Registered PF_INET6 protocol family
Oct 17 17:29:00 mpivet-p kernel: [    0.926725] Segment Routing with IPv6
Oct 17 17:29:00 mpivet-p kernel: [    0.926725] In-situ OAM (IOAM) with IPv6
Oct 17 17:29:00 mpivet-p kernel: [    0.926725] sit: IPv6, IPv4 and MPLS over IPv4 tunneling driver
Oct 17 17:29:00 mpivet-p kernel: [    0.926725] NET: Registered PF_PACKET protocol family
Oct 17 17:29:00 mpivet-p kernel: [    0.926725] Key type dns_resolver registered
Oct 17 17:29:00 mpivet-p kernel: [    0.926725] IPI shorthand broadcast: enabled
Oct 17 17:29:00 mpivet-p kernel: [    0.926725] sched_clock: Marking stable (895317742, 30408253)->(926451114, -725119)
Oct 17 17:29:00 mpivet-p kernel: [    0.928686] registered taskstats version 1
Oct 17 17:29:00 mpivet-p kernel: [    0.928696] Loading compiled-in X.509 certificates
Oct 17 17:29:00 mpivet-p kernel: [    0.928793] cryptomgr_test (52) used greatest stack depth: 15648 bytes left
Oct 17 17:29:00 mpivet-p kernel: [    0.929517] PM:   Magic number: 9:818:487
Oct 17 17:29:00 mpivet-p kernel: [    0.929753] printk: console [netcon0] enabled
Oct 17 17:29:00 mpivet-p kernel: [    0.929954] netconsole: network logging started
Oct 17 17:29:00 mpivet-p kernel: [    0.930205] cfg80211: Loading compiled-in X.509 certificates for regulatory database
Oct 17 17:29:00 mpivet-p kernel: [    0.930628] kworker/u2:0 (74) used greatest stack depth: 14704 bytes left
Oct 17 17:29:00 mpivet-p kernel: [    0.931408] cfg80211: Loaded X.509 cert 'sforshee: 00b28ddf47aef9cea7'
Oct 17 17:29:00 mpivet-p kernel: [    0.931702] ALSA device list:
Oct 17 17:29:00 mpivet-p kernel: [    0.931896]   No soundcards found.
Oct 17 17:29:00 mpivet-p kernel: [    0.932118] platform regulatory.0: Direct firmware load for regulatory.db failed with error -2
Oct 17 17:29:00 mpivet-p kernel: [    0.932585] cfg80211: failed to load regulatory.db
Oct 17 17:29:00 mpivet-p kernel: [    1.067871] ata2: SATA link up 3.0 Gbps (SStatus 123 SControl 300)
Oct 17 17:29:00 mpivet-p kernel: [    1.073545] ata2.00: ATA-6: VBOX HARDDISK, 1.0, max UDMA/133
Oct 17 17:29:00 mpivet-p kernel: [    1.074056] ata2.00: 1024000 sectors, multi 128: LBA48 NCQ (depth 32)
Oct 17 17:29:00 mpivet-p kernel: [    1.074340] ata2.00: configured for UDMA/133
Oct 17 17:29:00 mpivet-p kernel: [    1.074490] scsi 1:0:0:0: Direct-Access     ATA      VBOX HARDDISK    1.0  PQ: 0 ANSI: 5
Oct 17 17:29:00 mpivet-p kernel: [    1.075076] sd 1:0:0:0: [sdb] 1024000 512-byte logical blocks: (524 MB/500 MiB)
Oct 17 17:29:00 mpivet-p kernel: [    1.075419] sd 1:0:0:0: [sdb] Write Protect is off
Oct 17 17:29:00 mpivet-p kernel: [    1.075649] sd 1:0:0:0: [sdb] Mode Sense: 00 3a 00 00
Oct 17 17:29:00 mpivet-p kernel: [    1.075691] sd 1:0:0:0: Attached scsi generic sg1 type 0
Oct 17 17:29:00 mpivet-p kernel: [    1.076038] sd 1:0:0:0: [sdb] Write cache: enabled, read cache: enabled, doesn't support DPO or FUA
Oct 17 17:29:00 mpivet-p kernel: [    1.095449]  sdb: sdb1
Oct 17 17:29:00 mpivet-p kernel: [    1.095789] sd 1:0:0:0: [sdb] Attached SCSI disk
Oct 17 17:29:00 mpivet-p kernel: [    1.119903] random: fast init done
Oct 17 17:29:00 mpivet-p kernel: [    1.120583] input: ImExPS/2 Generic Explorer Mouse as /devices/platform/i8042/serio1/input/input5
Oct 17 17:29:00 mpivet-p kernel: [    1.200557] usb 2-1: new full-speed USB device number 2 using ohci-pci
Oct 17 17:29:00 mpivet-p kernel: [    1.384245] ata3: SATA link down (SStatus 0 SControl 300)
Oct 17 17:29:00 mpivet-p kernel: [    1.384910] scsi 4:0:0:0: CD-ROM            VBOX     CD-ROM           1.0  PQ: 0 ANSI: 5
Oct 17 17:29:00 mpivet-p kernel: [    1.400643] sr 4:0:0:0: [sr0] scsi3-mmc drive: 32x/32x xa/form2 tray
Oct 17 17:29:00 mpivet-p kernel: [    1.401019] cdrom: Uniform CD-ROM driver Revision: 3.20
Oct 17 17:29:00 mpivet-p kernel: [    1.415714] sr 4:0:0:0: Attached scsi CD-ROM sr0
Oct 17 17:29:00 mpivet-p kernel: [    1.415907] sr 4:0:0:0: Attached scsi generic sg2 type 5
Oct 17 17:29:00 mpivet-p kernel: [    1.416796] md: Waiting for all devices to be available before autodetect
Oct 17 17:29:00 mpivet-p kernel: [    1.417087] md: If you don't use raid, use raid=noautodetect
Oct 17 17:29:00 mpivet-p kernel: [    1.417331] md: Autodetecting RAID arrays.
Oct 17 17:29:00 mpivet-p kernel: [    1.417368] md: autorun ...
Oct 17 17:29:00 mpivet-p kernel: [    1.417382] md: ... autorun DONE.
Oct 17 17:29:00 mpivet-p kernel: [    1.430897] usb 2-1: New USB device found, idVendor=80ee, idProduct=0021, bcdDevice= 1.00
Oct 17 17:29:00 mpivet-p kernel: [    1.431330] usb 2-1: New USB device strings: Mfr=1, Product=3, SerialNumber=0
Oct 17 17:29:00 mpivet-p kernel: [    1.431619] usb 2-1: Product: USB Tablet
Oct 17 17:29:00 mpivet-p kernel: [    1.431847] usb 2-1: Manufacturer: VirtualBox
Oct 17 17:29:00 mpivet-p kernel: [    1.436285] EXT4-fs (sda1): mounted filesystem with ordered data mode. Opts: (null). Quota mode: none.
Oct 17 17:29:00 mpivet-p kernel: [    1.436712] VFS: Mounted root (ext4 filesystem) readonly on device 8:1.
Oct 17 17:29:00 mpivet-p kernel: [    1.443877] input: VirtualBox USB Tablet as /devices/pci0000:00/0000:00:06.0/usb2/2-1/2-1:1.0/0003:80EE:0021.0001/input/input6
Oct 17 17:29:00 mpivet-p kernel: [    1.444360] hid-generic 0003:80EE:0021.0001: input,hidraw0: USB HID v1.10 Mouse [VirtualBox USB Tablet] on usb-0000:00:06.0-1/input0
Oct 17 17:29:00 mpivet-p kernel: [    1.444758] devtmpfs: mounted
Oct 17 17:29:00 mpivet-p kernel: [    1.445141] Freeing unused kernel image (initmem) memory: 1368K
Oct 17 17:29:00 mpivet-p kernel: [    1.445405] Write protecting the kernel read-only data: 20480k
Oct 17 17:29:00 mpivet-p kernel: [    1.445979] Freeing unused kernel image (text/rodata gap) memory: 2032K
Oct 17 17:29:00 mpivet-p kernel: [    1.446346] Freeing unused kernel image (rodata/data gap) memory: 404K
Oct 17 17:29:00 mpivet-p kernel: [    1.446616] Run /sbin/init as init process
Oct 17 17:29:00 mpivet-p kernel: [    1.446812]   with arguments:
Oct 17 17:29:00 mpivet-p kernel: [    1.446813]     /sbin/init
Oct 17 17:29:00 mpivet-p kernel: [    1.446814]   with environment:
Oct 17 17:29:00 mpivet-p kernel: [    1.446814]     HOME=/
Oct 17 17:29:00 mpivet-p kernel: [    1.446814]     TERM=linux
Oct 17 17:29:00 mpivet-p kernel: [    1.446815]     BOOT_IMAGE=/vmlinuz-linux-next
Oct 17 17:29:00 mpivet-p kernel: [    1.629633] stty (85) used greatest stack depth: 13544 bytes left
Oct 17 17:29:00 mpivet-p kernel: [    1.892536] ip (144) used greatest stack depth: 12392 bytes left
Oct 17 17:29:00 mpivet-p kernel: <30>[    1.950716] udevd[174]: starting version 3.2.5
Oct 17 17:29:00 mpivet-p kernel: [    2.030989] random: udevd: uninitialized urandom read (16 bytes read)
Oct 17 17:29:00 mpivet-p kernel: [    2.033086] random: udevd: uninitialized urandom read (16 bytes read)
Oct 17 17:29:00 mpivet-p kernel: [    2.034813] random: udevd: uninitialized urandom read (16 bytes read)
Oct 17 17:29:00 mpivet-p kernel: <30>[    2.089918] udevd[175]: starting eudev-3.2.5
Oct 17 17:29:00 mpivet-p kernel: [    2.191497] e1000 0000:00:03.0 enp0s3: renamed from eth0
Oct 17 17:29:00 mpivet-p kernel: [    2.397796] random: crng init done
Oct 17 17:29:00 mpivet-p kernel: [    2.398002] random: 3 urandom warning(s) missed due to ratelimiting
Oct 17 17:29:00 mpivet-p kernel: [    2.447025] tsc: Refined TSC clocksource calibration: 2893.407 MHz
Oct 17 17:29:00 mpivet-p kernel: [    2.447341] clocksource: tsc: mask: 0xffffffffffffffff max_cycles: 0x29b4eef41a6, max_idle_ns: 440795231367 ns
Oct 17 17:29:00 mpivet-p kernel: [    2.447764] clocksource: Switched to clocksource tsc
Oct 17 17:29:00 mpivet-p kernel: [    2.738331] Adding 1048572k swap on /dev/sda3.  Priority:1 extents:1 across:1048572k 
Oct 17 17:29:00 mpivet-p kernel: [    2.756234] EXT4-fs (sda1): re-mounted. Opts: (null). Quota mode: none.
Oct 17 17:29:00 mpivet-p kernel: [    2.835743] EXT4-fs (sda1): re-mounted. Opts: (null). Quota mode: none.
Oct 17 17:29:00 mpivet-p kernel: [    3.545189] hrtimer: interrupt took 5357429 ns
Oct 17 17:29:00 mpivet-p kernel: [    3.895030] e1000: enp0s3 NIC Link is Up 1000 Mbps Full Duplex, Flow Control: RX
Oct 17 17:29:00 mpivet-p kernel: [    3.895786] IPv6: ADDRCONF(NETDEV_CHANGE): enp0s3: link becomes ready
